******************************************************************************
                  TI ARM Linker Unix v18.1.3                   
******************************************************************************
>> Linked Fri Dec  7 16:24:35 2018

OUTPUT FILE NAME:   <SuperMarioMelody.out>
ENTRY POINT SYMBOL: "_c_int00_noargs"  address: 00002b1d


MEMORY CONFIGURATION

         name            origin    length      used     unused   attr    fill
----------------------  --------  ---------  --------  --------  ----  --------
  FLASH                 00000000   00020000  00003126  0001ceda  R  X
  SRAM                  20000000   00008000  0000073a  000078c6  RW X


SEGMENT ALLOCATION MAP

run origin  load origin   length   init length attrs members
----------  ----------- ---------- ----------- ----- -------
00000000    00000000    00003128   00003128    r-x
  00000000    00000000    0000026c   0000026c    r-- .intvecs
  0000026c    0000026c    00002be2   00002be2    r-x .text
  00002e50    00002e50    00000200   00000200    r-- .const
  00003050    00003050    000000d8   000000d8    r-- .cinit
20000000    20000000    0000073c   00000000    rw-
  20000000    20000000    0000026c   00000000    rw- .vtable
  2000026c    2000026c    0000024a   00000000    rw- .data
  200004b8    200004b8    00000200   00000000    rw- .stack
  200006b8    200006b8    00000084   00000000    rw- .bss


SECTION ALLOCATION MAP

 output                                  attributes/
section   page    origin      length       input sections
--------  ----  ----------  ----------   ----------------
.intvecs   0    00000000    0000026c     
                  00000000    0000026c     tm4c123ge6pm_startup_ccs.obj (.intvecs)

.text      0    0000026c    00002be2     
                  0000026c    00000a5e     rtsv7M4_T_le_v4SPD16_eabi.lib : _printfi.c.obj (.text:__TI_printfi)
                  00000cca    00000002                                   : div0.asm.obj (.text)
                  00000ccc    000003d0     Util.lib : launchpad.obj (.text)
                  0000109c    00000270     rtsv7M4_T_le_v4SPD16_eabi.lib : _printfi.c.obj (.text:_pconv_a)
                  0000130c    000001d0                                   : _printfi.c.obj (.text:_pconv_g)
                  000014dc    000001b6                                   : fd_add_t2.asm.obj (.text)
                  00001692    00000002     --HOLE-- [fill = 0]
                  00001694    0000015c     main.obj (.text)
                  000017f0    0000013c     rtsv7M4_T_le_v4SPD16_eabi.lib : _printfi.c.obj (.text:_pconv_e)
                  0000192c    00000136                                   : fd_div_t2.asm.obj (.text)
                  00001a62    00000132     driverlib.lib : gpio.obj (.text:GPIOPadConfigSet)
                  00001b94    00000120     rtsv7M4_T_le_v4SPD16_eabi.lib : _printfi.c.obj (.text:fcvt)
                  00001cb4    00000110     driverlib.lib : sysctl.obj (.text:SysCtlClockGet)
                  00001dc4    00000110     rtsv7M4_T_le_v4SPD16_eabi.lib : s_scalbn.c.obj (.text:scalbn)
                  00001ed4    000000fc                                   : fd_mul_t2.asm.obj (.text)
                  00001fd0    000000f4     driverlib.lib : sysctl.obj (.text:SysCtlClockSet)
                  000020c4    000000c4     Util.lib : uart.obj (.text)
                  00002188    000000b1     rtsv7M4_T_le_v4SPD16_eabi.lib : _printfi.c.obj (.text:_ltostr)
                  00002239    00000003     --HOLE-- [fill = 0]
                  0000223c    0000009c     Util.lib : led.obj (.text)
                  000022d8    0000009c     rtsv7M4_T_le_v4SPD16_eabi.lib : memcpy_t2.asm.obj (.text)
                  00002374    00000096                                   : ull_div_t2.asm.obj (.text)
                  0000240a    00000002     --HOLE-- [fill = 0]
                  0000240c    0000008c     Util.lib : pushbutton.obj (.text)
                  00002498    00000086     rtsv7M4_T_le_v4SPD16_eabi.lib : fd_cmp_t2.asm.obj (.text:__aeabi_cdcmple)
                  0000251e    00000086                                   : fd_cmp_t2.asm.obj (.text:__aeabi_cdrcmple)
                  000025a4    00000080     pwmbuzzer.obj (.text)
                  00002624    0000007a     rtsv7M4_T_le_v4SPD16_eabi.lib : memset_t2.asm.obj (.text)
                  0000269e    0000006e                                   : _printfi.c.obj (.text:_mcpy)
                  0000270c    00000068                                   : copy_decompress_lzss.c.obj (.text:decompress:lzss:__TI_decompress_lzss)
                  00002774    00000064                                   : s_frexp.c.obj (.text:frexp)
                  000027d8    00000060     driverlib.lib : timer.obj (.text:TimerConfigure)
                  00002838    00000056     rtsv7M4_T_le_v4SPD16_eabi.lib : _printfi.c.obj (.text:_pconv_f)
                  0000288e    00000054                                   : ltoa.c.obj (.text:ltoa)
                  000028e2    00000052                                   : _printfi.c.obj (.text:_ecpy)
                  00002934    0000004c                                   : atoi.c.obj (.text:atoi)
                  00002980    00000048     driverlib.lib : gpio.obj (.text:GPIOPinConfigure)
                  000029c8    00000048     rtsv7M4_T_le_v4SPD16_eabi.lib : fd_toi_t2.asm.obj (.text)
                  00002a10    00000046     driverlib.lib : uart.obj (.text:UARTConfigSetExpClk)
                  00002a56    00000002     --HOLE-- [fill = 0]
                  00002a58    00000044     rtsv7M4_T_le_v4SPD16_eabi.lib : autoinit.c.obj (.text:__TI_auto_init_nobinit_nopinit:__TI_auto_init_nobinit_nopinit)
                  00002a9c    00000040                                   : vsnprintf.c.obj (.text:vsnprintf)
                  00002adc    0000003e                                   : _printfi.c.obj (.text:_fcpy)
                  00002b1a    00000002     --HOLE-- [fill = 0]
                  00002b1c    00000038                                   : boot_cortex_m.c.obj (.text:_c_int00_noargs:_c_int00_noargs)
                  00002b54    00000034     driverlib.lib : interrupt.obj (.text:IntRegister)
                  00002b88    00000034                   : sysctl.obj (.text:SysCtlPeripheralEnable)
                  00002bbc    00000030     rtsv7M4_T_le_v4SPD16_eabi.lib : vsnprintf.c.obj (.text:_outs)
                  00002bec    0000002e                                   : i_tofd_t2.asm.obj (.text)
                  00002c1a    0000002a     driverlib.lib : gpio.obj (.text:GPIODirModeSet)
                  00002c44    00000020                   : uart.obj (.text:UARTDisable)
                  00002c64    0000001c                   : systick.obj (.text:SysTickIntRegister)
                  00002c80    0000001c     rtsv7M4_T_le_v4SPD16_eabi.lib : memccpy.c.obj (.text:memccpy)
                  00002c9c    00000018     driverlib.lib : gpio.obj (.text:GPIOPinTypeGPIOOutput)
                  00002cb4    00000018                   : timer.obj (.text:TimerControlLevel)
                  00002ccc    00000018     rtsv7M4_T_le_v4SPD16_eabi.lib : vsnprintf.c.obj (.text:_outc)
                  00002ce4    00000016                                   : strchr.c.obj (.text:strchr)
                  00002cfa    00000002     --HOLE-- [fill = 0]
                  00002cfc    00000014     driverlib.lib : systick.obj (.text:SysTickEnable)
                  00002d10    00000014                   : systick.obj (.text:SysTickIntEnable)
                  00002d24    00000014                   : uart.obj (.text:UARTEnable)
                  00002d38    00000014     rtsv7M4_T_le_v4SPD16_eabi.lib : s_copysign.c.obj (.text:copysign)
                  00002d4c    00000014                                   : strlen.c.obj (.text:strlen)
                  00002d60    00000012     driverlib.lib : gpio.obj (.text:GPIOPinTypeGPIOInput)
                  00002d72    00000012                   : gpio.obj (.text:GPIOPinTypeTimer)
                  00002d84    00000012                   : gpio.obj (.text:GPIOPinTypeUART)
                  00002d96    00000012                   : timer.obj (.text:TimerLoadSet)
                  00002da8    00000012                   : timer.obj (.text:TimerMatchSet)
                  00002dba    00000012     rtsv7M4_T_le_v4SPD16_eabi.lib : copy_zero_init.c.obj (.text:decompress:ZI:__TI_zero_init_nomemset:__TI_zero_init_nomemset)
                  00002dcc    00000012                                   : wcslen.c.obj (.text:wcslen)
                  00002dde    00000002     --HOLE-- [fill = 0]
                  00002de0    00000010     driverlib.lib : systick.obj (.text:SysTickPeriodSet)
                  00002df0    0000000e                   : timer.obj (.text:TimerEnable)
                  00002dfe    0000000e     rtsv7M4_T_le_v4SPD16_eabi.lib : copy_decompress_none.c.obj (.text:decompress:none:__TI_decompress_none)
                  00002e0c    0000000c     tm4c123ge6pm_startup_ccs.obj (.text)
                  00002e18    0000000a     driverlib.lib : uart.obj (.text:UARTCharGet)
                  00002e22    0000000a                   : uart.obj (.text:UARTCharPut)
                  00002e2c    00000008     rtsv7M4_T_le_v4SPD16_eabi.lib : errno.c.obj (.text:__aeabi_errno_addr)
                  00002e34    00000006     driverlib.lib : gpio.obj (.text:GPIOPinRead)
                  00002e3a    00000006                   : gpio.obj (.text:GPIOPinWrite)
                  00002e40    00000006                   : sysctl.obj (.text:SysCtlDelay)
                  00002e46    00000004     rtsv7M4_T_le_v4SPD16_eabi.lib : pre_init.c.obj (.text:_system_pre_init)
                  00002e4a    00000004                                   : exit.c.obj (.text:abort:abort)

.const     0    00002e50    00000200     
                  00002e50    00000101     rtsv7M4_T_le_v4SPD16_eabi.lib : ctype.c.obj (.const:.string:_ctypes_)
                  00002f51    00000003     --HOLE-- [fill = 0]
                  00002f54    00000090     driverlib.lib : gpio.obj (.const:g_pui32GPIOBaseAddrs)
                  00002fe4    0000006c                   : sysctl.obj (.const:g_pui32Xtals)

.cinit     0    00003050    000000d8     
                  00003050    000000a0     (.cinit..data.load) [load image, compression = lzss]
                  000030f0    0000000c     (__TI_handler_table)
                  000030fc    00000004     --HOLE-- [fill = 0]
                  00003100    00000008     (.cinit..bss.load) [load image, compression = zero_init]
                  00003108    00000008     (.cinit..vtable.load) [load image, compression = zero_init]
                  00003110    00000018     (__TI_cinit_table)

.init_array 
*          0    00000000    00000000     UNINITIALIZED

.vtable    0    20000000    0000026c     UNINITIALIZED
                  20000000    0000026c     driverlib.lib : interrupt.obj (.vtable)

.data      0    2000026c    0000024a     UNINITIALIZED
                  2000026c    00000118     main.obj (.data:melody)
                  20000384    00000118     main.obj (.data:melody_PW)
                  2000049c    0000000c     main.obj (.data)
                  200004a8    00000008     Util.lib : launchpad.obj (.data)
                  200004b0    00000004     rtsv7M4_T_le_v4SPD16_eabi.lib : errno.c.obj (.data)
                  200004b4    00000001     Util.lib : led.obj (.data)
                  200004b5    00000001              : pushbutton.obj (.data)

.bss       0    200006b8    00000084     UNINITIALIZED
                  200006b8    00000080     Util.lib : launchpad.obj (.bss:callbackHeap)
                  20000738    00000004              : launchpad.obj (.bss)

.stack     0    200004b8    00000200     UNINITIALIZED
                  200004b8    00000004     rtsv7M4_T_le_v4SPD16_eabi.lib : boot_cortex_m.c.obj (.stack)
                  200004bc    000001fc     --HOLE--

MODULE SUMMARY

       Module                         code    ro data   rw data
       ------                         ----    -------   -------
    ./
       main.obj                       348     0         572    
       tm4c123ge6pm_startup_ccs.obj   12      620       0      
       pwmbuzzer.obj                  128     0         0      
    +--+------------------------------+-------+---------+---------+
       Total:                         488     620       572    
                                                               
    /Applications/ti/TivaWare_C_Series-2.1.4.178/driverlib/ccs/Debug/driverlib.lib
       sysctl.obj                     574     108       0      
       interrupt.obj                  52      0         620    
       gpio.obj                       510     144       0      
       timer.obj                      170     0         0      
       uart.obj                       142     0         0      
       systick.obj                    84      0         0      
    +--+------------------------------+-------+---------+---------+
       Total:                         1532    252       620    
                                                               
    /Applications/ti/ccsv8/tools/compiler/ti-cgt-arm_18.1.3.LTS/lib/rtsv7M4_T_le_v4SPD16_eabi.lib
       _printfi.c.obj                 4863    0         0      
       fd_add_t2.asm.obj              438     0         0      
       fd_div_t2.asm.obj              310     0         0      
       s_scalbn.c.obj                 272     0         0      
       fd_cmp_t2.asm.obj              268     0         0      
       ctype.c.obj                    0       257       0      
       fd_mul_t2.asm.obj              252     0         0      
       memcpy_t2.asm.obj              156     0         0      
       ull_div_t2.asm.obj             150     0         0      
       vsnprintf.c.obj                136     0         0      
       memset_t2.asm.obj              122     0         0      
       copy_decompress_lzss.c.obj     104     0         0      
       s_frexp.c.obj                  100     0         0      
       ltoa.c.obj                     84      0         0      
       atoi.c.obj                     76      0         0      
       fd_toi_t2.asm.obj              72      0         0      
       autoinit.c.obj                 68      0         0      
       boot_cortex_m.c.obj            56      0         0      
       i_tofd_t2.asm.obj              46      0         0      
       memccpy.c.obj                  28      0         0      
       strchr.c.obj                   22      0         0      
       s_copysign.c.obj               20      0         0      
       strlen.c.obj                   20      0         0      
       copy_zero_init.c.obj           18      0         0      
       wcslen.c.obj                   18      0         0      
       copy_decompress_none.c.obj     14      0         0      
       errno.c.obj                    8       0         4      
       exit.c.obj                     4       0         0      
       pre_init.c.obj                 4       0         0      
       div0.asm.obj                   2       0         0      
    +--+------------------------------+-------+---------+---------+
       Total:                         7731    257       4      
                                                               
    /Users/chuangyizhang/Desktop/ECE 266/Util/Debug/Util.lib
       launchpad.obj                  976     0         140    
       uart.obj                       196     0         0      
       led.obj                        156     0         1      
       pushbutton.obj                 140     0         1      
    +--+------------------------------+-------+---------+---------+
       Total:                         1468    0         142    
                                                               
       Stack:                         0       0         512    
       Linker Generated:              0       212       0      
    +--+------------------------------+-------+---------+---------+
       Grand Total:                   11219   1341      1850   


LINKER GENERATED COPY TABLES

__TI_cinit_table @ 00003110 records: 3, size/record: 8, table size: 24
	.data: load addr=00003050, load size=000000a0 bytes, run addr=2000026c, run size=0000024a bytes, compression=lzss
	.bss: load addr=00003100, load size=00000008 bytes, run addr=200006b8, run size=00000084 bytes, compression=zero_init
	.vtable: load addr=00003108, load size=00000008 bytes, run addr=20000000, run size=0000026c bytes, compression=zero_init


LINKER GENERATED HANDLER TABLE

__TI_handler_table @ 000030f0 records: 3, size/record: 4, table size: 12
	index: 0, handler: __TI_zero_init
	index: 1, handler: __TI_decompress_lzss
	index: 2, handler: __TI_decompress_none


GLOBAL SYMBOLS: SORTED ALPHABETICALLY BY Name 

address   name                          
-------   ----                          
00002e4b  C$$EXIT                       
00002c1b  GPIODirModeSet                
00001a63  GPIOPadConfigSet              
00002981  GPIOPinConfigure              
00002e35  GPIOPinRead                   
00002d61  GPIOPinTypeGPIOInput          
00002c9d  GPIOPinTypeGPIOOutput         
00002d73  GPIOPinTypeTimer              
00002d85  GPIOPinTypeUART               
00002e3b  GPIOPinWrite                  
00002b55  IntRegister                   
2000049c  PlayMusic                     
00002e0d  ResetISR                      
00001cb5  SysCtlClockGet                
00001fd1  SysCtlClockSet                
00002e41  SysCtlDelay                   
00002b89  SysCtlPeripheralEnable        
00002cfd  SysTickEnable                 
00002d11  SysTickIntEnable              
00002c65  SysTickIntRegister            
00002de1  SysTickPeriodSet              
000027d9  TimerConfigure                
00002cb5  TimerControlLevel             
00002df1  TimerEnable                   
00002d97  TimerLoadSet                  
00002da9  TimerMatchSet                 
00002e19  UARTCharGet                   
00002e23  UARTCharPut                   
00002a11  UARTConfigSetExpClk           
00002c45  UARTDisable                   
00002d25  UARTEnable                    
200006b8  __STACK_END                   
00000200  __STACK_SIZE                  
200006b8  __STACK_TOP                   
00003110  __TI_CINIT_Base               
00003128  __TI_CINIT_Limit              
000030f0  __TI_Handler_Table_Base       
000030fc  __TI_Handler_Table_Limit      
00002a59  __TI_auto_init_nobinit_nopinit
0000270d  __TI_decompress_lzss          
00002dff  __TI_decompress_none          
ffffffff  __TI_pprof_out_hndl           
0000026d  __TI_printfi                  
ffffffff  __TI_prof_data_size           
ffffffff  __TI_prof_data_start          
00000000  __TI_static_base__            
00002dbb  __TI_zero_init_nomemset       
00002499  __aeabi_cdcmpeq               
00002499  __aeabi_cdcmple               
0000251f  __aeabi_cdrcmple              
000029c9  __aeabi_d2iz                  
000014e7  __aeabi_dadd                  
0000192d  __aeabi_ddiv                  
00001ed5  __aeabi_dmul                  
000014dd  __aeabi_dsub                  
00002e2d  __aeabi_errno_addr            
00002bed  __aeabi_i2d                   
00000ccb  __aeabi_idiv0                 
00000ccb  __aeabi_ldiv0                 
00002625  __aeabi_memclr                
00002625  __aeabi_memclr4               
00002625  __aeabi_memclr8               
000022d9  __aeabi_memcpy                
000022d9  __aeabi_memcpy4               
000022d9  __aeabi_memcpy8               
00002627  __aeabi_memset                
00002627  __aeabi_memset4               
00002627  __aeabi_memset8               
00002375  __aeabi_uldivmod              
ffffffff  __binit__                     
ffffffff  __c_args__                    
UNDEFED   __mpu_init                    
200004b8  __stack                       
00002b1d  _c_int00_noargs               
00002e50  _ctypes_                      
UNDEFED   _system_post_cinit            
00002e47  _system_pre_init              
00002e4b  abort                         
00002935  atoi                          
ffffffff  binit                         
000016e5  buzzerPlay                    
000025f1  buzzerPwmSet                  
00001695  checkPushButton               
00002d39  copysign                      
00002d39  copysignl                     
200004b0  errno                         
00002775  frexp                         
00002775  frexpl                        
20000000  g_pfnRAMVectors               
00000000  g_pfnVectors                  
00001dc5  ldexp                         
00001dc5  ldexpl                        
0000225f  ledInit                       
0000223d  ledInitForced                 
00002273  ledTurnOnOff                  
00000fd7  lpInit                        
0000288f  ltoa                          
0000173f  main                          
00002c81  memccpy                       
000022d9  memcpy                        
0000262d  memset                        
00002441  pbInit                        
0000240d  pbInitForced                  
00002455  pbRead                        
000025a5  pwmbuzzerInit                 
00001dc5  scalbn                        
00001dc5  scalbnl                       
00000dfb  schdCallback                  
00000e75  schdExecute                   
00002ce5  strchr                        
00002d4d  strlen                        
00000d5f  sysTimeGet                    
00000d65  sysTimeReached                
00000d8b  sysTimeWait                   
00000daf  sysTimeWaitAbsolute           
00002111  uartGetChar                   
000020c5  uartInit                      
000020ff  uartPutChar                   
00002123  uartPutString                 
0000214f  uprintf                       
00002a9d  vsnprintf                     
00000f79  waitMs                        
00000fa9  waitUs                        
00002dcd  wcslen                        


GLOBAL SYMBOLS: SORTED BY Symbol Address 

address   name                          
-------   ----                          
00000000  __TI_static_base__            
00000000  g_pfnVectors                  
00000200  __STACK_SIZE                  
0000026d  __TI_printfi                  
00000ccb  __aeabi_idiv0                 
00000ccb  __aeabi_ldiv0                 
00000d5f  sysTimeGet                    
00000d65  sysTimeReached                
00000d8b  sysTimeWait                   
00000daf  sysTimeWaitAbsolute           
00000dfb  schdCallback                  
00000e75  schdExecute                   
00000f79  waitMs                        
00000fa9  waitUs                        
00000fd7  lpInit                        
000014dd  __aeabi_dsub                  
000014e7  __aeabi_dadd                  
00001695  checkPushButton               
000016e5  buzzerPlay                    
0000173f  main                          
0000192d  __aeabi_ddiv                  
00001a63  GPIOPadConfigSet              
00001cb5  SysCtlClockGet                
00001dc5  ldexp                         
00001dc5  ldexpl                        
00001dc5  scalbn                        
00001dc5  scalbnl                       
00001ed5  __aeabi_dmul                  
00001fd1  SysCtlClockSet                
000020c5  uartInit                      
000020ff  uartPutChar                   
00002111  uartGetChar                   
00002123  uartPutString                 
0000214f  uprintf                       
0000223d  ledInitForced                 
0000225f  ledInit                       
00002273  ledTurnOnOff                  
000022d9  __aeabi_memcpy                
000022d9  __aeabi_memcpy4               
000022d9  __aeabi_memcpy8               
000022d9  memcpy                        
00002375  __aeabi_uldivmod              
0000240d  pbInitForced                  
00002441  pbInit                        
00002455  pbRead                        
00002499  __aeabi_cdcmpeq               
00002499  __aeabi_cdcmple               
0000251f  __aeabi_cdrcmple              
000025a5  pwmbuzzerInit                 
000025f1  buzzerPwmSet                  
00002625  __aeabi_memclr                
00002625  __aeabi_memclr4               
00002625  __aeabi_memclr8               
00002627  __aeabi_memset                
00002627  __aeabi_memset4               
00002627  __aeabi_memset8               
0000262d  memset                        
0000270d  __TI_decompress_lzss          
00002775  frexp                         
00002775  frexpl                        
000027d9  TimerConfigure                
0000288f  ltoa                          
00002935  atoi                          
00002981  GPIOPinConfigure              
000029c9  __aeabi_d2iz                  
00002a11  UARTConfigSetExpClk           
00002a59  __TI_auto_init_nobinit_nopinit
00002a9d  vsnprintf                     
00002b1d  _c_int00_noargs               
00002b55  IntRegister                   
00002b89  SysCtlPeripheralEnable        
00002bed  __aeabi_i2d                   
00002c1b  GPIODirModeSet                
00002c45  UARTDisable                   
00002c65  SysTickIntRegister            
00002c81  memccpy                       
00002c9d  GPIOPinTypeGPIOOutput         
00002cb5  TimerControlLevel             
00002ce5  strchr                        
00002cfd  SysTickEnable                 
00002d11  SysTickIntEnable              
00002d25  UARTEnable                    
00002d39  copysign                      
00002d39  copysignl                     
00002d4d  strlen                        
00002d61  GPIOPinTypeGPIOInput          
00002d73  GPIOPinTypeTimer              
00002d85  GPIOPinTypeUART               
00002d97  TimerLoadSet                  
00002da9  TimerMatchSet                 
00002dbb  __TI_zero_init_nomemset       
00002dcd  wcslen                        
00002de1  SysTickPeriodSet              
00002df1  TimerEnable                   
00002dff  __TI_decompress_none          
00002e0d  ResetISR                      
00002e19  UARTCharGet                   
00002e23  UARTCharPut                   
00002e2d  __aeabi_errno_addr            
00002e35  GPIOPinRead                   
00002e3b  GPIOPinWrite                  
00002e41  SysCtlDelay                   
00002e47  _system_pre_init              
00002e4b  C$$EXIT                       
00002e4b  abort                         
00002e50  _ctypes_                      
000030f0  __TI_Handler_Table_Base       
000030fc  __TI_Handler_Table_Limit      
00003110  __TI_CINIT_Base               
00003128  __TI_CINIT_Limit              
20000000  g_pfnRAMVectors               
2000049c  PlayMusic                     
200004b0  errno                         
200004b8  __stack                       
200006b8  __STACK_END                   
200006b8  __STACK_TOP                   
ffffffff  __TI_pprof_out_hndl           
ffffffff  __TI_prof_data_size           
ffffffff  __TI_prof_data_start          
ffffffff  __binit__                     
ffffffff  __c_args__                    
ffffffff  binit                         
UNDEFED   __mpu_init                    
UNDEFED   _system_post_cinit            

[124 symbols]
