<?xml version="1.0" encoding="ISO-8859-1" ?>
<link_info>
   <banner>TI ARM Linker Unix v18.1.3.LTS</banner>
   <copyright>Copyright (c) 1996-2017 Texas Instruments Incorporated</copyright>
   <link_time>0x5bfcf3ec</link_time>
   <link_errors>0x0</link_errors>
   <output_file>Lab3.out</output_file>
   <entry_point>
      <name>_c_int00_noargs</name>
      <address>0x2c99</address>
   </entry_point>
   <input_file_list>
      <input_file id="fl-1">
         <path>./</path>
         <kind>object</kind>
         <file>main.obj</file>
         <name>main.obj</name>
      </input_file>
      <input_file id="fl-2">
         <path>./</path>
         <kind>object</kind>
         <file>seg7.obj</file>
         <name>seg7.obj</name>
      </input_file>
      <input_file id="fl-3">
         <path>./</path>
         <kind>object</kind>
         <file>sig7digit.obj</file>
         <name>sig7digit.obj</name>
      </input_file>
      <input_file id="fl-4">
         <path>./</path>
         <kind>object</kind>
         <file>sw-increment.obj</file>
         <name>sw-increment.obj</name>
      </input_file>
      <input_file id="fl-5">
         <path>./</path>
         <kind>object</kind>
         <file>tm4c123ge6pm_startup_ccs.obj</file>
         <name>tm4c123ge6pm_startup_ccs.obj</name>
      </input_file>
      <input_file id="fl-b">
         <kind>object</kind>
         <file>&lt;internal&gt;</file>
         <name>&lt;internal&gt;</name>
      </input_file>
      <input_file id="fl-c1">
         <path>/Applications/ti/ccsv8/tools/compiler/ti-cgt-arm_18.1.3.LTS/lib/</path>
         <kind>archive</kind>
         <file>rtsv7M4_T_le_v4SPD16_eabi.lib</file>
         <name>copy_zero_init.c.obj</name>
      </input_file>
      <input_file id="fl-c2">
         <path>/Applications/ti/ccsv8/tools/compiler/ti-cgt-arm_18.1.3.LTS/lib/</path>
         <kind>archive</kind>
         <file>rtsv7M4_T_le_v4SPD16_eabi.lib</file>
         <name>copy_decompress_none.c.obj</name>
      </input_file>
      <input_file id="fl-c3">
         <path>/Applications/ti/ccsv8/tools/compiler/ti-cgt-arm_18.1.3.LTS/lib/</path>
         <kind>archive</kind>
         <file>rtsv7M4_T_le_v4SPD16_eabi.lib</file>
         <name>copy_decompress_lzss.c.obj</name>
      </input_file>
      <input_file id="fl-c4">
         <path>/Applications/ti/ccsv8/tools/compiler/ti-cgt-arm_18.1.3.LTS/lib/</path>
         <kind>archive</kind>
         <file>rtsv7M4_T_le_v4SPD16_eabi.lib</file>
         <name>boot_cortex_m.c.obj</name>
      </input_file>
      <input_file id="fl-c5">
         <path>/Applications/ti/ccsv8/tools/compiler/ti-cgt-arm_18.1.3.LTS/lib/</path>
         <kind>archive</kind>
         <file>rtsv7M4_T_le_v4SPD16_eabi.lib</file>
         <name>memset_t2.asm.obj</name>
      </input_file>
      <input_file id="fl-c6">
         <path>/Applications/ti/ccsv8/tools/compiler/ti-cgt-arm_18.1.3.LTS/lib/</path>
         <kind>archive</kind>
         <file>rtsv7M4_T_le_v4SPD16_eabi.lib</file>
         <name>memcpy_t2.asm.obj</name>
      </input_file>
      <input_file id="fl-c7">
         <path>/Applications/ti/ccsv8/tools/compiler/ti-cgt-arm_18.1.3.LTS/lib/</path>
         <kind>archive</kind>
         <file>rtsv7M4_T_le_v4SPD16_eabi.lib</file>
         <name>autoinit.c.obj</name>
      </input_file>
      <input_file id="fl-c8">
         <path>/Applications/ti/ccsv8/tools/compiler/ti-cgt-arm_18.1.3.LTS/lib/</path>
         <kind>archive</kind>
         <file>rtsv7M4_T_le_v4SPD16_eabi.lib</file>
         <name>pre_init.c.obj</name>
      </input_file>
      <input_file id="fl-c9">
         <path>/Applications/ti/ccsv8/tools/compiler/ti-cgt-arm_18.1.3.LTS/lib/</path>
         <kind>archive</kind>
         <file>rtsv7M4_T_le_v4SPD16_eabi.lib</file>
         <name>cpy_tbl.c.obj</name>
      </input_file>
      <input_file id="fl-ca">
         <path>/Applications/ti/ccsv8/tools/compiler/ti-cgt-arm_18.1.3.LTS/lib/</path>
         <kind>archive</kind>
         <file>rtsv7M4_T_le_v4SPD16_eabi.lib</file>
         <name>exit.c.obj</name>
      </input_file>
      <input_file id="fl-cb">
         <path>/Applications/ti/ccsv8/tools/compiler/ti-cgt-arm_18.1.3.LTS/lib/</path>
         <kind>archive</kind>
         <file>rtsv7M4_T_le_v4SPD16_eabi.lib</file>
         <name>_lock.c.obj</name>
      </input_file>
      <input_file id="fl-cc">
         <path>/Applications/ti/ccsv8/tools/compiler/ti-cgt-arm_18.1.3.LTS/lib/</path>
         <kind>archive</kind>
         <file>rtsv7M4_T_le_v4SPD16_eabi.lib</file>
         <name>args_main.c.obj</name>
      </input_file>
      <input_file id="fl-cd">
         <path>/Users/chuangyizhang/Desktop/ECE 266/Util/Debug/</path>
         <kind>archive</kind>
         <file>Util.lib</file>
         <name>launchpad.obj</name>
      </input_file>
      <input_file id="fl-ce">
         <path>/Users/chuangyizhang/Desktop/ECE 266/Util/Debug/</path>
         <kind>archive</kind>
         <file>Util.lib</file>
         <name>led.obj</name>
      </input_file>
      <input_file id="fl-cf">
         <path>/Users/chuangyizhang/Desktop/ECE 266/Util/Debug/</path>
         <kind>archive</kind>
         <file>Util.lib</file>
         <name>pushbutton.obj</name>
      </input_file>
      <input_file id="fl-d0">
         <path>/Users/chuangyizhang/Desktop/ECE 266/Util/Debug/</path>
         <kind>archive</kind>
         <file>Util.lib</file>
         <name>uart.obj</name>
      </input_file>
      <input_file id="fl-d1">
         <path>/Applications/ti/TivaWare_C_Series-2.1.4.178/driverlib/ccs/Debug/</path>
         <kind>archive</kind>
         <file>driverlib.lib</file>
         <name>gpio.obj</name>
      </input_file>
      <input_file id="fl-d2">
         <path>/Applications/ti/TivaWare_C_Series-2.1.4.178/driverlib/ccs/Debug/</path>
         <kind>archive</kind>
         <file>driverlib.lib</file>
         <name>interrupt.obj</name>
      </input_file>
      <input_file id="fl-d3">
         <path>/Applications/ti/TivaWare_C_Series-2.1.4.178/driverlib/ccs/Debug/</path>
         <kind>archive</kind>
         <file>driverlib.lib</file>
         <name>sysctl.obj</name>
      </input_file>
      <input_file id="fl-d4">
         <path>/Applications/ti/TivaWare_C_Series-2.1.4.178/driverlib/ccs/Debug/</path>
         <kind>archive</kind>
         <file>driverlib.lib</file>
         <name>systick.obj</name>
      </input_file>
      <input_file id="fl-d5">
         <path>/Applications/ti/TivaWare_C_Series-2.1.4.178/driverlib/ccs/Debug/</path>
         <kind>archive</kind>
         <file>driverlib.lib</file>
         <name>uart.obj</name>
      </input_file>
      <input_file id="fl-d6">
         <path>/Applications/ti/TivaWare_C_Series-2.1.4.178/driverlib/ccs/Debug/</path>
         <kind>archive</kind>
         <file>driverlib.lib</file>
         <name>cpu.obj</name>
      </input_file>
      <input_file id="fl-d7">
         <path>/Applications/ti/ccsv8/tools/compiler/ti-cgt-arm_18.1.3.LTS/lib/</path>
         <kind>archive</kind>
         <file>rtsv7M4_T_le_v4SPD16_eabi.lib</file>
         <name>ull_div_t2.asm.obj</name>
      </input_file>
      <input_file id="fl-d8">
         <path>/Applications/ti/ccsv8/tools/compiler/ti-cgt-arm_18.1.3.LTS/lib/</path>
         <kind>archive</kind>
         <file>rtsv7M4_T_le_v4SPD16_eabi.lib</file>
         <name>vsnprintf.c.obj</name>
      </input_file>
      <input_file id="fl-d9">
         <path>/Applications/ti/ccsv8/tools/compiler/ti-cgt-arm_18.1.3.LTS/lib/</path>
         <kind>archive</kind>
         <file>rtsv7M4_T_le_v4SPD16_eabi.lib</file>
         <name>div0.asm.obj</name>
      </input_file>
      <input_file id="fl-da">
         <path>/Applications/ti/ccsv8/tools/compiler/ti-cgt-arm_18.1.3.LTS/lib/</path>
         <kind>archive</kind>
         <file>rtsv7M4_T_le_v4SPD16_eabi.lib</file>
         <name>_printfi.c.obj</name>
      </input_file>
      <input_file id="fl-db">
         <path>/Applications/ti/ccsv8/tools/compiler/ti-cgt-arm_18.1.3.LTS/lib/</path>
         <kind>archive</kind>
         <file>rtsv7M4_T_le_v4SPD16_eabi.lib</file>
         <name>atoi.c.obj</name>
      </input_file>
      <input_file id="fl-dc">
         <path>/Applications/ti/ccsv8/tools/compiler/ti-cgt-arm_18.1.3.LTS/lib/</path>
         <kind>archive</kind>
         <file>rtsv7M4_T_le_v4SPD16_eabi.lib</file>
         <name>ctype.c.obj</name>
      </input_file>
      <input_file id="fl-dd">
         <path>/Applications/ti/ccsv8/tools/compiler/ti-cgt-arm_18.1.3.LTS/lib/</path>
         <kind>archive</kind>
         <file>rtsv7M4_T_le_v4SPD16_eabi.lib</file>
         <name>ltoa.c.obj</name>
      </input_file>
      <input_file id="fl-de">
         <path>/Applications/ti/ccsv8/tools/compiler/ti-cgt-arm_18.1.3.LTS/lib/</path>
         <kind>archive</kind>
         <file>rtsv7M4_T_le_v4SPD16_eabi.lib</file>
         <name>memccpy.c.obj</name>
      </input_file>
      <input_file id="fl-df">
         <path>/Applications/ti/ccsv8/tools/compiler/ti-cgt-arm_18.1.3.LTS/lib/</path>
         <kind>archive</kind>
         <file>rtsv7M4_T_le_v4SPD16_eabi.lib</file>
         <name>strchr.c.obj</name>
      </input_file>
      <input_file id="fl-e0">
         <path>/Applications/ti/ccsv8/tools/compiler/ti-cgt-arm_18.1.3.LTS/lib/</path>
         <kind>archive</kind>
         <file>rtsv7M4_T_le_v4SPD16_eabi.lib</file>
         <name>strlen.c.obj</name>
      </input_file>
      <input_file id="fl-e1">
         <path>/Applications/ti/ccsv8/tools/compiler/ti-cgt-arm_18.1.3.LTS/lib/</path>
         <kind>archive</kind>
         <file>rtsv7M4_T_le_v4SPD16_eabi.lib</file>
         <name>errno.c.obj</name>
      </input_file>
      <input_file id="fl-e2">
         <path>/Applications/ti/ccsv8/tools/compiler/ti-cgt-arm_18.1.3.LTS/lib/</path>
         <kind>archive</kind>
         <file>rtsv7M4_T_le_v4SPD16_eabi.lib</file>
         <name>s_frexp.c.obj</name>
      </input_file>
      <input_file id="fl-e3">
         <path>/Applications/ti/ccsv8/tools/compiler/ti-cgt-arm_18.1.3.LTS/lib/</path>
         <kind>archive</kind>
         <file>rtsv7M4_T_le_v4SPD16_eabi.lib</file>
         <name>s_scalbn.c.obj</name>
      </input_file>
      <input_file id="fl-e4">
         <path>/Applications/ti/ccsv8/tools/compiler/ti-cgt-arm_18.1.3.LTS/lib/</path>
         <kind>archive</kind>
         <file>rtsv7M4_T_le_v4SPD16_eabi.lib</file>
         <name>wcslen.c.obj</name>
      </input_file>
      <input_file id="fl-e5">
         <path>/Applications/ti/ccsv8/tools/compiler/ti-cgt-arm_18.1.3.LTS/lib/</path>
         <kind>archive</kind>
         <file>rtsv7M4_T_le_v4SPD16_eabi.lib</file>
         <name>s_copysign.c.obj</name>
      </input_file>
      <input_file id="fl-e6">
         <path>/Applications/ti/ccsv8/tools/compiler/ti-cgt-arm_18.1.3.LTS/lib/</path>
         <kind>archive</kind>
         <file>rtsv7M4_T_le_v4SPD16_eabi.lib</file>
         <name>fd_add_t2.asm.obj</name>
      </input_file>
      <input_file id="fl-e7">
         <path>/Applications/ti/ccsv8/tools/compiler/ti-cgt-arm_18.1.3.LTS/lib/</path>
         <kind>archive</kind>
         <file>rtsv7M4_T_le_v4SPD16_eabi.lib</file>
         <name>fd_cmp_t2.asm.obj</name>
      </input_file>
      <input_file id="fl-e8">
         <path>/Applications/ti/ccsv8/tools/compiler/ti-cgt-arm_18.1.3.LTS/lib/</path>
         <kind>archive</kind>
         <file>rtsv7M4_T_le_v4SPD16_eabi.lib</file>
         <name>fd_div_t2.asm.obj</name>
      </input_file>
      <input_file id="fl-e9">
         <path>/Applications/ti/ccsv8/tools/compiler/ti-cgt-arm_18.1.3.LTS/lib/</path>
         <kind>archive</kind>
         <file>rtsv7M4_T_le_v4SPD16_eabi.lib</file>
         <name>fd_mul_t2.asm.obj</name>
      </input_file>
      <input_file id="fl-ea">
         <path>/Applications/ti/ccsv8/tools/compiler/ti-cgt-arm_18.1.3.LTS/lib/</path>
         <kind>archive</kind>
         <file>rtsv7M4_T_le_v4SPD16_eabi.lib</file>
         <name>fd_toi_t2.asm.obj</name>
      </input_file>
      <input_file id="fl-eb">
         <path>/Applications/ti/ccsv8/tools/compiler/ti-cgt-arm_18.1.3.LTS/lib/</path>
         <kind>archive</kind>
         <file>rtsv7M4_T_le_v4SPD16_eabi.lib</file>
         <name>i_tofd_t2.asm.obj</name>
      </input_file>
   </input_file_list>
   <object_component_list>
      <object_component id="oc-f">
         <name>.intvecs</name>
         <load_address>0x0</load_address>
         <run_address>0x0</run_address>
         <size>0x26c</size>
         <input_file_ref idref="fl-5"/>
      </object_component>
      <object_component id="oc-241">
         <name>.text:__TI_printfi</name>
         <load_address>0x26c</load_address>
         <run_address>0x26c</run_address>
         <size>0xa5e</size>
         <input_file_ref idref="fl-da"/>
      </object_component>
      <object_component id="oc-1f3">
         <name>.text</name>
         <load_address>0xcca</load_address>
         <run_address>0xcca</run_address>
         <size>0x2</size>
         <input_file_ref idref="fl-d9"/>
      </object_component>
      <object_component id="oc-cf">
         <name>.text</name>
         <load_address>0xccc</load_address>
         <run_address>0xccc</run_address>
         <size>0x3d0</size>
         <input_file_ref idref="fl-cd"/>
      </object_component>
      <object_component id="oc-2cc">
         <name>.text:_pconv_a</name>
         <load_address>0x109c</load_address>
         <run_address>0x109c</run_address>
         <size>0x270</size>
         <input_file_ref idref="fl-da"/>
      </object_component>
      <object_component id="oc-db">
         <name>.text</name>
         <load_address>0x130c</load_address>
         <run_address>0x130c</run_address>
         <size>0x1fc</size>
         <input_file_ref idref="fl-2"/>
      </object_component>
      <object_component id="oc-2ba">
         <name>.text:_pconv_g</name>
         <load_address>0x1508</load_address>
         <run_address>0x1508</run_address>
         <size>0x1d0</size>
         <input_file_ref idref="fl-da"/>
      </object_component>
      <object_component id="oc-32f">
         <name>.text</name>
         <load_address>0x16d8</load_address>
         <run_address>0x16d8</run_address>
         <size>0x1b6</size>
         <input_file_ref idref="fl-e6"/>
      </object_component>
      <object_component id="oc-2c6">
         <name>.text:_pconv_e</name>
         <load_address>0x1890</load_address>
         <run_address>0x1890</run_address>
         <size>0x13c</size>
         <input_file_ref idref="fl-da"/>
      </object_component>
      <object_component id="oc-315">
         <name>.text</name>
         <load_address>0x19cc</load_address>
         <run_address>0x19cc</run_address>
         <size>0x136</size>
         <input_file_ref idref="fl-e8"/>
      </object_component>
      <object_component id="oc-17e">
         <name>.text:GPIOPadConfigSet</name>
         <load_address>0x1b02</load_address>
         <run_address>0x1b02</run_address>
         <size>0x132</size>
         <input_file_ref idref="fl-d1"/>
      </object_component>
      <object_component id="oc-341">
         <name>.text:fcvt</name>
         <load_address>0x1c34</load_address>
         <run_address>0x1c34</run_address>
         <size>0x120</size>
         <input_file_ref idref="fl-da"/>
      </object_component>
      <object_component id="oc-98">
         <name>.text</name>
         <load_address>0x1d54</load_address>
         <run_address>0x1d54</run_address>
         <size>0x118</size>
         <input_file_ref idref="fl-1"/>
      </object_component>
      <object_component id="oc-149">
         <name>.text:SysCtlClockGet</name>
         <load_address>0x1e6c</load_address>
         <run_address>0x1e6c</run_address>
         <size>0x110</size>
         <input_file_ref idref="fl-d3"/>
      </object_component>
      <object_component id="oc-355">
         <name>.text:scalbn</name>
         <load_address>0x1f7c</load_address>
         <run_address>0x1f7c</run_address>
         <size>0x110</size>
         <input_file_ref idref="fl-e3"/>
      </object_component>
      <object_component id="oc-310">
         <name>.text</name>
         <load_address>0x208c</load_address>
         <run_address>0x208c</run_address>
         <size>0xfc</size>
         <input_file_ref idref="fl-e9"/>
      </object_component>
      <object_component id="oc-143">
         <name>.text:SysCtlClockSet</name>
         <load_address>0x2188</load_address>
         <run_address>0x2188</run_address>
         <size>0xf4</size>
         <input_file_ref idref="fl-d3"/>
      </object_component>
      <object_component id="oc-e1">
         <name>.text</name>
         <load_address>0x227c</load_address>
         <run_address>0x227c</run_address>
         <size>0xc4</size>
         <input_file_ref idref="fl-d0"/>
      </object_component>
      <object_component id="oc-2af">
         <name>.text:_ltostr</name>
         <load_address>0x2340</load_address>
         <run_address>0x2340</run_address>
         <size>0xb1</size>
         <input_file_ref idref="fl-da"/>
      </object_component>
      <object_component id="oc-167">
         <name>.text</name>
         <load_address>0x23f4</load_address>
         <run_address>0x23f4</run_address>
         <size>0x9c</size>
         <input_file_ref idref="fl-ce"/>
      </object_component>
      <object_component id="oc-38">
         <name>.text</name>
         <load_address>0x2490</load_address>
         <run_address>0x2490</run_address>
         <size>0x9c</size>
         <input_file_ref idref="fl-c6"/>
      </object_component>
      <object_component id="oc-13d">
         <name>.text</name>
         <load_address>0x252c</load_address>
         <run_address>0x252c</run_address>
         <size>0x96</size>
         <input_file_ref idref="fl-d7"/>
      </object_component>
      <object_component id="oc-d5">
         <name>.text</name>
         <load_address>0x25c4</load_address>
         <run_address>0x25c4</run_address>
         <size>0x8c</size>
         <input_file_ref idref="fl-cf"/>
      </object_component>
      <object_component id="oc-2b5">
         <name>.text:__aeabi_cdcmple</name>
         <load_address>0x2650</load_address>
         <run_address>0x2650</run_address>
         <size>0x86</size>
         <input_file_ref idref="fl-e7"/>
      </object_component>
      <object_component id="oc-31a">
         <name>.text:__aeabi_cdrcmple</name>
         <load_address>0x26d6</load_address>
         <run_address>0x26d6</run_address>
         <size>0x86</size>
         <input_file_ref idref="fl-e7"/>
      </object_component>
      <object_component id="oc-8c">
         <name>.text</name>
         <load_address>0x275c</load_address>
         <run_address>0x275c</run_address>
         <size>0x7a</size>
         <input_file_ref idref="fl-c5"/>
      </object_component>
      <object_component id="oc-33a">
         <name>.text:_mcpy</name>
         <load_address>0x27d6</load_address>
         <run_address>0x27d6</run_address>
         <size>0x6e</size>
         <input_file_ref idref="fl-da"/>
      </object_component>
      <object_component id="oc-12">
         <name>.text:decompress:lzss:__TI_decompress_lzss</name>
         <load_address>0x2844</load_address>
         <run_address>0x2844</run_address>
         <size>0x68</size>
         <input_file_ref idref="fl-c3"/>
      </object_component>
      <object_component id="oc-34f">
         <name>.text:frexp</name>
         <load_address>0x28ac</load_address>
         <run_address>0x28ac</run_address>
         <size>0x64</size>
         <input_file_ref idref="fl-e2"/>
      </object_component>
      <object_component id="oc-2c0">
         <name>.text:_pconv_f</name>
         <load_address>0x2910</load_address>
         <run_address>0x2910</run_address>
         <size>0x56</size>
         <input_file_ref idref="fl-da"/>
      </object_component>
      <object_component id="oc-324">
         <name>.text:ltoa</name>
         <load_address>0x2966</load_address>
         <run_address>0x2966</run_address>
         <size>0x54</size>
         <input_file_ref idref="fl-dd"/>
      </object_component>
      <object_component id="oc-ca">
         <name>.text</name>
         <load_address>0x29bc</load_address>
         <run_address>0x29bc</run_address>
         <size>0x54</size>
         <input_file_ref idref="fl-3"/>
      </object_component>
      <object_component id="oc-334">
         <name>.text:_ecpy</name>
         <load_address>0x2a10</load_address>
         <run_address>0x2a10</run_address>
         <size>0x52</size>
         <input_file_ref idref="fl-da"/>
      </object_component>
      <object_component id="oc-2a9">
         <name>.text:atoi</name>
         <load_address>0x2a64</load_address>
         <run_address>0x2a64</run_address>
         <size>0x4c</size>
         <input_file_ref idref="fl-db"/>
      </object_component>
      <object_component id="oc-c5">
         <name>.text</name>
         <load_address>0x2ab0</load_address>
         <run_address>0x2ab0</run_address>
         <size>0x4a</size>
         <input_file_ref idref="fl-4"/>
      </object_component>
      <object_component id="oc-19c">
         <name>.text:GPIOPinConfigure</name>
         <load_address>0x2afc</load_address>
         <run_address>0x2afc</run_address>
         <size>0x48</size>
         <input_file_ref idref="fl-d1"/>
      </object_component>
      <object_component id="oc-31f">
         <name>.text</name>
         <load_address>0x2b44</load_address>
         <run_address>0x2b44</run_address>
         <size>0x48</size>
         <input_file_ref idref="fl-ea"/>
      </object_component>
      <object_component id="oc-1a8">
         <name>.text:UARTConfigSetExpClk</name>
         <load_address>0x2b8c</load_address>
         <run_address>0x2b8c</run_address>
         <size>0x46</size>
         <input_file_ref idref="fl-d5"/>
      </object_component>
      <object_component id="oc-fa">
         <name>.text:__TI_auto_init_nobinit_nopinit:__TI_auto_init_nobinit_nopinit</name>
         <load_address>0x2bd4</load_address>
         <run_address>0x2bd4</run_address>
         <size>0x44</size>
         <input_file_ref idref="fl-c7"/>
      </object_component>
      <object_component id="oc-1ba">
         <name>.text:vsnprintf</name>
         <load_address>0x2c18</load_address>
         <run_address>0x2c18</run_address>
         <size>0x40</size>
         <input_file_ref idref="fl-d8"/>
      </object_component>
      <object_component id="oc-347">
         <name>.text:_fcpy</name>
         <load_address>0x2c58</load_address>
         <run_address>0x2c58</run_address>
         <size>0x3e</size>
         <input_file_ref idref="fl-da"/>
      </object_component>
      <object_component id="oc-56">
         <name>.text:_c_int00_noargs:_c_int00_noargs</name>
         <load_address>0x2c98</load_address>
         <run_address>0x2c98</run_address>
         <size>0x38</size>
         <input_file_ref idref="fl-c4"/>
      </object_component>
      <object_component id="oc-206">
         <name>.text:IntRegister</name>
         <load_address>0x2cd0</load_address>
         <run_address>0x2cd0</run_address>
         <size>0x34</size>
         <input_file_ref idref="fl-d2"/>
      </object_component>
      <object_component id="oc-172">
         <name>.text:SysCtlPeripheralEnable</name>
         <load_address>0x2d04</load_address>
         <run_address>0x2d04</run_address>
         <size>0x34</size>
         <input_file_ref idref="fl-d3"/>
      </object_component>
      <object_component id="oc-247">
         <name>.text:_outs</name>
         <load_address>0x2d38</load_address>
         <run_address>0x2d38</run_address>
         <size>0x30</size>
         <input_file_ref idref="fl-d8"/>
      </object_component>
      <object_component id="oc-32a">
         <name>.text</name>
         <load_address>0x2d68</load_address>
         <run_address>0x2d68</run_address>
         <size>0x2e</size>
         <input_file_ref idref="fl-eb"/>
      </object_component>
      <object_component id="oc-18e">
         <name>.text:GPIODirModeSet</name>
         <load_address>0x2d96</load_address>
         <run_address>0x2d96</run_address>
         <size>0x2a</size>
         <input_file_ref idref="fl-d1"/>
      </object_component>
      <object_component id="oc-231">
         <name>.text:UARTDisable</name>
         <load_address>0x2dc0</load_address>
         <run_address>0x2dc0</run_address>
         <size>0x20</size>
         <input_file_ref idref="fl-d5"/>
      </object_component>
      <object_component id="oc-155">
         <name>.text:SysTickIntRegister</name>
         <load_address>0x2de0</load_address>
         <run_address>0x2de0</run_address>
         <size>0x1c</size>
         <input_file_ref idref="fl-d4"/>
      </object_component>
      <object_component id="oc-2d2">
         <name>.text:memccpy</name>
         <load_address>0x2dfc</load_address>
         <run_address>0x2dfc</run_address>
         <size>0x1c</size>
         <input_file_ref idref="fl-de"/>
      </object_component>
      <object_component id="oc-20f">
         <name>.text:GPIOPinTypeGPIOOutput</name>
         <load_address>0x2e18</load_address>
         <run_address>0x2e18</run_address>
         <size>0x18</size>
         <input_file_ref idref="fl-d1"/>
      </object_component>
      <object_component id="oc-24d">
         <name>.text:_outc</name>
         <load_address>0x2e30</load_address>
         <run_address>0x2e30</run_address>
         <size>0x18</size>
         <input_file_ref idref="fl-d8"/>
      </object_component>
      <object_component id="oc-35b">
         <name>.text:strchr</name>
         <load_address>0x2e48</load_address>
         <run_address>0x2e48</run_address>
         <size>0x16</size>
         <input_file_ref idref="fl-df"/>
      </object_component>
      <object_component id="oc-161">
         <name>.text:SysTickEnable</name>
         <load_address>0x2e60</load_address>
         <run_address>0x2e60</run_address>
         <size>0x14</size>
         <input_file_ref idref="fl-d4"/>
      </object_component>
      <object_component id="oc-15b">
         <name>.text:SysTickIntEnable</name>
         <load_address>0x2e74</load_address>
         <run_address>0x2e74</run_address>
         <size>0x14</size>
         <input_file_ref idref="fl-d4"/>
      </object_component>
      <object_component id="oc-237">
         <name>.text:UARTEnable</name>
         <load_address>0x2e88</load_address>
         <run_address>0x2e88</run_address>
         <size>0x14</size>
         <input_file_ref idref="fl-d5"/>
      </object_component>
      <object_component id="oc-396">
         <name>.text:copysign</name>
         <load_address>0x2e9c</load_address>
         <run_address>0x2e9c</run_address>
         <size>0x14</size>
         <input_file_ref idref="fl-e5"/>
      </object_component>
      <object_component id="oc-2a3">
         <name>.text:strlen</name>
         <load_address>0x2eb0</load_address>
         <run_address>0x2eb0</run_address>
         <size>0x14</size>
         <input_file_ref idref="fl-e0"/>
      </object_component>
      <object_component id="oc-178">
         <name>.text:GPIOPinTypeGPIOInput</name>
         <load_address>0x2ec4</load_address>
         <run_address>0x2ec4</run_address>
         <size>0x12</size>
         <input_file_ref idref="fl-d1"/>
      </object_component>
      <object_component id="oc-1a2">
         <name>.text:GPIOPinTypeUART</name>
         <load_address>0x2ed6</load_address>
         <run_address>0x2ed6</run_address>
         <size>0x12</size>
         <input_file_ref idref="fl-d1"/>
      </object_component>
      <object_component id="oc-44">
         <name>.text:decompress:ZI:__TI_zero_init_nomemset:__TI_zero_init_nomemset</name>
         <load_address>0x2ee8</load_address>
         <run_address>0x2ee8</run_address>
         <size>0x12</size>
         <input_file_ref idref="fl-c1"/>
      </object_component>
      <object_component id="oc-2d8">
         <name>.text:wcslen</name>
         <load_address>0x2efa</load_address>
         <run_address>0x2efa</run_address>
         <size>0x12</size>
         <input_file_ref idref="fl-e4"/>
      </object_component>
      <object_component id="oc-14f">
         <name>.text:SysTickPeriodSet</name>
         <load_address>0x2f0c</load_address>
         <run_address>0x2f0c</run_address>
         <size>0x10</size>
         <input_file_ref idref="fl-d4"/>
      </object_component>
      <object_component id="oc-18">
         <name>.text:decompress:none:__TI_decompress_none</name>
         <load_address>0x2f1c</load_address>
         <run_address>0x2f1c</run_address>
         <size>0xe</size>
         <input_file_ref idref="fl-c2"/>
      </object_component>
      <object_component id="oc-24">
         <name>.text</name>
         <load_address>0x2f2a</load_address>
         <run_address>0x2f2a</run_address>
         <size>0xc</size>
         <input_file_ref idref="fl-5"/>
      </object_component>
      <object_component id="oc-1b4">
         <name>.text:UARTCharGet</name>
         <load_address>0x2f36</load_address>
         <run_address>0x2f36</run_address>
         <size>0xa</size>
         <input_file_ref idref="fl-d5"/>
      </object_component>
      <object_component id="oc-1ae">
         <name>.text:UARTCharPut</name>
         <load_address>0x2f40</load_address>
         <run_address>0x2f40</run_address>
         <size>0xa</size>
         <input_file_ref idref="fl-d5"/>
      </object_component>
      <object_component id="oc-2de">
         <name>.text:__aeabi_errno_addr</name>
         <load_address>0x2f4c</load_address>
         <run_address>0x2f4c</run_address>
         <size>0x8</size>
         <input_file_ref idref="fl-e1"/>
      </object_component>
      <object_component id="oc-184">
         <name>.text:GPIOPinRead</name>
         <load_address>0x2f54</load_address>
         <run_address>0x2f54</run_address>
         <size>0x6</size>
         <input_file_ref idref="fl-d1"/>
      </object_component>
      <object_component id="oc-194">
         <name>.text:GPIOPinWrite</name>
         <load_address>0x2f5a</load_address>
         <run_address>0x2f5a</run_address>
         <size>0x6</size>
         <input_file_ref idref="fl-d1"/>
      </object_component>
      <object_component id="oc-142">
         <name>.text:SysCtlDelay</name>
         <load_address>0x2f60</load_address>
         <run_address>0x2f60</run_address>
         <size>0x6</size>
         <input_file_ref idref="fl-d3"/>
      </object_component>
      <object_component id="oc-92">
         <name>.text:_system_pre_init</name>
         <load_address>0x2f66</load_address>
         <run_address>0x2f66</run_address>
         <size>0x4</size>
         <input_file_ref idref="fl-c8"/>
      </object_component>
      <object_component id="oc-ee">
         <name>.text:abort:abort</name>
         <load_address>0x2f6a</load_address>
         <run_address>0x2f6a</run_address>
         <size>0x4</size>
         <input_file_ref idref="fl-ca"/>
      </object_component>
      <object_component id="oc-309">
         <name>.const:.string:_ctypes_</name>
         <load_address>0x2f70</load_address>
         <run_address>0x2f70</run_address>
         <size>0x101</size>
         <input_file_ref idref="fl-dc"/>
      </object_component>
      <object_component id="oc-22c">
         <name>.const:g_pui32GPIOBaseAddrs</name>
         <load_address>0x3074</load_address>
         <run_address>0x3074</run_address>
         <size>0x90</size>
         <input_file_ref idref="fl-d1"/>
      </object_component>
      <object_component id="oc-200">
         <name>.const:g_pui32Xtals</name>
         <load_address>0x3104</load_address>
         <run_address>0x3104</run_address>
         <size>0x6c</size>
         <input_file_ref idref="fl-d3"/>
      </object_component>
      <object_component id="oc-3ec">
         <name>.cinit..data.load</name>
         <load_address>0x3170</load_address>
         <run_address>0x3170</run_address>
         <size>0x16</size>
      </object_component>
      <object_component id="oc-3e9">
         <name>__TI_handler_table</name>
         <load_address>0x3188</load_address>
         <run_address>0x3188</run_address>
         <size>0xc</size>
      </object_component>
      <object_component id="oc-3ed">
         <name>.cinit..bss.load</name>
         <load_address>0x3198</load_address>
         <run_address>0x3198</run_address>
         <size>0x8</size>
      </object_component>
      <object_component id="oc-3eb">
         <name>.cinit..vtable.load</name>
         <load_address>0x31a0</load_address>
         <run_address>0x31a0</run_address>
         <size>0x8</size>
      </object_component>
      <object_component id="oc-3ea">
         <name>__TI_cinit_table</name>
         <load_address>0x31a8</load_address>
         <run_address>0x31a8</run_address>
         <size>0x18</size>
      </object_component>
      <object_component id="oc-293">
         <name>.vtable</name>
         <uninitialized>true</uninitialized>
         <run_address>0x20000000</run_address>
         <size>0x26c</size>
         <input_file_ref idref="fl-d2"/>
      </object_component>
      <object_component id="oc-e7">
         <name>.data</name>
         <load_address>0x20000511</load_address>
         <run_address>0x20000511</run_address>
         <size>0x1</size>
         <input_file_ref idref="fl-1"/>
      </object_component>
      <object_component id="oc-ea">
         <name>.data:seg7Display</name>
         <load_address>0x2000050c</load_address>
         <run_address>0x2000050c</run_address>
         <size>0x5</size>
         <input_file_ref idref="fl-1"/>
      </object_component>
      <object_component id="oc-134">
         <name>.data</name>
         <load_address>0x200004f8</load_address>
         <run_address>0x200004f8</run_address>
         <size>0xa</size>
         <input_file_ref idref="fl-3"/>
      </object_component>
      <object_component id="oc-137">
         <name>.data</name>
         <load_address>0x20000504</load_address>
         <run_address>0x20000504</run_address>
         <size>0x8</size>
         <input_file_ref idref="fl-cd"/>
      </object_component>
      <object_component id="oc-215">
         <name>.data</name>
         <load_address>0x20000502</load_address>
         <run_address>0x20000502</run_address>
         <size>0x1</size>
         <input_file_ref idref="fl-ce"/>
      </object_component>
      <object_component id="oc-18a">
         <name>.data</name>
         <load_address>0x20000503</load_address>
         <run_address>0x20000503</run_address>
         <size>0x1</size>
         <input_file_ref idref="fl-cf"/>
      </object_component>
      <object_component id="oc-36b">
         <name>.data</name>
         <load_address>0x20000514</load_address>
         <run_address>0x20000514</run_address>
         <size>0x4</size>
         <input_file_ref idref="fl-e1"/>
      </object_component>
      <object_component id="oc-135">
         <name>.bss</name>
         <uninitialized>true</uninitialized>
         <run_address>0x200004f4</run_address>
         <size>0x4</size>
         <input_file_ref idref="fl-3"/>
      </object_component>
      <object_component id="oc-16d">
         <name>.bss</name>
         <uninitialized>true</uninitialized>
         <run_address>0x200004f0</run_address>
         <size>0x4</size>
         <input_file_ref idref="fl-cd"/>
      </object_component>
      <object_component id="oc-13a">
         <name>.bss:callbackHeap</name>
         <uninitialized>true</uninitialized>
         <run_address>0x20000470</run_address>
         <size>0x80</size>
         <input_file_ref idref="fl-cd"/>
      </object_component>
      <object_component id="oc-21">
         <name>.stack</name>
         <uninitialized>true</uninitialized>
         <run_address>0x20000270</run_address>
         <size>0x4</size>
         <input_file_ref idref="fl-c4"/>
      </object_component>
      <object_component id="oc-3ee">
         <name>.stack</name>
         <uninitialized>true</uninitialized>
         <run_address>0x20000270</run_address>
         <size>0x0</size>
      </object_component>
      <object_component id="oc-b4">
         <name>.debug_info</name>
         <load_address>0x0</load_address>
         <run_address>0x0</run_address>
         <size>0x3a9</size>
         <input_file_ref idref="fl-1"/>
      </object_component>
      <object_component id="oc-e8">
         <name>.debug_info</name>
         <load_address>0x3a9</load_address>
         <run_address>0x3a9</run_address>
         <size>0xda</size>
         <input_file_ref idref="fl-1"/>
      </object_component>
      <object_component id="oc-eb">
         <name>.debug_info</name>
         <load_address>0x483</load_address>
         <run_address>0x483</run_address>
         <size>0xe0</size>
         <input_file_ref idref="fl-1"/>
      </object_component>
      <object_component id="oc-99">
         <name>.debug_info</name>
         <load_address>0x563</load_address>
         <run_address>0x563</run_address>
         <size>0x2f8</size>
         <input_file_ref idref="fl-1"/>
      </object_component>
      <object_component id="oc-1c9">
         <name>.debug_info</name>
         <load_address>0x85b</load_address>
         <run_address>0x85b</run_address>
         <size>0x44</size>
         <input_file_ref idref="fl-1"/>
      </object_component>
      <object_component id="oc-12e">
         <name>.debug_info</name>
         <load_address>0x89f</load_address>
         <run_address>0x89f</run_address>
         <size>0x9a</size>
         <input_file_ref idref="fl-1"/>
      </object_component>
      <object_component id="oc-6d">
         <name>.debug_info</name>
         <load_address>0x939</load_address>
         <run_address>0x939</run_address>
         <size>0x26b</size>
         <input_file_ref idref="fl-1"/>
      </object_component>
      <object_component id="oc-af">
         <name>.debug_info</name>
         <load_address>0xba4</load_address>
         <run_address>0xba4</run_address>
         <size>0x8b</size>
         <input_file_ref idref="fl-1"/>
      </object_component>
      <object_component id="oc-aa">
         <name>.debug_info</name>
         <load_address>0xc2f</load_address>
         <run_address>0xc2f</run_address>
         <size>0x297</size>
         <input_file_ref idref="fl-1"/>
      </object_component>
      <object_component id="oc-72">
         <name>.debug_info</name>
         <load_address>0xec6</load_address>
         <run_address>0xec6</run_address>
         <size>0xbb</size>
         <input_file_ref idref="fl-1"/>
      </object_component>
      <object_component id="oc-261">
         <name>.debug_info</name>
         <load_address>0xf81</load_address>
         <run_address>0xf81</run_address>
         <size>0xcc</size>
         <input_file_ref idref="fl-1"/>
      </object_component>
      <object_component id="oc-1c2">
         <name>.debug_info</name>
         <load_address>0x104d</load_address>
         <run_address>0x104d</run_address>
         <size>0x2c</size>
         <input_file_ref idref="fl-1"/>
      </object_component>
      <object_component id="oc-19b">
         <name>.debug_info</name>
         <load_address>0x1079</load_address>
         <run_address>0x1079</run_address>
         <size>0x375</size>
         <input_file_ref idref="fl-2"/>
      </object_component>
      <object_component id="oc-dc">
         <name>.debug_info</name>
         <load_address>0x13ee</load_address>
         <run_address>0x13ee</run_address>
         <size>0x6ba</size>
         <input_file_ref idref="fl-2"/>
      </object_component>
      <object_component id="oc-cb">
         <name>.debug_info</name>
         <load_address>0x1aa8</load_address>
         <run_address>0x1aa8</run_address>
         <size>0xfe</size>
         <input_file_ref idref="fl-3"/>
      </object_component>
      <object_component id="oc-c6">
         <name>.debug_info</name>
         <load_address>0x1ba6</load_address>
         <run_address>0x1ba6</run_address>
         <size>0x102</size>
         <input_file_ref idref="fl-4"/>
      </object_component>
      <object_component id="oc-2c">
         <name>.debug_info</name>
         <load_address>0x1ca8</load_address>
         <run_address>0x1ca8</run_address>
         <size>0x2b7</size>
         <input_file_ref idref="fl-5"/>
      </object_component>
      <object_component id="oc-10">
         <name>.debug_info</name>
         <load_address>0x1f5f</load_address>
         <run_address>0x1f5f</run_address>
         <size>0xf6</size>
         <input_file_ref idref="fl-5"/>
      </object_component>
      <object_component id="oc-25">
         <name>.debug_info</name>
         <load_address>0x2055</load_address>
         <run_address>0x2055</run_address>
         <size>0x272</size>
         <input_file_ref idref="fl-5"/>
      </object_component>
      <object_component id="oc-33">
         <name>.debug_info</name>
         <load_address>0x22c7</load_address>
         <run_address>0x22c7</run_address>
         <size>0x84</size>
         <input_file_ref idref="fl-5"/>
      </object_component>
      <object_component id="oc-8b">
         <name>.debug_info</name>
         <load_address>0x234b</load_address>
         <run_address>0x234b</run_address>
         <size>0x313</size>
         <input_file_ref idref="fl-c1"/>
      </object_component>
      <object_component id="oc-45">
         <name>.debug_info</name>
         <load_address>0x265e</load_address>
         <run_address>0x265e</run_address>
         <size>0x1b4</size>
         <input_file_ref idref="fl-c1"/>
      </object_component>
      <object_component id="oc-86">
         <name>.debug_info</name>
         <load_address>0x2812</load_address>
         <run_address>0x2812</run_address>
         <size>0x46</size>
         <input_file_ref idref="fl-c1"/>
      </object_component>
      <object_component id="oc-bc">
         <name>.debug_info</name>
         <load_address>0x2858</load_address>
         <run_address>0x2858</run_address>
         <size>0x2c</size>
         <input_file_ref idref="fl-c1"/>
      </object_component>
      <object_component id="oc-43">
         <name>.debug_info</name>
         <load_address>0x2884</load_address>
         <run_address>0x2884</run_address>
         <size>0x29d</size>
         <input_file_ref idref="fl-c2"/>
      </object_component>
      <object_component id="oc-19">
         <name>.debug_info</name>
         <load_address>0x2b21</load_address>
         <run_address>0x2b21</run_address>
         <size>0x1df</size>
         <input_file_ref idref="fl-c2"/>
      </object_component>
      <object_component id="oc-3e">
         <name>.debug_info</name>
         <load_address>0x2d00</load_address>
         <run_address>0x2d00</run_address>
         <size>0x46</size>
         <input_file_ref idref="fl-c2"/>
      </object_component>
      <object_component id="oc-7e">
         <name>.debug_info</name>
         <load_address>0x2d46</load_address>
         <run_address>0x2d46</run_address>
         <size>0x2c</size>
         <input_file_ref idref="fl-c2"/>
      </object_component>
      <object_component id="oc-7c">
         <name>.debug_info</name>
         <load_address>0x2d72</load_address>
         <run_address>0x2d72</run_address>
         <size>0x293</size>
         <input_file_ref idref="fl-c3"/>
      </object_component>
      <object_component id="oc-13">
         <name>.debug_info</name>
         <load_address>0x3005</load_address>
         <run_address>0x3005</run_address>
         <size>0x245</size>
         <input_file_ref idref="fl-c3"/>
      </object_component>
      <object_component id="oc-2e">
         <name>.debug_info</name>
         <load_address>0x324a</load_address>
         <run_address>0x324a</run_address>
         <size>0x60</size>
         <input_file_ref idref="fl-c3"/>
      </object_component>
      <object_component id="oc-b5">
         <name>.debug_info</name>
         <load_address>0x32aa</load_address>
         <run_address>0x32aa</run_address>
         <size>0x46</size>
         <input_file_ref idref="fl-c3"/>
      </object_component>
      <object_component id="oc-77">
         <name>.debug_info</name>
         <load_address>0x32f0</load_address>
         <run_address>0x32f0</run_address>
         <size>0x39</size>
         <input_file_ref idref="fl-c3"/>
      </object_component>
      <object_component id="oc-22">
         <name>.debug_info</name>
         <load_address>0x3329</load_address>
         <run_address>0x3329</run_address>
         <size>0x100</size>
         <input_file_ref idref="fl-c4"/>
      </object_component>
      <object_component id="oc-57">
         <name>.debug_info</name>
         <load_address>0x3429</load_address>
         <run_address>0x3429</run_address>
         <size>0x1a4</size>
         <input_file_ref idref="fl-c4"/>
      </object_component>
      <object_component id="oc-8d">
         <name>.debug_info</name>
         <load_address>0x35cd</load_address>
         <run_address>0x35cd</run_address>
         <size>0x13f</size>
         <input_file_ref idref="fl-c5"/>
      </object_component>
      <object_component id="oc-39">
         <name>.debug_info</name>
         <load_address>0x370c</load_address>
         <run_address>0x370c</run_address>
         <size>0x111</size>
         <input_file_ref idref="fl-c6"/>
      </object_component>
      <object_component id="oc-1da">
         <name>.debug_info</name>
         <load_address>0x381d</load_address>
         <run_address>0x381d</run_address>
         <size>0x547</size>
         <input_file_ref idref="fl-c7"/>
      </object_component>
      <object_component id="oc-fb">
         <name>.debug_info</name>
         <load_address>0x3d64</load_address>
         <run_address>0x3d64</run_address>
         <size>0x19b</size>
         <input_file_ref idref="fl-c7"/>
      </object_component>
      <object_component id="oc-276">
         <name>.debug_info</name>
         <load_address>0x3eff</load_address>
         <run_address>0x3eff</run_address>
         <size>0x39</size>
         <input_file_ref idref="fl-c7"/>
      </object_component>
      <object_component id="oc-2f7">
         <name>.debug_info</name>
         <load_address>0x3f38</load_address>
         <run_address>0x3f38</run_address>
         <size>0x39</size>
         <input_file_ref idref="fl-c7"/>
      </object_component>
      <object_component id="oc-27b">
         <name>.debug_info</name>
         <load_address>0x3f71</load_address>
         <run_address>0x3f71</run_address>
         <size>0x39</size>
         <input_file_ref idref="fl-c7"/>
      </object_component>
      <object_component id="oc-280">
         <name>.debug_info</name>
         <load_address>0x3faa</load_address>
         <run_address>0x3faa</run_address>
         <size>0xcd</size>
         <input_file_ref idref="fl-c7"/>
      </object_component>
      <object_component id="oc-93">
         <name>.debug_info</name>
         <load_address>0x4077</load_address>
         <run_address>0x4077</run_address>
         <size>0x148</size>
         <input_file_ref idref="fl-c8"/>
      </object_component>
      <object_component id="oc-ef">
         <name>.debug_info</name>
         <load_address>0x41bf</load_address>
         <run_address>0x41bf</run_address>
         <size>0x117</size>
         <input_file_ref idref="fl-ca"/>
      </object_component>
      <object_component id="oc-171">
         <name>.debug_info</name>
         <load_address>0x42d6</load_address>
         <run_address>0x42d6</run_address>
         <size>0x431</size>
         <input_file_ref idref="fl-cd"/>
      </object_component>
      <object_component id="oc-16e">
         <name>.debug_info</name>
         <load_address>0x4707</load_address>
         <run_address>0x4707</run_address>
         <size>0xd4</size>
         <input_file_ref idref="fl-cd"/>
      </object_component>
      <object_component id="oc-138">
         <name>.debug_info</name>
         <load_address>0x47db</load_address>
         <run_address>0x47db</run_address>
         <size>0x100</size>
         <input_file_ref idref="fl-cd"/>
      </object_component>
      <object_component id="oc-13b">
         <name>.debug_info</name>
         <load_address>0x48db</load_address>
         <run_address>0x48db</run_address>
         <size>0xda</size>
         <input_file_ref idref="fl-cd"/>
      </object_component>
      <object_component id="oc-d0">
         <name>.debug_info</name>
         <load_address>0x49b5</load_address>
         <run_address>0x49b5</run_address>
         <size>0x9cb</size>
         <input_file_ref idref="fl-cd"/>
      </object_component>
      <object_component id="oc-21d">
         <name>.debug_info</name>
         <load_address>0x5380</load_address>
         <run_address>0x5380</run_address>
         <size>0x51</size>
         <input_file_ref idref="fl-cd"/>
      </object_component>
      <object_component id="oc-216">
         <name>.debug_info</name>
         <load_address>0x53d1</load_address>
         <run_address>0x53d1</run_address>
         <size>0xd2</size>
         <input_file_ref idref="fl-ce"/>
      </object_component>
      <object_component id="oc-168">
         <name>.debug_info</name>
         <load_address>0x54a3</load_address>
         <run_address>0x54a3</run_address>
         <size>0x2a2</size>
         <input_file_ref idref="fl-ce"/>
      </object_component>
      <object_component id="oc-18b">
         <name>.debug_info</name>
         <load_address>0x5745</load_address>
         <run_address>0x5745</run_address>
         <size>0xd9</size>
         <input_file_ref idref="fl-cf"/>
      </object_component>
      <object_component id="oc-d8">
         <name>.debug_info</name>
         <load_address>0x581e</load_address>
         <run_address>0x581e</run_address>
         <size>0x23a</size>
         <input_file_ref idref="fl-cf"/>
      </object_component>
      <object_component id="oc-1c1">
         <name>.debug_info</name>
         <load_address>0x5a58</load_address>
         <run_address>0x5a58</run_address>
         <size>0x42f</size>
         <input_file_ref idref="fl-d0"/>
      </object_component>
      <object_component id="oc-e2">
         <name>.debug_info</name>
         <load_address>0x5e87</load_address>
         <run_address>0x5e87</run_address>
         <size>0x3d7</size>
         <input_file_ref idref="fl-d0"/>
      </object_component>
      <object_component id="oc-224">
         <name>.debug_info</name>
         <load_address>0x625e</load_address>
         <run_address>0x625e</run_address>
         <size>0x240</size>
         <input_file_ref idref="fl-d1"/>
      </object_component>
      <object_component id="oc-22d">
         <name>.debug_info</name>
         <load_address>0x649e</load_address>
         <run_address>0x649e</run_address>
         <size>0x15b</size>
         <input_file_ref idref="fl-d1"/>
      </object_component>
      <object_component id="oc-195">
         <name>.debug_info</name>
         <load_address>0x65f9</load_address>
         <run_address>0x65f9</run_address>
         <size>0x2a3</size>
         <input_file_ref idref="fl-d1"/>
      </object_component>
      <object_component id="oc-18f">
         <name>.debug_info</name>
         <load_address>0x689c</load_address>
         <run_address>0x689c</run_address>
         <size>0x2b3</size>
         <input_file_ref idref="fl-d1"/>
      </object_component>
      <object_component id="oc-17f">
         <name>.debug_info</name>
         <load_address>0x6b4f</load_address>
         <run_address>0x6b4f</run_address>
         <size>0x316</size>
         <input_file_ref idref="fl-d1"/>
      </object_component>
      <object_component id="oc-1a3">
         <name>.debug_info</name>
         <load_address>0x6e65</load_address>
         <run_address>0x6e65</run_address>
         <size>0x27b</size>
         <input_file_ref idref="fl-d1"/>
      </object_component>
      <object_component id="oc-210">
         <name>.debug_info</name>
         <load_address>0x70e0</load_address>
         <run_address>0x70e0</run_address>
         <size>0x2b7</size>
         <input_file_ref idref="fl-d1"/>
      </object_component>
      <object_component id="oc-179">
         <name>.debug_info</name>
         <load_address>0x7397</load_address>
         <run_address>0x7397</run_address>
         <size>0x285</size>
         <input_file_ref idref="fl-d1"/>
      </object_component>
      <object_component id="oc-185">
         <name>.debug_info</name>
         <load_address>0x761c</load_address>
         <run_address>0x761c</run_address>
         <size>0x27b</size>
         <input_file_ref idref="fl-d1"/>
      </object_component>
      <object_component id="oc-19d">
         <name>.debug_info</name>
         <load_address>0x7897</load_address>
         <run_address>0x7897</run_address>
         <size>0x280</size>
         <input_file_ref idref="fl-d1"/>
      </object_component>
      <object_component id="oc-1fa">
         <name>.debug_info</name>
         <load_address>0x7b17</load_address>
         <run_address>0x7b17</run_address>
         <size>0x18b</size>
         <input_file_ref idref="fl-d1"/>
      </object_component>
      <object_component id="oc-297">
         <name>.debug_info</name>
         <load_address>0x7ca2</load_address>
         <run_address>0x7ca2</run_address>
         <size>0x20e</size>
         <input_file_ref idref="fl-d2"/>
      </object_component>
      <object_component id="oc-294">
         <name>.debug_info</name>
         <load_address>0x7eb0</load_address>
         <run_address>0x7eb0</run_address>
         <size>0x157</size>
         <input_file_ref idref="fl-d2"/>
      </object_component>
      <object_component id="oc-209">
         <name>.debug_info</name>
         <load_address>0x8007</load_address>
         <run_address>0x8007</run_address>
         <size>0x2c1</size>
         <input_file_ref idref="fl-d2"/>
      </object_component>
      <object_component id="oc-1ff">
         <name>.debug_info</name>
         <load_address>0x82c8</load_address>
         <run_address>0x82c8</run_address>
         <size>0x298</size>
         <input_file_ref idref="fl-d3"/>
      </object_component>
      <object_component id="oc-201">
         <name>.debug_info</name>
         <load_address>0x8560</load_address>
         <run_address>0x8560</run_address>
         <size>0x14d</size>
         <input_file_ref idref="fl-d3"/>
      </object_component>
      <object_component id="oc-173">
         <name>.debug_info</name>
         <load_address>0x86ad</load_address>
         <run_address>0x86ad</run_address>
         <size>0x27d</size>
         <input_file_ref idref="fl-d3"/>
      </object_component>
      <object_component id="oc-144">
         <name>.debug_info</name>
         <load_address>0x892a</load_address>
         <run_address>0x892a</run_address>
         <size>0x2db</size>
         <input_file_ref idref="fl-d3"/>
      </object_component>
      <object_component id="oc-14a">
         <name>.debug_info</name>
         <load_address>0x8c05</load_address>
         <run_address>0x8c05</run_address>
         <size>0x2b5</size>
         <input_file_ref idref="fl-d3"/>
      </object_component>
      <object_component id="oc-28a">
         <name>.debug_info</name>
         <load_address>0x8eba</load_address>
         <run_address>0x8eba</run_address>
         <size>0x5f</size>
         <input_file_ref idref="fl-d3"/>
      </object_component>
      <object_component id="oc-205">
         <name>.debug_info</name>
         <load_address>0x8f19</load_address>
         <run_address>0x8f19</run_address>
         <size>0x19d</size>
         <input_file_ref idref="fl-d4"/>
      </object_component>
      <object_component id="oc-150">
         <name>.debug_info</name>
         <load_address>0x90b6</load_address>
         <run_address>0x90b6</run_address>
         <size>0x261</size>
         <input_file_ref idref="fl-d4"/>
      </object_component>
      <object_component id="oc-156">
         <name>.debug_info</name>
         <load_address>0x9317</load_address>
         <run_address>0x9317</run_address>
         <size>0x277</size>
         <input_file_ref idref="fl-d4"/>
      </object_component>
      <object_component id="oc-15c">
         <name>.debug_info</name>
         <load_address>0x958e</load_address>
         <run_address>0x958e</run_address>
         <size>0x227</size>
         <input_file_ref idref="fl-d4"/>
      </object_component>
      <object_component id="oc-162">
         <name>.debug_info</name>
         <load_address>0x97b5</load_address>
         <run_address>0x97b5</run_address>
         <size>0x221</size>
         <input_file_ref idref="fl-d4"/>
      </object_component>
      <object_component id="oc-23e">
         <name>.debug_info</name>
         <load_address>0x99d6</load_address>
         <run_address>0x99d6</run_address>
         <size>0x227</size>
         <input_file_ref idref="fl-d5"/>
      </object_component>
      <object_component id="oc-238">
         <name>.debug_info</name>
         <load_address>0x9bfd</load_address>
         <run_address>0x9bfd</run_address>
         <size>0x247</size>
         <input_file_ref idref="fl-d5"/>
      </object_component>
      <object_component id="oc-232">
         <name>.debug_info</name>
         <load_address>0x9e44</load_address>
         <run_address>0x9e44</run_address>
         <size>0x249</size>
         <input_file_ref idref="fl-d5"/>
      </object_component>
      <object_component id="oc-1a9">
         <name>.debug_info</name>
         <load_address>0xa08d</load_address>
         <run_address>0xa08d</run_address>
         <size>0x326</size>
         <input_file_ref idref="fl-d5"/>
      </object_component>
      <object_component id="oc-1af">
         <name>.debug_info</name>
         <load_address>0xa3b3</load_address>
         <run_address>0xa3b3</run_address>
         <size>0x273</size>
         <input_file_ref idref="fl-d5"/>
      </object_component>
      <object_component id="oc-1b5">
         <name>.debug_info</name>
         <load_address>0xa626</load_address>
         <run_address>0xa626</run_address>
         <size>0x24d</size>
         <input_file_ref idref="fl-d5"/>
      </object_component>
      <object_component id="oc-13e">
         <name>.debug_info</name>
         <load_address>0xa873</load_address>
         <run_address>0xa873</run_address>
         <size>0x12c</size>
         <input_file_ref idref="fl-d7"/>
      </object_component>
      <object_component id="oc-254">
         <name>.debug_info</name>
         <load_address>0xa99f</load_address>
         <run_address>0xa99f</run_address>
         <size>0x335</size>
         <input_file_ref idref="fl-d8"/>
      </object_component>
      <object_component id="oc-1bb">
         <name>.debug_info</name>
         <load_address>0xacd4</load_address>
         <run_address>0xacd4</run_address>
         <size>0x1fd</size>
         <input_file_ref idref="fl-d8"/>
      </object_component>
      <object_component id="oc-248">
         <name>.debug_info</name>
         <load_address>0xaed1</load_address>
         <run_address>0xaed1</run_address>
         <size>0x1bb</size>
         <input_file_ref idref="fl-d8"/>
      </object_component>
      <object_component id="oc-24e">
         <name>.debug_info</name>
         <load_address>0xb08c</load_address>
         <run_address>0xb08c</run_address>
         <size>0x16e</size>
         <input_file_ref idref="fl-d8"/>
      </object_component>
      <object_component id="oc-255">
         <name>.debug_info</name>
         <load_address>0xb1fa</load_address>
         <run_address>0xb1fa</run_address>
         <size>0x2c</size>
         <input_file_ref idref="fl-d8"/>
      </object_component>
      <object_component id="oc-25a">
         <name>.debug_info</name>
         <load_address>0xb226</load_address>
         <run_address>0xb226</run_address>
         <size>0x69</size>
         <input_file_ref idref="fl-d8"/>
      </object_component>
      <object_component id="oc-1f4">
         <name>.debug_info</name>
         <load_address>0xb28f</load_address>
         <run_address>0xb28f</run_address>
         <size>0x10d</size>
         <input_file_ref idref="fl-d9"/>
      </object_component>
      <object_component id="oc-2e5">
         <name>.debug_info</name>
         <load_address>0xb39c</load_address>
         <run_address>0xb39c</run_address>
         <size>0x8a6</size>
         <input_file_ref idref="fl-da"/>
      </object_component>
      <object_component id="oc-2b0">
         <name>.debug_info</name>
         <load_address>0xbc42</load_address>
         <run_address>0xbc42</run_address>
         <size>0x213</size>
         <input_file_ref idref="fl-da"/>
      </object_component>
      <object_component id="oc-335">
         <name>.debug_info</name>
         <load_address>0xbe55</load_address>
         <run_address>0xbe55</run_address>
         <size>0x1a8</size>
         <input_file_ref idref="fl-da"/>
      </object_component>
      <object_component id="oc-33b">
         <name>.debug_info</name>
         <load_address>0xbffd</load_address>
         <run_address>0xbffd</run_address>
         <size>0x210</size>
         <input_file_ref idref="fl-da"/>
      </object_component>
      <object_component id="oc-2bb">
         <name>.debug_info</name>
         <load_address>0xc20d</load_address>
         <run_address>0xc20d</run_address>
         <size>0x3b0</size>
         <input_file_ref idref="fl-da"/>
      </object_component>
      <object_component id="oc-342">
         <name>.debug_info</name>
         <load_address>0xc5bd</load_address>
         <run_address>0xc5bd</run_address>
         <size>0x2fa</size>
         <input_file_ref idref="fl-da"/>
      </object_component>
      <object_component id="oc-348">
         <name>.debug_info</name>
         <load_address>0xc8b7</load_address>
         <run_address>0xc8b7</run_address>
         <size>0x20a</size>
         <input_file_ref idref="fl-da"/>
      </object_component>
      <object_component id="oc-2c1">
         <name>.debug_info</name>
         <load_address>0xcac1</load_address>
         <run_address>0xcac1</run_address>
         <size>0x20a</size>
         <input_file_ref idref="fl-da"/>
      </object_component>
      <object_component id="oc-2c7">
         <name>.debug_info</name>
         <load_address>0xcccb</load_address>
         <run_address>0xcccb</run_address>
         <size>0x2f9</size>
         <input_file_ref idref="fl-da"/>
      </object_component>
      <object_component id="oc-2cd">
         <name>.debug_info</name>
         <load_address>0xcfc4</load_address>
         <run_address>0xcfc4</run_address>
         <size>0x4a5</size>
         <input_file_ref idref="fl-da"/>
      </object_component>
      <object_component id="oc-242">
         <name>.debug_info</name>
         <load_address>0xd469</load_address>
         <run_address>0xd469</run_address>
         <size>0x5cd</size>
         <input_file_ref idref="fl-da"/>
      </object_component>
      <object_component id="oc-2e6">
         <name>.debug_info</name>
         <load_address>0xda36</load_address>
         <run_address>0xda36</run_address>
         <size>0x86</size>
         <input_file_ref idref="fl-da"/>
      </object_component>
      <object_component id="oc-372">
         <name>.debug_info</name>
         <load_address>0xdabc</load_address>
         <run_address>0xdabc</run_address>
         <size>0x39</size>
         <input_file_ref idref="fl-da"/>
      </object_component>
      <object_component id="oc-3ad">
         <name>.debug_info</name>
         <load_address>0xdaf5</load_address>
         <run_address>0xdaf5</run_address>
         <size>0xb6</size>
         <input_file_ref idref="fl-da"/>
      </object_component>
      <object_component id="oc-377">
         <name>.debug_info</name>
         <load_address>0xdbab</load_address>
         <run_address>0xdbab</run_address>
         <size>0x46</size>
         <input_file_ref idref="fl-da"/>
      </object_component>
      <object_component id="oc-2eb">
         <name>.debug_info</name>
         <load_address>0xdbf1</load_address>
         <run_address>0xdbf1</run_address>
         <size>0x46</size>
         <input_file_ref idref="fl-da"/>
      </object_component>
      <object_component id="oc-30d">
         <name>.debug_info</name>
         <load_address>0xdc37</load_address>
         <run_address>0xdc37</run_address>
         <size>0x2ae</size>
         <input_file_ref idref="fl-db"/>
      </object_component>
      <object_component id="oc-2ab">
         <name>.debug_info</name>
         <load_address>0xdee5</load_address>
         <run_address>0xdee5</run_address>
         <size>0x171</size>
         <input_file_ref idref="fl-db"/>
      </object_component>
      <object_component id="oc-380">
         <name>.debug_info</name>
         <load_address>0xe056</load_address>
         <run_address>0xe056</run_address>
         <size>0xee</size>
         <input_file_ref idref="fl-dc"/>
      </object_component>
      <object_component id="oc-30a">
         <name>.debug_info</name>
         <load_address>0xe144</load_address>
         <run_address>0xe144</run_address>
         <size>0xfa</size>
         <input_file_ref idref="fl-dc"/>
      </object_component>
      <object_component id="oc-388">
         <name>.debug_info</name>
         <load_address>0xe23e</load_address>
         <run_address>0xe23e</run_address>
         <size>0x290</size>
         <input_file_ref idref="fl-dd"/>
      </object_component>
      <object_component id="oc-325">
         <name>.debug_info</name>
         <load_address>0xe4ce</load_address>
         <run_address>0xe4ce</run_address>
         <size>0x1c2</size>
         <input_file_ref idref="fl-dd"/>
      </object_component>
      <object_component id="oc-363">
         <name>.debug_info</name>
         <load_address>0xe690</load_address>
         <run_address>0xe690</run_address>
         <size>0x28b</size>
         <input_file_ref idref="fl-de"/>
      </object_component>
      <object_component id="oc-2d3">
         <name>.debug_info</name>
         <load_address>0xe91b</load_address>
         <run_address>0xe91b</run_address>
         <size>0x1ab</size>
         <input_file_ref idref="fl-de"/>
      </object_component>
      <object_component id="oc-39f">
         <name>.debug_info</name>
         <load_address>0xeac6</load_address>
         <run_address>0xeac6</run_address>
         <size>0x28f</size>
         <input_file_ref idref="fl-df"/>
      </object_component>
      <object_component id="oc-35c">
         <name>.debug_info</name>
         <load_address>0xed55</load_address>
         <run_address>0xed55</run_address>
         <size>0x247</size>
         <input_file_ref idref="fl-df"/>
      </object_component>
      <object_component id="oc-308">
         <name>.debug_info</name>
         <load_address>0xef9c</load_address>
         <run_address>0xef9c</run_address>
         <size>0x284</size>
         <input_file_ref idref="fl-e0"/>
      </object_component>
      <object_component id="oc-2a4">
         <name>.debug_info</name>
         <load_address>0xf220</load_address>
         <run_address>0xf220</run_address>
         <size>0x22a</size>
         <input_file_ref idref="fl-e0"/>
      </object_component>
      <object_component id="oc-36f">
         <name>.debug_info</name>
         <load_address>0xf44a</load_address>
         <run_address>0xf44a</run_address>
         <size>0x27e</size>
         <input_file_ref idref="fl-e1"/>
      </object_component>
      <object_component id="oc-36c">
         <name>.debug_info</name>
         <load_address>0xf6c8</load_address>
         <run_address>0xf6c8</run_address>
         <size>0x103</size>
         <input_file_ref idref="fl-e1"/>
      </object_component>
      <object_component id="oc-2df">
         <name>.debug_info</name>
         <load_address>0xf7cb</load_address>
         <run_address>0xf7cb</run_address>
         <size>0x143</size>
         <input_file_ref idref="fl-e1"/>
      </object_component>
      <object_component id="oc-390">
         <name>.debug_info</name>
         <load_address>0xf90e</load_address>
         <run_address>0xf90e</run_address>
         <size>0x28f</size>
         <input_file_ref idref="fl-e2"/>
      </object_component>
      <object_component id="oc-350">
         <name>.debug_info</name>
         <load_address>0xfb9d</load_address>
         <run_address>0xfb9d</run_address>
         <size>0x18a</size>
         <input_file_ref idref="fl-e2"/>
      </object_component>
      <object_component id="oc-3b8">
         <name>.debug_info</name>
         <load_address>0xfd27</load_address>
         <run_address>0xfd27</run_address>
         <size>0x39</size>
         <input_file_ref idref="fl-e2"/>
      </object_component>
      <object_component id="oc-391">
         <name>.debug_info</name>
         <load_address>0xfd60</load_address>
         <run_address>0xfd60</run_address>
         <size>0x2c</size>
         <input_file_ref idref="fl-e2"/>
      </object_component>
      <object_component id="oc-39d">
         <name>.debug_info</name>
         <load_address>0xfd8c</load_address>
         <run_address>0xfd8c</run_address>
         <size>0x2f2</size>
         <input_file_ref idref="fl-e3"/>
      </object_component>
      <object_component id="oc-356">
         <name>.debug_info</name>
         <load_address>0x1007e</load_address>
         <run_address>0x1007e</run_address>
         <size>0x21a</size>
         <input_file_ref idref="fl-e3"/>
      </object_component>
      <object_component id="oc-36a">
         <name>.debug_info</name>
         <load_address>0x10298</load_address>
         <run_address>0x10298</run_address>
         <size>0x284</size>
         <input_file_ref idref="fl-e4"/>
      </object_component>
      <object_component id="oc-2d9">
         <name>.debug_info</name>
         <load_address>0x1051c</load_address>
         <run_address>0x1051c</run_address>
         <size>0x14f</size>
         <input_file_ref idref="fl-e4"/>
      </object_component>
      <object_component id="oc-3a2">
         <name>.debug_info</name>
         <load_address>0x1066b</load_address>
         <run_address>0x1066b</run_address>
         <size>0x46</size>
         <input_file_ref idref="fl-e4"/>
      </object_component>
      <object_component id="oc-365">
         <name>.debug_info</name>
         <load_address>0x106b1</load_address>
         <run_address>0x106b1</run_address>
         <size>0x39</size>
         <input_file_ref idref="fl-e4"/>
      </object_component>
      <object_component id="oc-397">
         <name>.debug_info</name>
         <load_address>0x106ea</load_address>
         <run_address>0x106ea</run_address>
         <size>0x156</size>
         <input_file_ref idref="fl-e5"/>
      </object_component>
      <object_component id="oc-330">
         <name>.debug_info</name>
         <load_address>0x10840</load_address>
         <run_address>0x10840</run_address>
         <size>0x144</size>
         <input_file_ref idref="fl-e6"/>
      </object_component>
      <object_component id="oc-2b6">
         <name>.debug_info</name>
         <load_address>0x10984</load_address>
         <run_address>0x10984</run_address>
         <size>0x120</size>
         <input_file_ref idref="fl-e7"/>
      </object_component>
      <object_component id="oc-31b">
         <name>.debug_info</name>
         <load_address>0x10aa4</load_address>
         <run_address>0x10aa4</run_address>
         <size>0x122</size>
         <input_file_ref idref="fl-e7"/>
      </object_component>
      <object_component id="oc-316">
         <name>.debug_info</name>
         <load_address>0x10bc6</load_address>
         <run_address>0x10bc6</run_address>
         <size>0x132</size>
         <input_file_ref idref="fl-e8"/>
      </object_component>
      <object_component id="oc-311">
         <name>.debug_info</name>
         <load_address>0x10cf8</load_address>
         <run_address>0x10cf8</run_address>
         <size>0x132</size>
         <input_file_ref idref="fl-e9"/>
      </object_component>
      <object_component id="oc-320">
         <name>.debug_info</name>
         <load_address>0x10e2a</load_address>
         <run_address>0x10e2a</run_address>
         <size>0x126</size>
         <input_file_ref idref="fl-ea"/>
      </object_component>
      <object_component id="oc-32b">
         <name>.debug_info</name>
         <load_address>0x10f50</load_address>
         <run_address>0x10f50</run_address>
         <size>0x124</size>
         <input_file_ref idref="fl-eb"/>
      </object_component>
      <object_component id="oc-3ef">
         <name>.debug_info</name>
         <load_address>0x11074</load_address>
         <run_address>0x11074</run_address>
         <size>0xac</size>
      </object_component>
      <object_component id="oc-12d">
         <name>.debug_line</name>
         <load_address>0x0</load_address>
         <run_address>0x0</run_address>
         <size>0x85</size>
         <input_file_ref idref="fl-1"/>
      </object_component>
      <object_component id="oc-1c8">
         <name>.debug_line</name>
         <load_address>0x85</load_address>
         <run_address>0x85</run_address>
         <size>0x2d</size>
         <input_file_ref idref="fl-1"/>
      </object_component>
      <object_component id="oc-1ce">
         <name>.debug_line</name>
         <load_address>0xb2</load_address>
         <run_address>0xb2</run_address>
         <size>0x2d</size>
         <input_file_ref idref="fl-1"/>
      </object_component>
      <object_component id="oc-9c">
         <name>.debug_line</name>
         <load_address>0xdf</load_address>
         <run_address>0xdf</run_address>
         <size>0xbb</size>
         <input_file_ref idref="fl-1"/>
      </object_component>
      <object_component id="oc-1cb">
         <name>.debug_line</name>
         <load_address>0x19a</load_address>
         <run_address>0x19a</run_address>
         <size>0x2d</size>
         <input_file_ref idref="fl-1"/>
      </object_component>
      <object_component id="oc-131">
         <name>.debug_line</name>
         <load_address>0x1c7</load_address>
         <run_address>0x1c7</run_address>
         <size>0x32</size>
         <input_file_ref idref="fl-1"/>
      </object_component>
      <object_component id="oc-70">
         <name>.debug_line</name>
         <load_address>0x1f9</load_address>
         <run_address>0x1f9</run_address>
         <size>0x74</size>
         <input_file_ref idref="fl-1"/>
      </object_component>
      <object_component id="oc-b2">
         <name>.debug_line</name>
         <load_address>0x26d</load_address>
         <run_address>0x26d</run_address>
         <size>0x20</size>
         <input_file_ref idref="fl-1"/>
      </object_component>
      <object_component id="oc-ad">
         <name>.debug_line</name>
         <load_address>0x28d</load_address>
         <run_address>0x28d</run_address>
         <size>0x78</size>
         <input_file_ref idref="fl-1"/>
      </object_component>
      <object_component id="oc-75">
         <name>.debug_line</name>
         <load_address>0x305</load_address>
         <run_address>0x305</run_address>
         <size>0x75</size>
         <input_file_ref idref="fl-1"/>
      </object_component>
      <object_component id="oc-264">
         <name>.debug_line</name>
         <load_address>0x37a</load_address>
         <run_address>0x37a</run_address>
         <size>0x6f</size>
         <input_file_ref idref="fl-1"/>
      </object_component>
      <object_component id="oc-1c5">
         <name>.debug_line</name>
         <load_address>0x3e9</load_address>
         <run_address>0x3e9</run_address>
         <size>0x70</size>
         <input_file_ref idref="fl-1"/>
      </object_component>
      <object_component id="oc-22b">
         <name>.debug_line</name>
         <load_address>0x459</load_address>
         <run_address>0x459</run_address>
         <size>0xdd</size>
         <input_file_ref idref="fl-2"/>
      </object_component>
      <object_component id="oc-df">
         <name>.debug_line</name>
         <load_address>0x536</load_address>
         <run_address>0x536</run_address>
         <size>0x123</size>
         <input_file_ref idref="fl-2"/>
      </object_component>
      <object_component id="oc-ce">
         <name>.debug_line</name>
         <load_address>0x659</load_address>
         <run_address>0x659</run_address>
         <size>0x59</size>
         <input_file_ref idref="fl-3"/>
      </object_component>
      <object_component id="oc-c9">
         <name>.debug_line</name>
         <load_address>0x6b2</load_address>
         <run_address>0x6b2</run_address>
         <size>0x5e</size>
         <input_file_ref idref="fl-4"/>
      </object_component>
      <object_component id="oc-6c">
         <name>.debug_line</name>
         <load_address>0x710</load_address>
         <run_address>0x710</run_address>
         <size>0x41</size>
         <input_file_ref idref="fl-5"/>
      </object_component>
      <object_component id="oc-2b">
         <name>.debug_line</name>
         <load_address>0x751</load_address>
         <run_address>0x751</run_address>
         <size>0x41</size>
         <input_file_ref idref="fl-5"/>
      </object_component>
      <object_component id="oc-28">
         <name>.debug_line</name>
         <load_address>0x792</load_address>
         <run_address>0x792</run_address>
         <size>0xa1</size>
         <input_file_ref idref="fl-5"/>
      </object_component>
      <object_component id="oc-36">
         <name>.debug_line</name>
         <load_address>0x833</load_address>
         <run_address>0x833</run_address>
         <size>0x20</size>
         <input_file_ref idref="fl-5"/>
      </object_component>
      <object_component id="oc-c2">
         <name>.debug_line</name>
         <load_address>0x853</load_address>
         <run_address>0x853</run_address>
         <size>0x9e</size>
         <input_file_ref idref="fl-c1"/>
      </object_component>
      <object_component id="oc-48">
         <name>.debug_line</name>
         <load_address>0x8f1</load_address>
         <run_address>0x8f1</run_address>
         <size>0x4f</size>
         <input_file_ref idref="fl-c1"/>
      </object_component>
      <object_component id="oc-89">
         <name>.debug_line</name>
         <load_address>0x940</load_address>
         <run_address>0x940</run_address>
         <size>0x34</size>
         <input_file_ref idref="fl-c1"/>
      </object_component>
      <object_component id="oc-bf">
         <name>.debug_line</name>
         <load_address>0x974</load_address>
         <run_address>0x974</run_address>
         <size>0x8a</size>
         <input_file_ref idref="fl-c1"/>
      </object_component>
      <object_component id="oc-84">
         <name>.debug_line</name>
         <load_address>0x9fe</load_address>
         <run_address>0x9fe</run_address>
         <size>0x20</size>
         <input_file_ref idref="fl-c2"/>
      </object_component>
      <object_component id="oc-1c">
         <name>.debug_line</name>
         <load_address>0xa1e</load_address>
         <run_address>0xa1e</run_address>
         <size>0x55</size>
         <input_file_ref idref="fl-c2"/>
      </object_component>
      <object_component id="oc-41">
         <name>.debug_line</name>
         <load_address>0xa73</load_address>
         <run_address>0xa73</run_address>
         <size>0x3a</size>
         <input_file_ref idref="fl-c2"/>
      </object_component>
      <object_component id="oc-81">
         <name>.debug_line</name>
[...]
               <size>0x20</size>
               <logical_group_ref idref="lg-a"/>
            </allocated_space>
            <available_space>
               <start_address>0x20000518</start_address>
               <size>0x7ae8</size>
            </available_space>
         </usage_details>
      </memory_area>
   </placement_map>
   <cptbl_list>
      <cptbl>
         <name>__TI_cinit_table</name>
         <cprec>
            <name>.data</name>
            <load_address>0x3170</load_address>
            <load_size>0x16</load_size>
            <run_address>0x200004f8</run_address>
            <run_size>0x20</run_size>
            <compression>lzss</compression>
         </cprec>
         <cprec>
            <name>.bss</name>
            <load_address>0x3198</load_address>
            <load_size>0x8</load_size>
            <run_address>0x20000470</run_address>
            <run_size>0x88</run_size>
            <compression>zero_init</compression>
         </cprec>
         <cprec>
            <name>.vtable</name>
            <load_address>0x31a0</load_address>
            <load_size>0x8</load_size>
            <run_address>0x20000000</run_address>
            <run_size>0x26c</run_size>
            <compression>zero_init</compression>
         </cprec>
      </cptbl>
   </cptbl_list>
   <handler_table>
      <handler_table_name>__TI_handler_table</handler_table_name>
      <handler>
         <index>0x0</index>
         <name>__TI_zero_init</name>
      </handler>
      <handler>
         <index>0x1</index>
         <name>__TI_decompress_lzss</name>
      </handler>
      <handler>
         <index>0x2</index>
         <name>__TI_decompress_none</name>
      </handler>
   </handler_table>
   <symbol_table>
      <symbol id="sm-1">
         <name>__STACK_TOP</name>
         <value>0x20000470</value>
      </symbol>
      <symbol id="sm-2">
         <name>__TI_CINIT_Base</name>
         <value>0x31a8</value>
      </symbol>
      <symbol id="sm-3">
         <name>__TI_CINIT_Limit</name>
         <value>0x31c0</value>
      </symbol>
      <symbol id="sm-4">
         <name>__TI_Handler_Table_Base</name>
         <value>0x3188</value>
      </symbol>
      <symbol id="sm-5">
         <name>__TI_Handler_Table_Limit</name>
         <value>0x3194</value>
      </symbol>
      <symbol id="sm-6">
         <name>binit</name>
         <value>0xffffffff</value>
      </symbol>
      <symbol id="sm-7">
         <name>__binit__</name>
         <value>0xffffffff</value>
      </symbol>
      <symbol id="sm-8">
         <name>__STACK_SIZE</name>
         <value>0x200</value>
      </symbol>
      <symbol id="sm-9">
         <name>__STACK_END</name>
         <value>0x20000470</value>
      </symbol>
      <symbol id="sm-a">
         <name>__c_args__</name>
         <value>0xffffffff</value>
      </symbol>
      <symbol id="sm-b">
         <name>__TI_pprof_out_hndl</name>
         <value>0xffffffff</value>
      </symbol>
      <symbol id="sm-c">
         <name>__TI_prof_data_start</name>
         <value>0xffffffff</value>
      </symbol>
      <symbol id="sm-d">
         <name>__TI_prof_data_size</name>
         <value>0xffffffff</value>
      </symbol>
      <symbol id="sm-7a">
         <name>seg7Display</name>
         <value>0x2000050c</value>
         <object_component_ref idref="oc-ea"/>
      </symbol>
      <symbol id="sm-7b">
         <name>stopWatchUpdate</name>
         <value>0x1d55</value>
         <object_component_ref idref="oc-98"/>
      </symbol>
      <symbol id="sm-7c">
         <name>checkPushButton</name>
         <value>0x1d7b</value>
         <object_component_ref idref="oc-98"/>
      </symbol>
      <symbol id="sm-7d">
         <name>main</name>
         <value>0x1dfd</value>
         <object_component_ref idref="oc-98"/>
      </symbol>
      <symbol id="sm-7e">
         <name>sysState</name>
         <value>0x20000511</value>
         <object_component_ref idref="oc-e7"/>
      </symbol>
      <symbol id="sm-9d">
         <name>seg7Init</name>
         <value>0x130d</value>
         <object_component_ref idref="oc-db"/>
      </symbol>
      <symbol id="sm-9e">
         <name>seg7Update</name>
         <value>0x1499</value>
         <object_component_ref idref="oc-db"/>
      </symbol>
      <symbol id="sm-af">
         <name>seg7DigitUpdate</name>
         <value>0x29c5</value>
         <object_component_ref idref="oc-ca"/>
      </symbol>
      <symbol id="sm-b9">
         <name>stopWatchIncrement</name>
         <value>0x2ab1</value>
         <object_component_ref idref="oc-c5"/>
      </symbol>
      <symbol id="sm-da">
         <name>ResetISR</name>
         <value>0x2f2b</value>
         <object_component_ref idref="oc-24"/>
      </symbol>
      <symbol id="sm-db">
         <name>g_pfnVectors</name>
         <value>0x0</value>
         <object_component_ref idref="oc-f"/>
      </symbol>
      <symbol id="sm-f4">
         <name>__TI_zero_init_nomemset</name>
         <value>0x2ee9</value>
         <object_component_ref idref="oc-44"/>
      </symbol>
      <symbol id="sm-10b">
         <name>__TI_decompress_none</name>
         <value>0x2f1d</value>
         <object_component_ref idref="oc-18"/>
      </symbol>
      <symbol id="sm-12e">
         <name>__TI_decompress_lzss</name>
         <value>0x2845</value>
         <object_component_ref idref="oc-12"/>
      </symbol>
      <symbol id="sm-141">
         <name>__stack</name>
         <value>0x20000270</value>
         <object_component_ref idref="oc-21"/>
      </symbol>
      <symbol id="sm-142">
         <name>_c_int00_noargs</name>
         <value>0x2c99</value>
         <object_component_ref idref="oc-56"/>
      </symbol>
      <symbol id="sm-151">
         <name>__aeabi_memset</name>
         <value>0x275f</value>
         <object_component_ref idref="oc-8c"/>
      </symbol>
      <symbol id="sm-152">
         <name>memset</name>
         <value>0x2765</value>
         <object_component_ref idref="oc-8c"/>
      </symbol>
      <symbol id="sm-153">
         <name>__aeabi_memset8</name>
         <value>0x275f</value>
         <object_component_ref idref="oc-8c"/>
      </symbol>
      <symbol id="sm-154">
         <name>__aeabi_memset4</name>
         <value>0x275f</value>
         <object_component_ref idref="oc-8c"/>
      </symbol>
      <symbol id="sm-155">
         <name>__aeabi_memclr8</name>
         <value>0x275d</value>
         <object_component_ref idref="oc-8c"/>
      </symbol>
      <symbol id="sm-156">
         <name>__aeabi_memclr4</name>
         <value>0x275d</value>
         <object_component_ref idref="oc-8c"/>
      </symbol>
      <symbol id="sm-157">
         <name>__aeabi_memclr</name>
         <value>0x275d</value>
         <object_component_ref idref="oc-8c"/>
      </symbol>
      <symbol id="sm-172">
         <name>memcpy</name>
         <value>0x2491</value>
         <object_component_ref idref="oc-38"/>
      </symbol>
      <symbol id="sm-173">
         <name>__aeabi_memcpy</name>
         <value>0x2491</value>
         <object_component_ref idref="oc-38"/>
      </symbol>
      <symbol id="sm-174">
         <name>__aeabi_memcpy8</name>
         <value>0x2491</value>
         <object_component_ref idref="oc-38"/>
      </symbol>
      <symbol id="sm-175">
         <name>__aeabi_memcpy4</name>
         <value>0x2491</value>
         <object_component_ref idref="oc-38"/>
      </symbol>
      <symbol id="sm-19d">
         <name>__TI_auto_init_nobinit_nopinit</name>
         <value>0x2bd5</value>
         <object_component_ref idref="oc-fa"/>
      </symbol>
      <symbol id="sm-1a7">
         <name>_system_pre_init</name>
         <value>0x2f67</value>
         <object_component_ref idref="oc-92"/>
      </symbol>
      <symbol id="sm-1b3">
         <name>C$$EXIT</name>
         <value>0x2f6b</value>
         <object_component_ref idref="oc-ee"/>
      </symbol>
      <symbol id="sm-1b4">
         <name>abort</name>
         <value>0x2f6b</value>
         <object_component_ref idref="oc-ee"/>
      </symbol>
      <symbol id="sm-213">
         <name>schdExecute</name>
         <value>0xe75</value>
         <object_component_ref idref="oc-cf"/>
      </symbol>
      <symbol id="sm-214">
         <name>sysTimeWaitAbsolute</name>
         <value>0xdaf</value>
         <object_component_ref idref="oc-cf"/>
      </symbol>
      <symbol id="sm-215">
         <name>lpInit</name>
         <value>0xfd7</value>
         <object_component_ref idref="oc-cf"/>
      </symbol>
      <symbol id="sm-216">
         <name>sysTimeGet</name>
         <value>0xd5f</value>
         <object_component_ref idref="oc-cf"/>
      </symbol>
      <symbol id="sm-217">
         <name>sysTimeReached</name>
         <value>0xd65</value>
         <object_component_ref idref="oc-cf"/>
      </symbol>
      <symbol id="sm-218">
         <name>waitUs</name>
         <value>0xfa9</value>
         <object_component_ref idref="oc-cf"/>
      </symbol>
      <symbol id="sm-219">
         <name>sysTimeWait</name>
         <value>0xd8b</value>
         <object_component_ref idref="oc-cf"/>
      </symbol>
      <symbol id="sm-21a">
         <name>schdCallback</name>
         <value>0xdfb</value>
         <object_component_ref idref="oc-cf"/>
      </symbol>
      <symbol id="sm-21b">
         <name>waitMs</name>
         <value>0xf79</value>
         <object_component_ref idref="oc-cf"/>
      </symbol>
      <symbol id="sm-236">
         <name>ledInit</name>
         <value>0x2417</value>
         <object_component_ref idref="oc-167"/>
      </symbol>
      <symbol id="sm-237">
         <name>ledInitForced</name>
         <value>0x23f5</value>
         <object_component_ref idref="oc-167"/>
      </symbol>
      <symbol id="sm-238">
         <name>ledTurnOnOff</name>
         <value>0x242b</value>
         <object_component_ref idref="oc-167"/>
      </symbol>
      <symbol id="sm-256">
         <name>pbInitForced</name>
         <value>0x25c5</value>
         <object_component_ref idref="oc-d5"/>
      </symbol>
      <symbol id="sm-257">
         <name>pbInit</name>
         <value>0x25f9</value>
         <object_component_ref idref="oc-d5"/>
      </symbol>
      <symbol id="sm-258">
         <name>pbRead</name>
         <value>0x260d</value>
         <object_component_ref idref="oc-d5"/>
      </symbol>
      <symbol id="sm-26f">
         <name>uartPutString</name>
         <value>0x22db</value>
         <object_component_ref idref="oc-e1"/>
      </symbol>
      <symbol id="sm-270">
         <name>uprintf</name>
         <value>0x2307</value>
         <object_component_ref idref="oc-e1"/>
      </symbol>
      <symbol id="sm-271">
         <name>uartInit</name>
         <value>0x227d</value>
         <object_component_ref idref="oc-e1"/>
      </symbol>
      <symbol id="sm-272">
         <name>uartPutChar</name>
         <value>0x22b7</value>
         <object_component_ref idref="oc-e1"/>
      </symbol>
      <symbol id="sm-273">
         <name>uartGetChar</name>
         <value>0x22c9</value>
         <object_component_ref idref="oc-e1"/>
      </symbol>
      <symbol id="sm-2ca">
         <name>GPIOPinConfigure</name>
         <value>0x2afd</value>
         <object_component_ref idref="oc-19c"/>
      </symbol>
      <symbol id="sm-2cb">
         <name>GPIOPinTypeGPIOInput</name>
         <value>0x2ec5</value>
         <object_component_ref idref="oc-178"/>
      </symbol>
      <symbol id="sm-2cc">
         <name>GPIOPinTypeUART</name>
         <value>0x2ed7</value>
         <object_component_ref idref="oc-1a2"/>
      </symbol>
      <symbol id="sm-2cd">
         <name>GPIOPinTypeGPIOOutput</name>
         <value>0x2e19</value>
         <object_component_ref idref="oc-20f"/>
      </symbol>
      <symbol id="sm-2ce">
         <name>GPIOPinRead</name>
         <value>0x2f55</value>
         <object_component_ref idref="oc-184"/>
      </symbol>
      <symbol id="sm-2cf">
         <name>GPIODirModeSet</name>
         <value>0x2d97</value>
         <object_component_ref idref="oc-18e"/>
      </symbol>
      <symbol id="sm-2d0">
         <name>GPIOPinWrite</name>
         <value>0x2f5b</value>
         <object_component_ref idref="oc-194"/>
      </symbol>
      <symbol id="sm-2d1">
         <name>GPIOPadConfigSet</name>
         <value>0x1b03</value>
         <object_component_ref idref="oc-17e"/>
      </symbol>
      <symbol id="sm-2e8">
         <name>IntRegister</name>
         <value>0x2cd1</value>
         <object_component_ref idref="oc-206"/>
      </symbol>
      <symbol id="sm-2e9">
         <name>g_pfnRAMVectors</name>
         <value>0x20000000</value>
         <object_component_ref idref="oc-293"/>
      </symbol>
      <symbol id="sm-33b">
         <name>SysCtlClockSet</name>
         <value>0x2189</value>
         <object_component_ref idref="oc-143"/>
      </symbol>
      <symbol id="sm-33c">
         <name>SysCtlDelay</name>
         <value>0x2f61</value>
         <object_component_ref idref="oc-142"/>
      </symbol>
      <symbol id="sm-33d">
         <name>SysCtlPeripheralEnable</name>
         <value>0x2d05</value>
         <object_component_ref idref="oc-172"/>
      </symbol>
      <symbol id="sm-33e">
         <name>SysCtlClockGet</name>
         <value>0x1e6d</value>
         <object_component_ref idref="oc-149"/>
      </symbol>
      <symbol id="sm-36b">
         <name>SysTickEnable</name>
         <value>0x2e61</value>
         <object_component_ref idref="oc-161"/>
      </symbol>
      <symbol id="sm-36c">
         <name>SysTickIntRegister</name>
         <value>0x2de1</value>
         <object_component_ref idref="oc-155"/>
      </symbol>
      <symbol id="sm-36d">
         <name>SysTickIntEnable</name>
         <value>0x2e75</value>
         <object_component_ref idref="oc-15b"/>
      </symbol>
      <symbol id="sm-36e">
         <name>SysTickPeriodSet</name>
         <value>0x2f0d</value>
         <object_component_ref idref="oc-14f"/>
      </symbol>
      <symbol id="sm-3a1">
         <name>UARTConfigSetExpClk</name>
         <value>0x2b8d</value>
         <object_component_ref idref="oc-1a8"/>
      </symbol>
      <symbol id="sm-3a2">
         <name>UARTDisable</name>
         <value>0x2dc1</value>
         <object_component_ref idref="oc-231"/>
      </symbol>
      <symbol id="sm-3a3">
         <name>UARTCharPut</name>
         <value>0x2f41</value>
         <object_component_ref idref="oc-1ae"/>
      </symbol>
      <symbol id="sm-3a4">
         <name>UARTEnable</name>
         <value>0x2e89</value>
         <object_component_ref idref="oc-237"/>
      </symbol>
      <symbol id="sm-3a5">
         <name>UARTCharGet</name>
         <value>0x2f37</value>
         <object_component_ref idref="oc-1b4"/>
      </symbol>
      <symbol id="sm-3b3">
         <name>__aeabi_uldivmod</name>
         <value>0x252d</value>
         <object_component_ref idref="oc-13d"/>
      </symbol>
      <symbol id="sm-3e2">
         <name>vsnprintf</name>
         <value>0x2c19</value>
         <object_component_ref idref="oc-1ba"/>
      </symbol>
      <symbol id="sm-3ec">
         <name>__aeabi_idiv0</name>
         <value>0xccb</value>
         <object_component_ref idref="oc-1f3"/>
      </symbol>
      <symbol id="sm-3ed">
         <name>__aeabi_ldiv0</name>
         <value>0xccb</value>
         <object_component_ref idref="oc-1f3"/>
      </symbol>
      <symbol id="sm-552">
         <name>__TI_printfi</name>
         <value>0x26d</value>
         <object_component_ref idref="oc-241"/>
      </symbol>
      <symbol id="sm-568">
         <name>atoi</name>
         <value>0x2a65</value>
         <object_component_ref idref="oc-2a9"/>
      </symbol>
      <symbol id="sm-573">
         <name>_ctypes_</name>
         <value>0x2f70</value>
         <object_component_ref idref="oc-309"/>
      </symbol>
      <symbol id="sm-582">
         <name>ltoa</name>
         <value>0x2967</value>
         <object_component_ref idref="oc-324"/>
      </symbol>
      <symbol id="sm-592">
         <name>memccpy</name>
         <value>0x2dfd</value>
         <object_component_ref idref="oc-2d2"/>
      </symbol>
      <symbol id="sm-5a2">
         <name>strchr</name>
         <value>0x2e49</value>
         <object_component_ref idref="oc-35b"/>
      </symbol>
      <symbol id="sm-5b0">
         <name>strlen</name>
         <value>0x2eb1</value>
         <object_component_ref idref="oc-2a3"/>
      </symbol>
      <symbol id="sm-5c6">
         <name>__aeabi_errno_addr</name>
         <value>0x2f4d</value>
         <object_component_ref idref="oc-2de"/>
      </symbol>
      <symbol id="sm-5c7">
         <name>errno</name>
         <value>0x20000514</value>
         <object_component_ref idref="oc-36b"/>
      </symbol>
      <symbol id="sm-5e7">
         <name>frexpl</name>
         <value>0x28ad</value>
         <object_component_ref idref="oc-34f"/>
      </symbol>
      <symbol id="sm-5e8">
         <name>frexp</name>
         <value>0x28ad</value>
         <object_component_ref idref="oc-34f"/>
      </symbol>
      <symbol id="sm-605">
         <name>scalbn</name>
         <value>0x1f7d</value>
         <object_component_ref idref="oc-355"/>
      </symbol>
      <symbol id="sm-606">
         <name>scalbnl</name>
         <value>0x1f7d</value>
         <object_component_ref idref="oc-355"/>
      </symbol>
      <symbol id="sm-607">
         <name>ldexpl</name>
         <value>0x1f7d</value>
         <object_component_ref idref="oc-355"/>
      </symbol>
      <symbol id="sm-608">
         <name>ldexp</name>
         <value>0x1f7d</value>
         <object_component_ref idref="oc-355"/>
      </symbol>
      <symbol id="sm-621">
         <name>wcslen</name>
         <value>0x2efb</value>
         <object_component_ref idref="oc-2d8"/>
      </symbol>
      <symbol id="sm-62b">
         <name>copysign</name>
         <value>0x2e9d</value>
         <object_component_ref idref="oc-396"/>
      </symbol>
      <symbol id="sm-62c">
         <name>copysignl</name>
         <value>0x2e9d</value>
         <object_component_ref idref="oc-396"/>
      </symbol>
      <symbol id="sm-643">
         <name>__aeabi_dsub</name>
         <value>0x16d9</value>
         <object_component_ref idref="oc-32f"/>
      </symbol>
      <symbol id="sm-644">
         <name>__aeabi_dadd</name>
         <value>0x16e3</value>
         <object_component_ref idref="oc-32f"/>
      </symbol>
      <symbol id="sm-666">
         <name>__aeabi_cdcmpeq</name>
         <value>0x2651</value>
         <object_component_ref idref="oc-2b5"/>
      </symbol>
      <symbol id="sm-667">
         <name>__aeabi_cdcmple</name>
         <value>0x2651</value>
         <object_component_ref idref="oc-2b5"/>
      </symbol>
      <symbol id="sm-668">
         <name>__aeabi_cdrcmple</name>
         <value>0x26d7</value>
         <object_component_ref idref="oc-31a"/>
      </symbol>
      <symbol id="sm-67c">
         <name>__aeabi_ddiv</name>
         <value>0x19cd</value>
         <object_component_ref idref="oc-315"/>
      </symbol>
      <symbol id="sm-687">
         <name>__aeabi_dmul</name>
         <value>0x208d</value>
         <object_component_ref idref="oc-310"/>
      </symbol>
      <symbol id="sm-691">
         <name>__aeabi_d2iz</name>
         <value>0x2b45</value>
         <object_component_ref idref="oc-31f"/>
      </symbol>
      <symbol id="sm-69b">
         <name>__aeabi_i2d</name>
         <value>0x2d69</value>
         <object_component_ref idref="oc-32a"/>
      </symbol>
      <symbol id="sm-69c">
         <name>__TI_static_base__</name>
         <value>0x0</value>
      </symbol>
      <symbol id="sm-69f">
         <name>__mpu_init</name>
         <value>0x0</value>
      </symbol>
      <symbol id="sm-6a0">
         <name>_system_post_cinit</name>
         <value>0x0</value>
      </symbol>
   </symbol_table>
   <title>Link successful</title>
</link_info>
