******************************************************************************
                  TI ARM Linker Unix v18.1.3                   
******************************************************************************
>> Linked Mon Apr  1 13:41:57 2019

OUTPUT FILE NAME:   <Lab8.out>
ENTRY POINT SYMBOL: "_c_int00_noargs"  address: 00002df5


MEMORY CONFIGURATION

         name            origin    length      used     unused   attr    fill
----------------------  --------  ---------  --------  --------  ----  --------
  FLASH                 00000000   00020000  0000339a  0001cc66  R  X
  SRAM                  20000000   00008000  0000050f  00007af1  RW X


SEGMENT ALLOCATION MAP

run origin  load origin   length   init length attrs members
----------  ----------- ---------- ----------- ----- -------
00000000    00000000    000033a0   000033a0    r-x
  00000000    00000000    0000026c   0000026c    r-- .intvecs
  0000026c    0000026c    00002ee6   00002ee6    r-x .text
  00003154    00003154    00000200   00000200    r-- .const
  00003358    00003358    00000048   00000048    r-- .cinit
20000000    20000000    00000513   00000000    rw-
  20000000    20000000    0000026c   00000000    rw- .vtable
  20000270    20000270    00000200   00000000    rw- .stack
  20000470    20000470    00000084   00000000    rw- .bss
  200004f4    200004f4    0000001f   00000000    rw- .data


SECTION ALLOCATION MAP

 output                                  attributes/
section   page    origin      length       input sections
--------  ----  ----------  ----------   ----------------
.intvecs   0    00000000    0000026c     
                  00000000    0000026c     tm4c123ge6pm_startup_ccs.obj (.intvecs)

.text      0    0000026c    00002ee6     
                  0000026c    00000a5e     rtsv7M4_T_le_v4SPD16_eabi.lib : _printfi.c.obj (.text:__TI_printfi)
                  00000cca    00000002                                   : div0.asm.obj (.text)
                  00000ccc    000003d0     Util.lib : launchpad.obj (.text)
                  0000109c    000003c0     main.obj (.text)
                  0000145c    00000270     rtsv7M4_T_le_v4SPD16_eabi.lib : _printfi.c.obj (.text:_pconv_a)
                  000016cc    000001d0                                   : _printfi.c.obj (.text:_pconv_g)
                  0000189c    000001b6                                   : fd_add_t2.asm.obj (.text)
                  00001a52    00000002     --HOLE-- [fill = 0]
                  00001a54    0000013c                                   : _printfi.c.obj (.text:_pconv_e)
                  00001b90    00000136                                   : fd_div_t2.asm.obj (.text)
                  00001cc6    00000132     driverlib.lib : gpio.obj (.text:GPIOPadConfigSet)
                  00001df8    00000120     rtsv7M4_T_le_v4SPD16_eabi.lib : _printfi.c.obj (.text:fcvt)
                  00001f18    00000114     ranger.obj (.text)
                  0000202c    00000110     driverlib.lib : sysctl.obj (.text:SysCtlClockGet)
                  0000213c    00000110     rtsv7M4_T_le_v4SPD16_eabi.lib : s_scalbn.c.obj (.text:scalbn)
                  0000224c    000000fc                                   : fd_mul_t2.asm.obj (.text)
                  00002348    000000f4     driverlib.lib : sysctl.obj (.text:SysCtlClockSet)
                  0000243c    000000c4     Util.lib : uart.obj (.text)
                  00002500    000000b1     rtsv7M4_T_le_v4SPD16_eabi.lib : _printfi.c.obj (.text:_ltostr)
                  000025b1    00000001     --HOLE-- [fill = 0]
                  000025b2    0000009c                                   : memcpy_t2.asm.obj (.text)
                  0000264e    00000096                                   : ull_div_t2.asm.obj (.text)
                  000026e4    0000008c     Util.lib : pushbutton.obj (.text)
                  00002770    00000086     rtsv7M4_T_le_v4SPD16_eabi.lib : fd_cmp_t2.asm.obj (.text:__aeabi_cdcmple)
                  000027f6    00000086                                   : fd_cmp_t2.asm.obj (.text:__aeabi_cdrcmple)
                  0000287c    00000080     pwmbuzzer.obj (.text)
                  000028fc    0000007a     rtsv7M4_T_le_v4SPD16_eabi.lib : memset_t2.asm.obj (.text)
                  00002976    0000006e                                   : _printfi.c.obj (.text:_mcpy)
                  000029e4    00000068                                   : copy_decompress_lzss.c.obj (.text:decompress:lzss:__TI_decompress_lzss)
                  00002a4c    00000064                                   : s_frexp.c.obj (.text:frexp)
                  00002ab0    00000060     driverlib.lib : timer.obj (.text:TimerConfigure)
                  00002b10    00000056     rtsv7M4_T_le_v4SPD16_eabi.lib : _printfi.c.obj (.text:_pconv_f)
                  00002b66    00000054                                   : ltoa.c.obj (.text:ltoa)
                  00002bba    00000052                                   : _printfi.c.obj (.text:_ecpy)
                  00002c0c    0000004c                                   : atoi.c.obj (.text:atoi)
                  00002c58    00000048     driverlib.lib : gpio.obj (.text:GPIOPinConfigure)
                  00002ca0    00000048     rtsv7M4_T_le_v4SPD16_eabi.lib : fd_toi_t2.asm.obj (.text)
                  00002ce8    00000046     driverlib.lib : uart.obj (.text:UARTConfigSetExpClk)
                  00002d2e    00000002     --HOLE-- [fill = 0]
                  00002d30    00000044     rtsv7M4_T_le_v4SPD16_eabi.lib : autoinit.c.obj (.text:__TI_auto_init_nobinit_nopinit:__TI_auto_init_nobinit_nopinit)
                  00002d74    00000040                                   : vsnprintf.c.obj (.text:vsnprintf)
                  00002db4    0000003e                                   : _printfi.c.obj (.text:_fcpy)
                  00002df2    00000002     --HOLE-- [fill = 0]
                  00002df4    00000038                                   : boot_cortex_m.c.obj (.text:_c_int00_noargs:_c_int00_noargs)
                  00002e2c    00000034     driverlib.lib : interrupt.obj (.text:IntRegister)
                  00002e60    00000034                   : sysctl.obj (.text:SysCtlPeripheralEnable)
                  00002e94    00000030     rtsv7M4_T_le_v4SPD16_eabi.lib : vsnprintf.c.obj (.text:_outs)
                  00002ec4    0000002e                                   : i_tofd_t2.asm.obj (.text)
                  00002ef2    0000002a     driverlib.lib : gpio.obj (.text:GPIODirModeSet)
                  00002f1c    00000020                   : uart.obj (.text:UARTDisable)
                  00002f3c    0000001c                   : systick.obj (.text:SysTickIntRegister)
                  00002f58    0000001c     rtsv7M4_T_le_v4SPD16_eabi.lib : memccpy.c.obj (.text:memccpy)
                  00002f74    00000018     driverlib.lib : gpio.obj (.text:GPIOPinTypeGPIOOutput)
                  00002f8c    00000018                   : timer.obj (.text:TimerControlLevel)
                  00002fa4    00000018     rtsv7M4_T_le_v4SPD16_eabi.lib : vsnprintf.c.obj (.text:_outc)
                  00002fbc    00000016     driverlib.lib : timer.obj (.text:TimerControlEvent)
                  00002fd2    00000016     rtsv7M4_T_le_v4SPD16_eabi.lib : strchr.c.obj (.text:strchr)
                  00002fe8    00000014     driverlib.lib : systick.obj (.text:SysTickEnable)
                  00002ffc    00000014                   : systick.obj (.text:SysTickIntEnable)
                  00003010    00000014                   : uart.obj (.text:UARTEnable)
                  00003024    00000014     rtsv7M4_T_le_v4SPD16_eabi.lib : s_copysign.c.obj (.text:copysign)
                  00003038    00000014                                   : strlen.c.obj (.text:strlen)
                  0000304c    00000012     driverlib.lib : gpio.obj (.text:GPIOPinTypeGPIOInput)
                  0000305e    00000012                   : gpio.obj (.text:GPIOPinTypeTimer)
                  00003070    00000012                   : gpio.obj (.text:GPIOPinTypeUART)
                  00003082    00000012                   : timer.obj (.text:TimerLoadSet)
                  00003094    00000012                   : timer.obj (.text:TimerMatchSet)
                  000030a6    00000012     rtsv7M4_T_le_v4SPD16_eabi.lib : copy_zero_init.c.obj (.text:decompress:ZI:__TI_zero_init_nomemset:__TI_zero_init_nomemset)
                  000030b8    00000012                                   : wcslen.c.obj (.text:wcslen)
                  000030ca    00000002     --HOLE-- [fill = 0]
                  000030cc    00000010     driverlib.lib : systick.obj (.text:SysTickPeriodSet)
                  000030dc    0000000e                   : timer.obj (.text:TimerEnable)
                  000030ea    0000000e     rtsv7M4_T_le_v4SPD16_eabi.lib : copy_decompress_none.c.obj (.text:decompress:none:__TI_decompress_none)
                  000030f8    0000000c     tm4c123ge6pm_startup_ccs.obj (.text)
                  00003104    0000000a     driverlib.lib : timer.obj (.text:TimerIntStatus)
                  0000310e    0000000a                   : timer.obj (.text:TimerValueGet)
                  00003118    0000000a                   : uart.obj (.text:UARTCharGet)
                  00003122    0000000a                   : uart.obj (.text:UARTCharPut)
                  0000312c    00000008     rtsv7M4_T_le_v4SPD16_eabi.lib : errno.c.obj (.text:__aeabi_errno_addr)
                  00003134    00000006     driverlib.lib : gpio.obj (.text:GPIOPinRead)
                  0000313a    00000006                   : gpio.obj (.text:GPIOPinWrite)
                  00003140    00000006                   : sysctl.obj (.text:SysCtlDelay)
                  00003146    00000004                   : timer.obj (.text:TimerIntClear)
                  0000314a    00000004     rtsv7M4_T_le_v4SPD16_eabi.lib : pre_init.c.obj (.text:_system_pre_init)
                  0000314e    00000004                                   : exit.c.obj (.text:abort:abort)

.const     0    00003154    00000200     
                  00003154    00000101     rtsv7M4_T_le_v4SPD16_eabi.lib : ctype.c.obj (.const:.string:_ctypes_)
                  00003255    00000003     --HOLE-- [fill = 0]
                  00003258    00000090     driverlib.lib : gpio.obj (.const:g_pui32GPIOBaseAddrs)
                  000032e8    0000006c                   : sysctl.obj (.const:g_pui32Xtals)

.cinit     0    00003358    00000048     
                  00003358    00000010     (.cinit..data.load) [load image, compression = lzss]
                  00003368    0000000c     (__TI_handler_table)
                  00003374    00000004     --HOLE-- [fill = 0]
                  00003378    00000008     (.cinit..bss.load) [load image, compression = zero_init]
                  00003380    00000008     (.cinit..vtable.load) [load image, compression = zero_init]
                  00003388    00000018     (__TI_cinit_table)

.init_array 
*          0    00000000    00000000     UNINITIALIZED

.vtable    0    20000000    0000026c     UNINITIALIZED
                  20000000    0000026c     driverlib.lib : interrupt.obj (.vtable)

.bss       0    20000470    00000084     UNINITIALIZED
                  20000470    00000080     Util.lib : launchpad.obj (.bss:callbackHeap)
                  200004f0    00000004              : launchpad.obj (.bss)

.data      0    200004f4    0000001f     UNINITIALIZED
                  200004f4    00000010     main.obj (.data:buzzer)
                  20000504    00000008     Util.lib : launchpad.obj (.data)
                  2000050c    00000004     rtsv7M4_T_le_v4SPD16_eabi.lib : errno.c.obj (.data)
                  20000510    00000002     main.obj (.data)
                  20000512    00000001     Util.lib : pushbutton.obj (.data)

.stack     0    20000270    00000200     UNINITIALIZED
                  20000270    00000004     rtsv7M4_T_le_v4SPD16_eabi.lib : boot_cortex_m.c.obj (.stack)
                  20000274    000001fc     --HOLE--

MODULE SUMMARY

       Module                         code    ro data   rw data
       ------                         ----    -------   -------
    ./
       main.obj                       960     0         18     
       tm4c123ge6pm_startup_ccs.obj   12      620       0      
       ranger.obj                     276     0         0      
       pwmbuzzer.obj                  128     0         0      
    +--+------------------------------+-------+---------+---------+
       Total:                         1376    620       18     
                                                               
    /Applications/ti/TivaWare_C_Series-2.1.4.178/driverlib/ccs/Debug/driverlib.lib
       sysctl.obj                     574     108       0      
       interrupt.obj                  52      0         620    
       gpio.obj                       510     144       0      
       timer.obj                      216     0         0      
       uart.obj                       142     0         0      
       systick.obj                    84      0         0      
    +--+------------------------------+-------+---------+---------+
       Total:                         1578    252       620    
                                                               
    /Applications/ti/ccsv8/tools/compiler/ti-cgt-arm_18.1.3.LTS/lib/rtsv7M4_T_le_v4SPD16_eabi.lib
       _printfi.c.obj                 4863    0         0      
       fd_add_t2.asm.obj              438     0         0      
       fd_div_t2.asm.obj              310     0         0      
       s_scalbn.c.obj                 272     0         0      
       fd_cmp_t2.asm.obj              268     0         0      
       ctype.c.obj                    0       257       0      
       fd_mul_t2.asm.obj              252     0         0      
       memcpy_t2.asm.obj              156     0         0      
       ull_div_t2.asm.obj             150     0         0      
       vsnprintf.c.obj                136     0         0      
       memset_t2.asm.obj              122     0         0      
       copy_decompress_lzss.c.obj     104     0         0      
       s_frexp.c.obj                  100     0         0      
       ltoa.c.obj                     84      0         0      
       atoi.c.obj                     76      0         0      
       fd_toi_t2.asm.obj              72      0         0      
       autoinit.c.obj                 68      0         0      
       boot_cortex_m.c.obj            56      0         0      
       i_tofd_t2.asm.obj              46      0         0      
       memccpy.c.obj                  28      0         0      
       strchr.c.obj                   22      0         0      
       s_copysign.c.obj               20      0         0      
       strlen.c.obj                   20      0         0      
       copy_zero_init.c.obj           18      0         0      
       wcslen.c.obj                   18      0         0      
       copy_decompress_none.c.obj     14      0         0      
       errno.c.obj                    8       0         4      
       exit.c.obj                     4       0         0      
       pre_init.c.obj                 4       0         0      
       div0.asm.obj                   2       0         0      
    +--+------------------------------+-------+---------+---------+
       Total:                         7731    257       4      
                                                               
    /Users/chuangyizhang/Desktop/ECE 266/Util/Debug/Util.lib
       launchpad.obj                  976     0         140    
       uart.obj                       196     0         0      
       pushbutton.obj                 140     0         1      
    +--+------------------------------+-------+---------+---------+
       Total:                         1312    0         141    
                                                               
       Stack:                         0       0         512    
       Linker Generated:              0       68        0      
    +--+------------------------------+-------+---------+---------+
       Grand Total:                   11997   1197      1295   


LINKER GENERATED COPY TABLES

__TI_cinit_table @ 00003388 records: 3, size/record: 8, table size: 24
	.data: load addr=00003358, load size=00000010 bytes, run addr=200004f4, run size=0000001f bytes, compression=lzss
	.bss: load addr=00003378, load size=00000008 bytes, run addr=20000470, run size=00000084 bytes, compression=zero_init
	.vtable: load addr=00003380, load size=00000008 bytes, run addr=20000000, run size=0000026c bytes, compression=zero_init


LINKER GENERATED HANDLER TABLE

__TI_handler_table @ 00003368 records: 3, size/record: 4, table size: 12
	index: 0, handler: __TI_zero_init
	index: 1, handler: __TI_decompress_lzss
	index: 2, handler: __TI_decompress_none


GLOBAL SYMBOLS: SORTED ALPHABETICALLY BY Name 

address   name                          
-------   ----                          
0000314f  C$$EXIT                       
00002ef3  GPIODirModeSet                
00001cc7  GPIOPadConfigSet              
00002c59  GPIOPinConfigure              
00003135  GPIOPinRead                   
0000304d  GPIOPinTypeGPIOInput          
00002f75  GPIOPinTypeGPIOOutput         
0000305f  GPIOPinTypeTimer              
00003071  GPIOPinTypeUART               
0000313b  GPIOPinWrite                  
00002e2d  IntRegister                   
000030f9  ResetISR                      
0000202d  SysCtlClockGet                
00002349  SysCtlClockSet                
00003141  SysCtlDelay                   
00002e61  SysCtlPeripheralEnable        
00002fe9  SysTickEnable                 
00002ffd  SysTickIntEnable              
00002f3d  SysTickIntRegister            
000030cd  SysTickPeriodSet              
00002ab1  TimerConfigure                
00002fbd  TimerControlEvent             
00002f8d  TimerControlLevel             
000030dd  TimerEnable                   
00003147  TimerIntClear                 
00003105  TimerIntStatus                
00003083  TimerLoadSet                  
00003095  TimerMatchSet                 
0000310f  TimerValueGet                 
00003119  UARTCharGet                   
00003123  UARTCharPut                   
00002ce9  UARTConfigSetExpClk           
00002f1d  UARTDisable                   
00003011  UARTEnable                    
20000470  __STACK_END                   
00000200  __STACK_SIZE                  
20000470  __STACK_TOP                   
00003388  __TI_CINIT_Base               
000033a0  __TI_CINIT_Limit              
00003368  __TI_Handler_Table_Base       
00003374  __TI_Handler_Table_Limit      
00002d31  __TI_auto_init_nobinit_nopinit
000029e5  __TI_decompress_lzss          
000030eb  __TI_decompress_none          
ffffffff  __TI_pprof_out_hndl           
0000026d  __TI_printfi                  
ffffffff  __TI_prof_data_size           
ffffffff  __TI_prof_data_start          
00000000  __TI_static_base__            
000030a7  __TI_zero_init_nomemset       
00002771  __aeabi_cdcmpeq               
00002771  __aeabi_cdcmple               
000027f7  __aeabi_cdrcmple              
00002ca1  __aeabi_d2iz                  
000018a7  __aeabi_dadd                  
00001b91  __aeabi_ddiv                  
0000224d  __aeabi_dmul                  
0000189d  __aeabi_dsub                  
0000312d  __aeabi_errno_addr            
00002ec5  __aeabi_i2d                   
00000ccb  __aeabi_idiv0                 
00000ccb  __aeabi_ldiv0                 
000028fd  __aeabi_memclr                
000028fd  __aeabi_memclr4               
000028fd  __aeabi_memclr8               
000025b3  __aeabi_memcpy                
000025b3  __aeabi_memcpy4               
000025b3  __aeabi_memcpy8               
000028ff  __aeabi_memset                
000028ff  __aeabi_memset4               
000028ff  __aeabi_memset8               
0000264f  __aeabi_uldivmod              
ffffffff  __binit__                     
ffffffff  __c_args__                    
UNDEFED   __mpu_init                    
20000270  __stack                       
00002df5  _c_int00_noargs               
00003154  _ctypes_                      
UNDEFED   _system_post_cinit            
0000314b  _system_pre_init              
0000314f  abort                         
00002c0d  atoi                          
ffffffff  binit                         
0000112b  buzzerPlay                    
000028c9  buzzerPwmSet                  
000011e1  checkPushButton               
00001245  checkRange                    
00003025  copysign                      
00003025  copysignl                     
2000050c  errno                         
00002a4d  frexp                         
00002a4d  frexpl                        
20000000  g_pfnRAMVectors               
00000000  g_pfnVectors                  
0000213d  ldexp                         
0000213d  ldexpl                        
000010bf  ledInit                       
0000109d  ledInitForced                 
000010d3  ledTurnOnOff                  
00000fd7  lpInit                        
00002b67  ltoa                          
00001365  main                          
00002f59  memccpy                       
000025b3  memcpy                        
00002905  memset                        
00002719  pbInit                        
000026e5  pbInitForced                  
0000272d  pbRead                        
0000287d  pwmbuzzerInit                 
00001f7f  rangerDetect                  
00001f19  rangerInit                    
0000213d  scalbn                        
0000213d  scalbnl                       
00000dfb  schdCallback                  
00000e75  schdExecute                   
00001f49  sendStartPulse                
00002fd3  strchr                        
00003039  strlen                        
00000d5f  sysTimeGet                    
00000d65  sysTimeReached                
00000d8b  sysTimeWait                   
00000daf  sysTimeWaitAbsolute           
00002489  uartGetChar                   
0000243d  uartInit                      
00002477  uartPutChar                   
0000249b  uartPutString                 
000024c7  uprintf                       
20000511  userActivated                 
00002d75  vsnprintf                     
00000f79  waitMs                        
00000fa9  waitUs                        
000030b9  wcslen                        


GLOBAL SYMBOLS: SORTED BY Symbol Address 

address   name                          
-------   ----                          
00000000  __TI_static_base__            
00000000  g_pfnVectors                  
00000200  __STACK_SIZE                  
0000026d  __TI_printfi                  
00000ccb  __aeabi_idiv0                 
00000ccb  __aeabi_ldiv0                 
00000d5f  sysTimeGet                    
00000d65  sysTimeReached                
00000d8b  sysTimeWait                   
00000daf  sysTimeWaitAbsolute           
00000dfb  schdCallback                  
00000e75  schdExecute                   
00000f79  waitMs                        
00000fa9  waitUs                        
00000fd7  lpInit                        
0000109d  ledInitForced                 
000010bf  ledInit                       
000010d3  ledTurnOnOff                  
0000112b  buzzerPlay                    
000011e1  checkPushButton               
00001245  checkRange                    
00001365  main                          
0000189d  __aeabi_dsub                  
000018a7  __aeabi_dadd                  
00001b91  __aeabi_ddiv                  
00001cc7  GPIOPadConfigSet              
00001f19  rangerInit                    
00001f49  sendStartPulse                
00001f7f  rangerDetect                  
0000202d  SysCtlClockGet                
0000213d  ldexp                         
0000213d  ldexpl                        
0000213d  scalbn                        
0000213d  scalbnl                       
0000224d  __aeabi_dmul                  
00002349  SysCtlClockSet                
0000243d  uartInit                      
00002477  uartPutChar                   
00002489  uartGetChar                   
0000249b  uartPutString                 
000024c7  uprintf                       
000025b3  __aeabi_memcpy                
000025b3  __aeabi_memcpy4               
000025b3  __aeabi_memcpy8               
000025b3  memcpy                        
0000264f  __aeabi_uldivmod              
000026e5  pbInitForced                  
00002719  pbInit                        
0000272d  pbRead                        
00002771  __aeabi_cdcmpeq               
00002771  __aeabi_cdcmple               
000027f7  __aeabi_cdrcmple              
0000287d  pwmbuzzerInit                 
000028c9  buzzerPwmSet                  
000028fd  __aeabi_memclr                
000028fd  __aeabi_memclr4               
000028fd  __aeabi_memclr8               
000028ff  __aeabi_memset                
000028ff  __aeabi_memset4               
000028ff  __aeabi_memset8               
00002905  memset                        
000029e5  __TI_decompress_lzss          
00002a4d  frexp                         
00002a4d  frexpl                        
00002ab1  TimerConfigure                
00002b67  ltoa                          
00002c0d  atoi                          
00002c59  GPIOPinConfigure              
00002ca1  __aeabi_d2iz                  
00002ce9  UARTConfigSetExpClk           
00002d31  __TI_auto_init_nobinit_nopinit
00002d75  vsnprintf                     
00002df5  _c_int00_noargs               
00002e2d  IntRegister                   
00002e61  SysCtlPeripheralEnable        
00002ec5  __aeabi_i2d                   
00002ef3  GPIODirModeSet                
00002f1d  UARTDisable                   
00002f3d  SysTickIntRegister            
00002f59  memccpy                       
00002f75  GPIOPinTypeGPIOOutput         
00002f8d  TimerControlLevel             
00002fbd  TimerControlEvent             
00002fd3  strchr                        
00002fe9  SysTickEnable                 
00002ffd  SysTickIntEnable              
00003011  UARTEnable                    
00003025  copysign                      
00003025  copysignl                     
00003039  strlen                        
0000304d  GPIOPinTypeGPIOInput          
0000305f  GPIOPinTypeTimer              
00003071  GPIOPinTypeUART               
00003083  TimerLoadSet                  
00003095  TimerMatchSet                 
000030a7  __TI_zero_init_nomemset       
000030b9  wcslen                        
000030cd  SysTickPeriodSet              
000030dd  TimerEnable                   
000030eb  __TI_decompress_none          
000030f9  ResetISR                      
00003105  TimerIntStatus                
0000310f  TimerValueGet                 
00003119  UARTCharGet                   
00003123  UARTCharPut                   
0000312d  __aeabi_errno_addr            
00003135  GPIOPinRead                   
0000313b  GPIOPinWrite                  
00003141  SysCtlDelay                   
00003147  TimerIntClear                 
0000314b  _system_pre_init              
0000314f  C$$EXIT                       
0000314f  abort                         
00003154  _ctypes_                      
00003368  __TI_Handler_Table_Base       
00003374  __TI_Handler_Table_Limit      
00003388  __TI_CINIT_Base               
000033a0  __TI_CINIT_Limit              
20000000  g_pfnRAMVectors               
20000270  __stack                       
20000470  __STACK_END                   
20000470  __STACK_TOP                   
2000050c  errno                         
20000511  userActivated                 
ffffffff  __TI_pprof_out_hndl           
ffffffff  __TI_prof_data_size           
ffffffff  __TI_prof_data_start          
ffffffff  __binit__                     
ffffffff  __c_args__                    
ffffffff  binit                         
UNDEFED   __mpu_init                    
UNDEFED   _system_post_cinit            

[132 symbols]
