<?xml version="1.0" encoding="ISO-8859-1" ?>
<link_info>
   <banner>TI ARM Linker Unix v18.1.3.LTS</banner>
   <copyright>Copyright (c) 1996-2017 Texas Instruments Incorporated</copyright>
   <link_time>0x5ca25b75</link_time>
   <link_errors>0x0</link_errors>
   <output_file>Lab8.out</output_file>
   <entry_point>
      <name>_c_int00_noargs</name>
      <address>0x2df5</address>
   </entry_point>
   <input_file_list>
      <input_file id="fl-1">
         <path>./</path>
         <kind>object</kind>
         <file>main.obj</file>
         <name>main.obj</name>
      </input_file>
      <input_file id="fl-2">
         <path>./</path>
         <kind>object</kind>
         <file>pwmbuzzer.obj</file>
         <name>pwmbuzzer.obj</name>
      </input_file>
      <input_file id="fl-3">
         <path>./</path>
         <kind>object</kind>
         <file>ranger.obj</file>
         <name>ranger.obj</name>
      </input_file>
      <input_file id="fl-4">
         <path>./</path>
         <kind>object</kind>
         <file>tm4c123ge6pm_startup_ccs.obj</file>
         <name>tm4c123ge6pm_startup_ccs.obj</name>
      </input_file>
      <input_file id="fl-a">
         <kind>object</kind>
         <file>&lt;internal&gt;</file>
         <name>&lt;internal&gt;</name>
      </input_file>
      <input_file id="fl-c0">
         <path>/Applications/ti/ccsv8/tools/compiler/ti-cgt-arm_18.1.3.LTS/lib/</path>
         <kind>archive</kind>
         <file>rtsv7M4_T_le_v4SPD16_eabi.lib</file>
         <name>copy_zero_init.c.obj</name>
      </input_file>
      <input_file id="fl-c1">
         <path>/Applications/ti/ccsv8/tools/compiler/ti-cgt-arm_18.1.3.LTS/lib/</path>
         <kind>archive</kind>
         <file>rtsv7M4_T_le_v4SPD16_eabi.lib</file>
         <name>copy_decompress_none.c.obj</name>
      </input_file>
      <input_file id="fl-c2">
         <path>/Applications/ti/ccsv8/tools/compiler/ti-cgt-arm_18.1.3.LTS/lib/</path>
         <kind>archive</kind>
         <file>rtsv7M4_T_le_v4SPD16_eabi.lib</file>
         <name>copy_decompress_lzss.c.obj</name>
      </input_file>
      <input_file id="fl-c3">
         <path>/Applications/ti/ccsv8/tools/compiler/ti-cgt-arm_18.1.3.LTS/lib/</path>
         <kind>archive</kind>
         <file>rtsv7M4_T_le_v4SPD16_eabi.lib</file>
         <name>boot_cortex_m.c.obj</name>
      </input_file>
      <input_file id="fl-c4">
         <path>/Applications/ti/ccsv8/tools/compiler/ti-cgt-arm_18.1.3.LTS/lib/</path>
         <kind>archive</kind>
         <file>rtsv7M4_T_le_v4SPD16_eabi.lib</file>
         <name>memset_t2.asm.obj</name>
      </input_file>
      <input_file id="fl-c5">
         <path>/Applications/ti/ccsv8/tools/compiler/ti-cgt-arm_18.1.3.LTS/lib/</path>
         <kind>archive</kind>
         <file>rtsv7M4_T_le_v4SPD16_eabi.lib</file>
         <name>memcpy_t2.asm.obj</name>
      </input_file>
      <input_file id="fl-c6">
         <path>/Applications/ti/ccsv8/tools/compiler/ti-cgt-arm_18.1.3.LTS/lib/</path>
         <kind>archive</kind>
         <file>rtsv7M4_T_le_v4SPD16_eabi.lib</file>
         <name>autoinit.c.obj</name>
      </input_file>
      <input_file id="fl-c7">
         <path>/Applications/ti/ccsv8/tools/compiler/ti-cgt-arm_18.1.3.LTS/lib/</path>
         <kind>archive</kind>
         <file>rtsv7M4_T_le_v4SPD16_eabi.lib</file>
         <name>pre_init.c.obj</name>
      </input_file>
      <input_file id="fl-c8">
         <path>/Applications/ti/ccsv8/tools/compiler/ti-cgt-arm_18.1.3.LTS/lib/</path>
         <kind>archive</kind>
         <file>rtsv7M4_T_le_v4SPD16_eabi.lib</file>
         <name>cpy_tbl.c.obj</name>
      </input_file>
      <input_file id="fl-c9">
         <path>/Applications/ti/ccsv8/tools/compiler/ti-cgt-arm_18.1.3.LTS/lib/</path>
         <kind>archive</kind>
         <file>rtsv7M4_T_le_v4SPD16_eabi.lib</file>
         <name>exit.c.obj</name>
      </input_file>
      <input_file id="fl-ca">
         <path>/Applications/ti/ccsv8/tools/compiler/ti-cgt-arm_18.1.3.LTS/lib/</path>
         <kind>archive</kind>
         <file>rtsv7M4_T_le_v4SPD16_eabi.lib</file>
         <name>_lock.c.obj</name>
      </input_file>
      <input_file id="fl-cb">
         <path>/Applications/ti/ccsv8/tools/compiler/ti-cgt-arm_18.1.3.LTS/lib/</path>
         <kind>archive</kind>
         <file>rtsv7M4_T_le_v4SPD16_eabi.lib</file>
         <name>args_main.c.obj</name>
      </input_file>
      <input_file id="fl-cc">
         <path>/Users/chuangyizhang/Desktop/ECE 266/Util/Debug/</path>
         <kind>archive</kind>
         <file>Util.lib</file>
         <name>launchpad.obj</name>
      </input_file>
      <input_file id="fl-cd">
         <path>/Users/chuangyizhang/Desktop/ECE 266/Util/Debug/</path>
         <kind>archive</kind>
         <file>Util.lib</file>
         <name>pushbutton.obj</name>
      </input_file>
      <input_file id="fl-ce">
         <path>/Users/chuangyizhang/Desktop/ECE 266/Util/Debug/</path>
         <kind>archive</kind>
         <file>Util.lib</file>
         <name>uart.obj</name>
      </input_file>
      <input_file id="fl-cf">
         <path>/Applications/ti/TivaWare_C_Series-2.1.4.178/driverlib/ccs/Debug/</path>
         <kind>archive</kind>
         <file>driverlib.lib</file>
         <name>gpio.obj</name>
      </input_file>
      <input_file id="fl-d0">
         <path>/Applications/ti/TivaWare_C_Series-2.1.4.178/driverlib/ccs/Debug/</path>
         <kind>archive</kind>
         <file>driverlib.lib</file>
         <name>interrupt.obj</name>
      </input_file>
      <input_file id="fl-d1">
         <path>/Applications/ti/TivaWare_C_Series-2.1.4.178/driverlib/ccs/Debug/</path>
         <kind>archive</kind>
         <file>driverlib.lib</file>
         <name>sysctl.obj</name>
      </input_file>
      <input_file id="fl-d2">
         <path>/Applications/ti/TivaWare_C_Series-2.1.4.178/driverlib/ccs/Debug/</path>
         <kind>archive</kind>
         <file>driverlib.lib</file>
         <name>systick.obj</name>
      </input_file>
      <input_file id="fl-d3">
         <path>/Applications/ti/TivaWare_C_Series-2.1.4.178/driverlib/ccs/Debug/</path>
         <kind>archive</kind>
         <file>driverlib.lib</file>
         <name>timer.obj</name>
      </input_file>
      <input_file id="fl-d4">
         <path>/Applications/ti/TivaWare_C_Series-2.1.4.178/driverlib/ccs/Debug/</path>
         <kind>archive</kind>
         <file>driverlib.lib</file>
         <name>uart.obj</name>
      </input_file>
      <input_file id="fl-d5">
         <path>/Applications/ti/TivaWare_C_Series-2.1.4.178/driverlib/ccs/Debug/</path>
         <kind>archive</kind>
         <file>driverlib.lib</file>
         <name>cpu.obj</name>
      </input_file>
      <input_file id="fl-d6">
         <path>/Applications/ti/ccsv8/tools/compiler/ti-cgt-arm_18.1.3.LTS/lib/</path>
         <kind>archive</kind>
         <file>rtsv7M4_T_le_v4SPD16_eabi.lib</file>
         <name>ull_div_t2.asm.obj</name>
      </input_file>
      <input_file id="fl-d7">
         <path>/Applications/ti/ccsv8/tools/compiler/ti-cgt-arm_18.1.3.LTS/lib/</path>
         <kind>archive</kind>
         <file>rtsv7M4_T_le_v4SPD16_eabi.lib</file>
         <name>vsnprintf.c.obj</name>
      </input_file>
      <input_file id="fl-d8">
         <path>/Applications/ti/ccsv8/tools/compiler/ti-cgt-arm_18.1.3.LTS/lib/</path>
         <kind>archive</kind>
         <file>rtsv7M4_T_le_v4SPD16_eabi.lib</file>
         <name>div0.asm.obj</name>
      </input_file>
      <input_file id="fl-d9">
         <path>/Applications/ti/ccsv8/tools/compiler/ti-cgt-arm_18.1.3.LTS/lib/</path>
         <kind>archive</kind>
         <file>rtsv7M4_T_le_v4SPD16_eabi.lib</file>
         <name>_printfi.c.obj</name>
      </input_file>
      <input_file id="fl-da">
         <path>/Applications/ti/ccsv8/tools/compiler/ti-cgt-arm_18.1.3.LTS/lib/</path>
         <kind>archive</kind>
         <file>rtsv7M4_T_le_v4SPD16_eabi.lib</file>
         <name>atoi.c.obj</name>
      </input_file>
      <input_file id="fl-db">
         <path>/Applications/ti/ccsv8/tools/compiler/ti-cgt-arm_18.1.3.LTS/lib/</path>
         <kind>archive</kind>
         <file>rtsv7M4_T_le_v4SPD16_eabi.lib</file>
         <name>ctype.c.obj</name>
      </input_file>
      <input_file id="fl-dc">
         <path>/Applications/ti/ccsv8/tools/compiler/ti-cgt-arm_18.1.3.LTS/lib/</path>
         <kind>archive</kind>
         <file>rtsv7M4_T_le_v4SPD16_eabi.lib</file>
         <name>ltoa.c.obj</name>
      </input_file>
      <input_file id="fl-dd">
         <path>/Applications/ti/ccsv8/tools/compiler/ti-cgt-arm_18.1.3.LTS/lib/</path>
         <kind>archive</kind>
         <file>rtsv7M4_T_le_v4SPD16_eabi.lib</file>
         <name>memccpy.c.obj</name>
      </input_file>
      <input_file id="fl-de">
         <path>/Applications/ti/ccsv8/tools/compiler/ti-cgt-arm_18.1.3.LTS/lib/</path>
         <kind>archive</kind>
         <file>rtsv7M4_T_le_v4SPD16_eabi.lib</file>
         <name>strchr.c.obj</name>
      </input_file>
      <input_file id="fl-df">
         <path>/Applications/ti/ccsv8/tools/compiler/ti-cgt-arm_18.1.3.LTS/lib/</path>
         <kind>archive</kind>
         <file>rtsv7M4_T_le_v4SPD16_eabi.lib</file>
         <name>strlen.c.obj</name>
      </input_file>
      <input_file id="fl-e0">
         <path>/Applications/ti/ccsv8/tools/compiler/ti-cgt-arm_18.1.3.LTS/lib/</path>
         <kind>archive</kind>
         <file>rtsv7M4_T_le_v4SPD16_eabi.lib</file>
         <name>errno.c.obj</name>
      </input_file>
      <input_file id="fl-e1">
         <path>/Applications/ti/ccsv8/tools/compiler/ti-cgt-arm_18.1.3.LTS/lib/</path>
         <kind>archive</kind>
         <file>rtsv7M4_T_le_v4SPD16_eabi.lib</file>
         <name>s_frexp.c.obj</name>
      </input_file>
      <input_file id="fl-e2">
         <path>/Applications/ti/ccsv8/tools/compiler/ti-cgt-arm_18.1.3.LTS/lib/</path>
         <kind>archive</kind>
         <file>rtsv7M4_T_le_v4SPD16_eabi.lib</file>
         <name>s_scalbn.c.obj</name>
      </input_file>
      <input_file id="fl-e3">
         <path>/Applications/ti/ccsv8/tools/compiler/ti-cgt-arm_18.1.3.LTS/lib/</path>
         <kind>archive</kind>
         <file>rtsv7M4_T_le_v4SPD16_eabi.lib</file>
         <name>wcslen.c.obj</name>
      </input_file>
      <input_file id="fl-e4">
         <path>/Applications/ti/ccsv8/tools/compiler/ti-cgt-arm_18.1.3.LTS/lib/</path>
         <kind>archive</kind>
         <file>rtsv7M4_T_le_v4SPD16_eabi.lib</file>
         <name>s_copysign.c.obj</name>
      </input_file>
      <input_file id="fl-e5">
         <path>/Applications/ti/ccsv8/tools/compiler/ti-cgt-arm_18.1.3.LTS/lib/</path>
         <kind>archive</kind>
         <file>rtsv7M4_T_le_v4SPD16_eabi.lib</file>
         <name>fd_add_t2.asm.obj</name>
      </input_file>
      <input_file id="fl-e6">
         <path>/Applications/ti/ccsv8/tools/compiler/ti-cgt-arm_18.1.3.LTS/lib/</path>
         <kind>archive</kind>
         <file>rtsv7M4_T_le_v4SPD16_eabi.lib</file>
         <name>fd_cmp_t2.asm.obj</name>
      </input_file>
      <input_file id="fl-e7">
         <path>/Applications/ti/ccsv8/tools/compiler/ti-cgt-arm_18.1.3.LTS/lib/</path>
         <kind>archive</kind>
         <file>rtsv7M4_T_le_v4SPD16_eabi.lib</file>
         <name>fd_div_t2.asm.obj</name>
      </input_file>
      <input_file id="fl-e8">
         <path>/Applications/ti/ccsv8/tools/compiler/ti-cgt-arm_18.1.3.LTS/lib/</path>
         <kind>archive</kind>
         <file>rtsv7M4_T_le_v4SPD16_eabi.lib</file>
         <name>fd_mul_t2.asm.obj</name>
      </input_file>
      <input_file id="fl-e9">
         <path>/Applications/ti/ccsv8/tools/compiler/ti-cgt-arm_18.1.3.LTS/lib/</path>
         <kind>archive</kind>
         <file>rtsv7M4_T_le_v4SPD16_eabi.lib</file>
         <name>fd_toi_t2.asm.obj</name>
      </input_file>
      <input_file id="fl-ea">
         <path>/Applications/ti/ccsv8/tools/compiler/ti-cgt-arm_18.1.3.LTS/lib/</path>
         <kind>archive</kind>
         <file>rtsv7M4_T_le_v4SPD16_eabi.lib</file>
         <name>i_tofd_t2.asm.obj</name>
      </input_file>
   </input_file_list>
   <object_component_list>
      <object_component id="oc-f">
         <name>.intvecs</name>
         <load_address>0x0</load_address>
         <run_address>0x0</run_address>
         <size>0x26c</size>
         <input_file_ref idref="fl-4"/>
      </object_component>
      <object_component id="oc-276">
         <name>.text:__TI_printfi</name>
         <load_address>0x26c</load_address>
         <run_address>0x26c</run_address>
         <size>0xa5e</size>
         <input_file_ref idref="fl-d9"/>
      </object_component>
      <object_component id="oc-243">
         <name>.text</name>
         <load_address>0xcca</load_address>
         <run_address>0xcca</run_address>
         <size>0x2</size>
         <input_file_ref idref="fl-d8"/>
      </object_component>
      <object_component id="oc-dd">
         <name>.text</name>
         <load_address>0xccc</load_address>
         <run_address>0xccc</run_address>
         <size>0x3d0</size>
         <input_file_ref idref="fl-cc"/>
      </object_component>
      <object_component id="oc-98">
         <name>.text</name>
         <load_address>0x109c</load_address>
         <run_address>0x109c</run_address>
         <size>0x3c0</size>
         <input_file_ref idref="fl-1"/>
      </object_component>
      <object_component id="oc-2fb">
         <name>.text:_pconv_a</name>
         <load_address>0x145c</load_address>
         <run_address>0x145c</run_address>
         <size>0x270</size>
         <input_file_ref idref="fl-d9"/>
      </object_component>
      <object_component id="oc-2e9">
         <name>.text:_pconv_g</name>
         <load_address>0x16cc</load_address>
         <run_address>0x16cc</run_address>
         <size>0x1d0</size>
         <input_file_ref idref="fl-d9"/>
      </object_component>
      <object_component id="oc-35e">
         <name>.text</name>
         <load_address>0x189c</load_address>
         <run_address>0x189c</run_address>
         <size>0x1b6</size>
         <input_file_ref idref="fl-e5"/>
      </object_component>
      <object_component id="oc-2f5">
         <name>.text:_pconv_e</name>
         <load_address>0x1a54</load_address>
         <run_address>0x1a54</run_address>
         <size>0x13c</size>
         <input_file_ref idref="fl-d9"/>
      </object_component>
      <object_component id="oc-344">
         <name>.text</name>
         <load_address>0x1b90</load_address>
         <run_address>0x1b90</run_address>
         <size>0x136</size>
         <input_file_ref idref="fl-e7"/>
      </object_component>
      <object_component id="oc-148">
         <name>.text:GPIOPadConfigSet</name>
         <load_address>0x1cc6</load_address>
         <run_address>0x1cc6</run_address>
         <size>0x132</size>
         <input_file_ref idref="fl-cf"/>
      </object_component>
      <object_component id="oc-370">
         <name>.text:fcvt</name>
         <load_address>0x1df8</load_address>
         <run_address>0x1df8</run_address>
         <size>0x120</size>
         <input_file_ref idref="fl-d9"/>
      </object_component>
      <object_component id="oc-ef">
         <name>.text</name>
         <load_address>0x1f18</load_address>
         <run_address>0x1f18</run_address>
         <size>0x114</size>
         <input_file_ref idref="fl-3"/>
      </object_component>
      <object_component id="oc-194">
         <name>.text:SysCtlClockGet</name>
         <load_address>0x202c</load_address>
         <run_address>0x202c</run_address>
         <size>0x110</size>
         <input_file_ref idref="fl-d1"/>
      </object_component>
      <object_component id="oc-384">
         <name>.text:scalbn</name>
         <load_address>0x213c</load_address>
         <run_address>0x213c</run_address>
         <size>0x110</size>
         <input_file_ref idref="fl-e2"/>
      </object_component>
      <object_component id="oc-33f">
         <name>.text</name>
         <load_address>0x224c</load_address>
         <run_address>0x224c</run_address>
         <size>0xfc</size>
         <input_file_ref idref="fl-e8"/>
      </object_component>
      <object_component id="oc-18e">
         <name>.text:SysCtlClockSet</name>
         <load_address>0x2348</load_address>
         <run_address>0x2348</run_address>
         <size>0xf4</size>
         <input_file_ref idref="fl-d1"/>
      </object_component>
      <object_component id="oc-e9">
         <name>.text</name>
         <load_address>0x243c</load_address>
         <run_address>0x243c</run_address>
         <size>0xc4</size>
         <input_file_ref idref="fl-ce"/>
      </object_component>
      <object_component id="oc-2de">
         <name>.text:_ltostr</name>
         <load_address>0x2500</load_address>
         <run_address>0x2500</run_address>
         <size>0xb1</size>
         <input_file_ref idref="fl-d9"/>
      </object_component>
      <object_component id="oc-38">
         <name>.text</name>
         <load_address>0x25b2</load_address>
         <run_address>0x25b2</run_address>
         <size>0x9c</size>
         <input_file_ref idref="fl-c5"/>
      </object_component>
      <object_component id="oc-188">
         <name>.text</name>
         <load_address>0x264e</load_address>
         <run_address>0x264e</run_address>
         <size>0x96</size>
         <input_file_ref idref="fl-d6"/>
      </object_component>
      <object_component id="oc-e3">
         <name>.text</name>
         <load_address>0x26e4</load_address>
         <run_address>0x26e4</run_address>
         <size>0x8c</size>
         <input_file_ref idref="fl-cd"/>
      </object_component>
      <object_component id="oc-2e4">
         <name>.text:__aeabi_cdcmple</name>
         <load_address>0x2770</load_address>
         <run_address>0x2770</run_address>
         <size>0x86</size>
         <input_file_ref idref="fl-e6"/>
      </object_component>
      <object_component id="oc-349">
         <name>.text:__aeabi_cdrcmple</name>
         <load_address>0x27f6</load_address>
         <run_address>0x27f6</run_address>
         <size>0x86</size>
         <input_file_ref idref="fl-e6"/>
      </object_component>
      <object_component id="oc-d7">
         <name>.text</name>
         <load_address>0x287c</load_address>
         <run_address>0x287c</run_address>
         <size>0x80</size>
         <input_file_ref idref="fl-2"/>
      </object_component>
      <object_component id="oc-8c">
         <name>.text</name>
         <load_address>0x28fc</load_address>
         <run_address>0x28fc</run_address>
         <size>0x7a</size>
         <input_file_ref idref="fl-c4"/>
      </object_component>
      <object_component id="oc-369">
         <name>.text:_mcpy</name>
         <load_address>0x2976</load_address>
         <run_address>0x2976</run_address>
         <size>0x6e</size>
         <input_file_ref idref="fl-d9"/>
      </object_component>
      <object_component id="oc-12">
         <name>.text:decompress:lzss:__TI_decompress_lzss</name>
         <load_address>0x29e4</load_address>
         <run_address>0x29e4</run_address>
         <size>0x68</size>
         <input_file_ref idref="fl-c2"/>
      </object_component>
      <object_component id="oc-37e">
         <name>.text:frexp</name>
         <load_address>0x2a4c</load_address>
         <run_address>0x2a4c</run_address>
         <size>0x64</size>
         <input_file_ref idref="fl-e1"/>
      </object_component>
      <object_component id="oc-163">
         <name>.text:TimerConfigure</name>
         <load_address>0x2ab0</load_address>
         <run_address>0x2ab0</run_address>
         <size>0x60</size>
         <input_file_ref idref="fl-d3"/>
      </object_component>
      <object_component id="oc-2ef">
         <name>.text:_pconv_f</name>
         <load_address>0x2b10</load_address>
         <run_address>0x2b10</run_address>
         <size>0x56</size>
         <input_file_ref idref="fl-d9"/>
      </object_component>
      <object_component id="oc-353">
         <name>.text:ltoa</name>
         <load_address>0x2b66</load_address>
         <run_address>0x2b66</run_address>
         <size>0x54</size>
         <input_file_ref idref="fl-dc"/>
      </object_component>
      <object_component id="oc-363">
         <name>.text:_ecpy</name>
         <load_address>0x2bba</load_address>
         <run_address>0x2bba</run_address>
         <size>0x52</size>
         <input_file_ref idref="fl-d9"/>
      </object_component>
      <object_component id="oc-2d8">
         <name>.text:atoi</name>
         <load_address>0x2c0c</load_address>
         <run_address>0x2c0c</run_address>
         <size>0x4c</size>
         <input_file_ref idref="fl-da"/>
      </object_component>
      <object_component id="oc-15d">
         <name>.text:GPIOPinConfigure</name>
         <load_address>0x2c58</load_address>
         <run_address>0x2c58</run_address>
         <size>0x48</size>
         <input_file_ref idref="fl-cf"/>
      </object_component>
      <object_component id="oc-34e">
         <name>.text</name>
         <load_address>0x2ca0</load_address>
         <run_address>0x2ca0</run_address>
         <size>0x48</size>
         <input_file_ref idref="fl-e9"/>
      </object_component>
      <object_component id="oc-1cd">
         <name>.text:UARTConfigSetExpClk</name>
         <load_address>0x2ce8</load_address>
         <run_address>0x2ce8</run_address>
         <size>0x46</size>
         <input_file_ref idref="fl-d4"/>
      </object_component>
      <object_component id="oc-108">
         <name>.text:__TI_auto_init_nobinit_nopinit:__TI_auto_init_nobinit_nopinit</name>
         <load_address>0x2d30</load_address>
         <run_address>0x2d30</run_address>
         <size>0x44</size>
         <input_file_ref idref="fl-c6"/>
      </object_component>
      <object_component id="oc-1df">
         <name>.text:vsnprintf</name>
         <load_address>0x2d74</load_address>
         <run_address>0x2d74</run_address>
         <size>0x40</size>
         <input_file_ref idref="fl-d7"/>
      </object_component>
      <object_component id="oc-376">
         <name>.text:_fcpy</name>
         <load_address>0x2db4</load_address>
         <run_address>0x2db4</run_address>
         <size>0x3e</size>
         <input_file_ref idref="fl-d9"/>
      </object_component>
      <object_component id="oc-56">
         <name>.text:_c_int00_noargs:_c_int00_noargs</name>
         <load_address>0x2df4</load_address>
         <run_address>0x2df4</run_address>
         <size>0x38</size>
         <input_file_ref idref="fl-c3"/>
      </object_component>
      <object_component id="oc-250">
         <name>.text:IntRegister</name>
         <load_address>0x2e2c</load_address>
         <run_address>0x2e2c</run_address>
         <size>0x34</size>
         <input_file_ref idref="fl-d0"/>
      </object_component>
      <object_component id="oc-c5">
         <name>.text:SysCtlPeripheralEnable</name>
         <load_address>0x2e60</load_address>
         <run_address>0x2e60</run_address>
         <size>0x34</size>
         <input_file_ref idref="fl-d1"/>
      </object_component>
      <object_component id="oc-27c">
         <name>.text:_outs</name>
         <load_address>0x2e94</load_address>
         <run_address>0x2e94</run_address>
         <size>0x30</size>
         <input_file_ref idref="fl-d7"/>
      </object_component>
      <object_component id="oc-359">
         <name>.text</name>
         <load_address>0x2ec4</load_address>
         <run_address>0x2ec4</run_address>
         <size>0x2e</size>
         <input_file_ref idref="fl-ea"/>
      </object_component>
      <object_component id="oc-14e">
         <name>.text:GPIODirModeSet</name>
         <load_address>0x2ef2</load_address>
         <run_address>0x2ef2</run_address>
         <size>0x2a</size>
         <input_file_ref idref="fl-cf"/>
      </object_component>
      <object_component id="oc-266">
         <name>.text:UARTDisable</name>
         <load_address>0x2f1c</load_address>
         <run_address>0x2f1c</run_address>
         <size>0x20</size>
         <input_file_ref idref="fl-d4"/>
      </object_component>
      <object_component id="oc-1a0">
         <name>.text:SysTickIntRegister</name>
         <load_address>0x2f3c</load_address>
         <run_address>0x2f3c</run_address>
         <size>0x1c</size>
         <input_file_ref idref="fl-d2"/>
      </object_component>
      <object_component id="oc-301">
         <name>.text:memccpy</name>
         <load_address>0x2f58</load_address>
         <run_address>0x2f58</run_address>
         <size>0x1c</size>
         <input_file_ref idref="fl-dd"/>
      </object_component>
      <object_component id="oc-cb">
         <name>.text:GPIOPinTypeGPIOOutput</name>
         <load_address>0x2f74</load_address>
         <run_address>0x2f74</run_address>
         <size>0x18</size>
         <input_file_ref idref="fl-cf"/>
      </object_component>
      <object_component id="oc-169">
         <name>.text:TimerControlLevel</name>
         <load_address>0x2f8c</load_address>
         <run_address>0x2f8c</run_address>
         <size>0x18</size>
         <input_file_ref idref="fl-d3"/>
      </object_component>
      <object_component id="oc-282">
         <name>.text:_outc</name>
         <load_address>0x2fa4</load_address>
         <run_address>0x2fa4</run_address>
         <size>0x18</size>
         <input_file_ref idref="fl-d7"/>
      </object_component>
      <object_component id="oc-1ec">
         <name>.text:TimerControlEvent</name>
         <load_address>0x2fbc</load_address>
         <run_address>0x2fbc</run_address>
         <size>0x16</size>
         <input_file_ref idref="fl-d3"/>
      </object_component>
      <object_component id="oc-38a">
         <name>.text:strchr</name>
         <load_address>0x2fd2</load_address>
         <run_address>0x2fd2</run_address>
         <size>0x16</size>
         <input_file_ref idref="fl-de"/>
      </object_component>
      <object_component id="oc-1ac">
         <name>.text:SysTickEnable</name>
         <load_address>0x2fe8</load_address>
         <run_address>0x2fe8</run_address>
         <size>0x14</size>
         <input_file_ref idref="fl-d2"/>
      </object_component>
      <object_component id="oc-1a6">
         <name>.text:SysTickIntEnable</name>
         <load_address>0x2ffc</load_address>
         <run_address>0x2ffc</run_address>
         <size>0x14</size>
         <input_file_ref idref="fl-d2"/>
      </object_component>
      <object_component id="oc-26c">
         <name>.text:UARTEnable</name>
         <load_address>0x3010</load_address>
         <run_address>0x3010</run_address>
         <size>0x14</size>
         <input_file_ref idref="fl-d4"/>
      </object_component>
      <object_component id="oc-3c5">
         <name>.text:copysign</name>
         <load_address>0x3024</load_address>
         <run_address>0x3024</run_address>
         <size>0x14</size>
         <input_file_ref idref="fl-e4"/>
      </object_component>
      <object_component id="oc-2d2">
         <name>.text:strlen</name>
         <load_address>0x3038</load_address>
         <run_address>0x3038</run_address>
         <size>0x14</size>
         <input_file_ref idref="fl-df"/>
      </object_component>
      <object_component id="oc-1b7">
         <name>.text:GPIOPinTypeGPIOInput</name>
         <load_address>0x304c</load_address>
         <run_address>0x304c</run_address>
         <size>0x12</size>
         <input_file_ref idref="fl-cf"/>
      </object_component>
      <object_component id="oc-157">
         <name>.text:GPIOPinTypeTimer</name>
         <load_address>0x305e</load_address>
         <run_address>0x305e</run_address>
         <size>0x12</size>
         <input_file_ref idref="fl-cf"/>
      </object_component>
      <object_component id="oc-1c7">
         <name>.text:GPIOPinTypeUART</name>
         <load_address>0x3070</load_address>
         <run_address>0x3070</run_address>
         <size>0x12</size>
         <input_file_ref idref="fl-cf"/>
      </object_component>
      <object_component id="oc-175">
         <name>.text:TimerLoadSet</name>
         <load_address>0x3082</load_address>
         <run_address>0x3082</run_address>
         <size>0x12</size>
         <input_file_ref idref="fl-d3"/>
      </object_component>
      <object_component id="oc-17b">
         <name>.text:TimerMatchSet</name>
         <load_address>0x3094</load_address>
         <run_address>0x3094</run_address>
         <size>0x12</size>
         <input_file_ref idref="fl-d3"/>
      </object_component>
      <object_component id="oc-44">
         <name>.text:decompress:ZI:__TI_zero_init_nomemset:__TI_zero_init_nomemset</name>
         <load_address>0x30a6</load_address>
         <run_address>0x30a6</run_address>
         <size>0x12</size>
         <input_file_ref idref="fl-c0"/>
      </object_component>
      <object_component id="oc-307">
         <name>.text:wcslen</name>
         <load_address>0x30b8</load_address>
         <run_address>0x30b8</run_address>
         <size>0x12</size>
         <input_file_ref idref="fl-e3"/>
      </object_component>
      <object_component id="oc-19a">
         <name>.text:SysTickPeriodSet</name>
         <load_address>0x30cc</load_address>
         <run_address>0x30cc</run_address>
         <size>0x10</size>
         <input_file_ref idref="fl-d2"/>
      </object_component>
      <object_component id="oc-16f">
         <name>.text:TimerEnable</name>
         <load_address>0x30dc</load_address>
         <run_address>0x30dc</run_address>
         <size>0xe</size>
         <input_file_ref idref="fl-d3"/>
      </object_component>
      <object_component id="oc-18">
         <name>.text:decompress:none:__TI_decompress_none</name>
         <load_address>0x30ea</load_address>
         <run_address>0x30ea</run_address>
         <size>0xe</size>
         <input_file_ref idref="fl-c1"/>
      </object_component>
      <object_component id="oc-24">
         <name>.text</name>
         <load_address>0x30f8</load_address>
         <run_address>0x30f8</run_address>
         <size>0xc</size>
         <input_file_ref idref="fl-4"/>
      </object_component>
      <object_component id="oc-1f8">
         <name>.text:TimerIntStatus</name>
         <load_address>0x3104</load_address>
         <run_address>0x3104</run_address>
         <size>0xa</size>
         <input_file_ref idref="fl-d3"/>
      </object_component>
      <object_component id="oc-1fe">
         <name>.text:TimerValueGet</name>
         <load_address>0x310e</load_address>
         <run_address>0x310e</run_address>
         <size>0xa</size>
         <input_file_ref idref="fl-d3"/>
      </object_component>
      <object_component id="oc-1d9">
         <name>.text:UARTCharGet</name>
         <load_address>0x3118</load_address>
         <run_address>0x3118</run_address>
         <size>0xa</size>
         <input_file_ref idref="fl-d4"/>
      </object_component>
      <object_component id="oc-1d3">
         <name>.text:UARTCharPut</name>
         <load_address>0x3122</load_address>
         <run_address>0x3122</run_address>
         <size>0xa</size>
         <input_file_ref idref="fl-d4"/>
      </object_component>
      <object_component id="oc-30d">
         <name>.text:__aeabi_errno_addr</name>
         <load_address>0x312c</load_address>
         <run_address>0x312c</run_address>
         <size>0x8</size>
         <input_file_ref idref="fl-e0"/>
      </object_component>
      <object_component id="oc-1bd">
         <name>.text:GPIOPinRead</name>
         <load_address>0x3134</load_address>
         <run_address>0x3134</run_address>
         <size>0x6</size>
         <input_file_ref idref="fl-cf"/>
      </object_component>
      <object_component id="oc-d1">
         <name>.text:GPIOPinWrite</name>
         <load_address>0x313a</load_address>
         <run_address>0x313a</run_address>
         <size>0x6</size>
         <input_file_ref idref="fl-cf"/>
      </object_component>
      <object_component id="oc-18d">
         <name>.text:SysCtlDelay</name>
         <load_address>0x3140</load_address>
         <run_address>0x3140</run_address>
         <size>0x6</size>
         <input_file_ref idref="fl-d1"/>
      </object_component>
      <object_component id="oc-1f2">
         <name>.text:TimerIntClear</name>
         <load_address>0x3146</load_address>
         <run_address>0x3146</run_address>
         <size>0x4</size>
         <input_file_ref idref="fl-d3"/>
      </object_component>
      <object_component id="oc-92">
         <name>.text:_system_pre_init</name>
         <load_address>0x314a</load_address>
         <run_address>0x314a</run_address>
         <size>0x4</size>
         <input_file_ref idref="fl-c7"/>
      </object_component>
      <object_component id="oc-fc">
         <name>.text:abort:abort</name>
         <load_address>0x314e</load_address>
         <run_address>0x314e</run_address>
         <size>0x4</size>
         <input_file_ref idref="fl-c9"/>
      </object_component>
      <object_component id="oc-338">
         <name>.const:.string:_ctypes_</name>
         <load_address>0x3154</load_address>
         <run_address>0x3154</run_address>
         <size>0x101</size>
         <input_file_ref idref="fl-db"/>
      </object_component>
      <object_component id="oc-235">
         <name>.const:g_pui32GPIOBaseAddrs</name>
         <load_address>0x3258</load_address>
         <run_address>0x3258</run_address>
         <size>0x90</size>
         <input_file_ref idref="fl-cf"/>
      </object_component>
      <object_component id="oc-24a">
         <name>.const:g_pui32Xtals</name>
         <load_address>0x32e8</load_address>
         <run_address>0x32e8</run_address>
         <size>0x6c</size>
         <input_file_ref idref="fl-d1"/>
      </object_component>
      <object_component id="oc-41b">
         <name>.cinit..data.load</name>
         <load_address>0x3358</load_address>
         <run_address>0x3358</run_address>
         <size>0x10</size>
      </object_component>
      <object_component id="oc-418">
         <name>__TI_handler_table</name>
         <load_address>0x3368</load_address>
         <run_address>0x3368</run_address>
         <size>0xc</size>
      </object_component>
      <object_component id="oc-41c">
         <name>.cinit..bss.load</name>
         <load_address>0x3378</load_address>
         <run_address>0x3378</run_address>
         <size>0x8</size>
      </object_component>
      <object_component id="oc-41a">
         <name>.cinit..vtable.load</name>
         <load_address>0x3380</load_address>
         <run_address>0x3380</run_address>
         <size>0x8</size>
      </object_component>
      <object_component id="oc-419">
         <name>__TI_cinit_table</name>
         <load_address>0x3388</load_address>
         <run_address>0x3388</run_address>
         <size>0x18</size>
      </object_component>
      <object_component id="oc-2c9">
         <name>.vtable</name>
         <uninitialized>true</uninitialized>
         <run_address>0x20000000</run_address>
         <size>0x26c</size>
         <input_file_ref idref="fl-d0"/>
      </object_component>
      <object_component id="oc-f5">
         <name>.data</name>
         <load_address>0x20000510</load_address>
         <run_address>0x20000510</run_address>
         <size>0x2</size>
         <input_file_ref idref="fl-1"/>
      </object_component>
      <object_component id="oc-f8">
         <name>.data:buzzer</name>
         <load_address>0x200004f4</load_address>
         <run_address>0x200004f4</run_address>
         <size>0x10</size>
         <input_file_ref idref="fl-1"/>
      </object_component>
      <object_component id="oc-182">
         <name>.data</name>
         <load_address>0x20000504</load_address>
         <run_address>0x20000504</run_address>
         <size>0x8</size>
         <input_file_ref idref="fl-cc"/>
      </object_component>
      <object_component id="oc-1c3">
         <name>.data</name>
         <load_address>0x20000512</load_address>
         <run_address>0x20000512</run_address>
         <size>0x1</size>
         <input_file_ref idref="fl-cd"/>
      </object_component>
      <object_component id="oc-39a">
         <name>.data</name>
         <load_address>0x2000050c</load_address>
         <run_address>0x2000050c</run_address>
         <size>0x4</size>
         <input_file_ref idref="fl-e0"/>
      </object_component>
      <object_component id="oc-1b2">
         <name>.bss</name>
         <uninitialized>true</uninitialized>
         <run_address>0x200004f0</run_address>
         <size>0x4</size>
         <input_file_ref idref="fl-cc"/>
      </object_component>
      <object_component id="oc-185">
         <name>.bss:callbackHeap</name>
         <uninitialized>true</uninitialized>
         <run_address>0x20000470</run_address>
         <size>0x80</size>
         <input_file_ref idref="fl-cc"/>
      </object_component>
      <object_component id="oc-21">
         <name>.stack</name>
         <uninitialized>true</uninitialized>
         <run_address>0x20000270</run_address>
         <size>0x4</size>
         <input_file_ref idref="fl-c3"/>
      </object_component>
      <object_component id="oc-41d">
         <name>.stack</name>
         <uninitialized>true</uninitialized>
         <run_address>0x20000270</run_address>
         <size>0x0</size>
      </object_component>
      <object_component id="oc-b4">
         <name>.debug_info</name>
         <load_address>0x0</load_address>
         <run_address>0x0</run_address>
         <size>0x48d</size>
         <input_file_ref idref="fl-1"/>
      </object_component>
      <object_component id="oc-f6">
         <name>.debug_info</name>
         <load_address>0x48d</load_address>
         <run_address>0x48d</run_address>
         <size>0x10a</size>
         <input_file_ref idref="fl-1"/>
      </object_component>
      <object_component id="oc-f9">
         <name>.debug_info</name>
         <load_address>0x597</load_address>
         <run_address>0x597</run_address>
         <size>0xd5</size>
         <input_file_ref idref="fl-1"/>
      </object_component>
      <object_component id="oc-99">
         <name>.debug_info</name>
         <load_address>0x66c</load_address>
         <run_address>0x66c</run_address>
         <size>0x751</size>
         <input_file_ref idref="fl-1"/>
      </object_component>
      <object_component id="oc-13c">
         <name>.debug_info</name>
         <load_address>0xdbd</load_address>
         <run_address>0xdbd</run_address>
         <size>0xc8</size>
         <input_file_ref idref="fl-1"/>
      </object_component>
      <object_component id="oc-6d">
         <name>.debug_info</name>
         <load_address>0xe85</load_address>
         <run_address>0xe85</run_address>
         <size>0x26b</size>
         <input_file_ref idref="fl-1"/>
      </object_component>
      <object_component id="oc-af">
         <name>.debug_info</name>
         <load_address>0x10f0</load_address>
         <run_address>0x10f0</run_address>
         <size>0x8b</size>
         <input_file_ref idref="fl-1"/>
      </object_component>
      <object_component id="oc-aa">
         <name>.debug_info</name>
         <load_address>0x117b</load_address>
         <run_address>0x117b</run_address>
         <size>0x297</size>
         <input_file_ref idref="fl-1"/>
      </object_component>
      <object_component id="oc-72">
         <name>.debug_info</name>
         <load_address>0x1412</load_address>
         <run_address>0x1412</run_address>
         <size>0xbb</size>
         <input_file_ref idref="fl-1"/>
      </object_component>
      <object_component id="oc-296">
         <name>.debug_info</name>
         <load_address>0x14cd</load_address>
         <run_address>0x14cd</run_address>
         <size>0xcc</size>
         <input_file_ref idref="fl-1"/>
      </object_component>
      <object_component id="oc-1e7">
         <name>.debug_info</name>
         <load_address>0x1599</load_address>
         <run_address>0x1599</run_address>
         <size>0x2c</size>
         <input_file_ref idref="fl-1"/>
      </object_component>
      <object_component id="oc-d8">
         <name>.debug_info</name>
         <load_address>0x15c5</load_address>
         <run_address>0x15c5</run_address>
         <size>0x2b9</size>
         <input_file_ref idref="fl-2"/>
      </object_component>
      <object_component id="oc-f0">
         <name>.debug_info</name>
         <load_address>0x187e</load_address>
         <run_address>0x187e</run_address>
         <size>0x3b9</size>
         <input_file_ref idref="fl-3"/>
      </object_component>
      <object_component id="oc-2c">
         <name>.debug_info</name>
         <load_address>0x1c37</load_address>
         <run_address>0x1c37</run_address>
         <size>0x2b7</size>
         <input_file_ref idref="fl-4"/>
      </object_component>
      <object_component id="oc-10">
         <name>.debug_info</name>
         <load_address>0x1eee</load_address>
         <run_address>0x1eee</run_address>
         <size>0xf6</size>
         <input_file_ref idref="fl-4"/>
      </object_component>
      <object_component id="oc-25">
         <name>.debug_info</name>
         <load_address>0x1fe4</load_address>
         <run_address>0x1fe4</run_address>
         <size>0x272</size>
         <input_file_ref idref="fl-4"/>
      </object_component>
      <object_component id="oc-33">
         <name>.debug_info</name>
         <load_address>0x2256</load_address>
         <run_address>0x2256</run_address>
         <size>0x84</size>
         <input_file_ref idref="fl-4"/>
      </object_component>
      <object_component id="oc-8b">
         <name>.debug_info</name>
         <load_address>0x22da</load_address>
         <run_address>0x22da</run_address>
         <size>0x313</size>
         <input_file_ref idref="fl-c0"/>
      </object_component>
      <object_component id="oc-45">
         <name>.debug_info</name>
         <load_address>0x25ed</load_address>
         <run_address>0x25ed</run_address>
         <size>0x1b4</size>
         <input_file_ref idref="fl-c0"/>
      </object_component>
      <object_component id="oc-86">
         <name>.debug_info</name>
         <load_address>0x27a1</load_address>
         <run_address>0x27a1</run_address>
         <size>0x46</size>
         <input_file_ref idref="fl-c0"/>
      </object_component>
      <object_component id="oc-bc">
         <name>.debug_info</name>
         <load_address>0x27e7</load_address>
         <run_address>0x27e7</run_address>
         <size>0x2c</size>
         <input_file_ref idref="fl-c0"/>
      </object_component>
      <object_component id="oc-43">
         <name>.debug_info</name>
         <load_address>0x2813</load_address>
         <run_address>0x2813</run_address>
         <size>0x29d</size>
         <input_file_ref idref="fl-c1"/>
      </object_component>
      <object_component id="oc-19">
         <name>.debug_info</name>
         <load_address>0x2ab0</load_address>
         <run_address>0x2ab0</run_address>
         <size>0x1df</size>
         <input_file_ref idref="fl-c1"/>
      </object_component>
      <object_component id="oc-3e">
         <name>.debug_info</name>
         <load_address>0x2c8f</load_address>
         <run_address>0x2c8f</run_address>
         <size>0x46</size>
         <input_file_ref idref="fl-c1"/>
      </object_component>
      <object_component id="oc-7e">
         <name>.debug_info</name>
         <load_address>0x2cd5</load_address>
         <run_address>0x2cd5</run_address>
         <size>0x2c</size>
         <input_file_ref idref="fl-c1"/>
      </object_component>
      <object_component id="oc-7c">
         <name>.debug_info</name>
         <load_address>0x2d01</load_address>
         <run_address>0x2d01</run_address>
         <size>0x293</size>
         <input_file_ref idref="fl-c2"/>
      </object_component>
      <object_component id="oc-13">
         <name>.debug_info</name>
         <load_address>0x2f94</load_address>
         <run_address>0x2f94</run_address>
         <size>0x245</size>
         <input_file_ref idref="fl-c2"/>
      </object_component>
      <object_component id="oc-2e">
         <name>.debug_info</name>
         <load_address>0x31d9</load_address>
         <run_address>0x31d9</run_address>
         <size>0x60</size>
         <input_file_ref idref="fl-c2"/>
      </object_component>
      <object_component id="oc-b5">
         <name>.debug_info</name>
         <load_address>0x3239</load_address>
         <run_address>0x3239</run_address>
         <size>0x46</size>
         <input_file_ref idref="fl-c2"/>
      </object_component>
      <object_component id="oc-77">
         <name>.debug_info</name>
         <load_address>0x327f</load_address>
         <run_address>0x327f</run_address>
         <size>0x39</size>
         <input_file_ref idref="fl-c2"/>
      </object_component>
      <object_component id="oc-22">
         <name>.debug_info</name>
         <load_address>0x32b8</load_address>
         <run_address>0x32b8</run_address>
         <size>0x100</size>
         <input_file_ref idref="fl-c3"/>
      </object_component>
      <object_component id="oc-57">
         <name>.debug_info</name>
         <load_address>0x33b8</load_address>
         <run_address>0x33b8</run_address>
         <size>0x1a4</size>
         <input_file_ref idref="fl-c3"/>
      </object_component>
      <object_component id="oc-8d">
         <name>.debug_info</name>
         <load_address>0x355c</load_address>
         <run_address>0x355c</run_address>
         <size>0x13f</size>
         <input_file_ref idref="fl-c4"/>
      </object_component>
      <object_component id="oc-39">
         <name>.debug_info</name>
         <load_address>0x369b</load_address>
         <run_address>0x369b</run_address>
         <size>0x111</size>
         <input_file_ref idref="fl-c5"/>
      </object_component>
      <object_component id="oc-214">
         <name>.debug_info</name>
         <load_address>0x37ac</load_address>
         <run_address>0x37ac</run_address>
         <size>0x547</size>
         <input_file_ref idref="fl-c6"/>
      </object_component>
      <object_component id="oc-109">
         <name>.debug_info</name>
         <load_address>0x3cf3</load_address>
         <run_address>0x3cf3</run_address>
         <size>0x19b</size>
         <input_file_ref idref="fl-c6"/>
      </object_component>
      <object_component id="oc-2af">
         <name>.debug_info</name>
         <load_address>0x3e8e</load_address>
         <run_address>0x3e8e</run_address>
         <size>0x39</size>
         <input_file_ref idref="fl-c6"/>
      </object_component>
      <object_component id="oc-326">
         <name>.debug_info</name>
         <load_address>0x3ec7</load_address>
         <run_address>0x3ec7</run_address>
         <size>0x39</size>
         <input_file_ref idref="fl-c6"/>
      </object_component>
      <object_component id="oc-2b4">
         <name>.debug_info</name>
         <load_address>0x3f00</load_address>
         <run_address>0x3f00</run_address>
         <size>0x39</size>
         <input_file_ref idref="fl-c6"/>
      </object_component>
      <object_component id="oc-2b9">
         <name>.debug_info</name>
         <load_address>0x3f39</load_address>
         <run_address>0x3f39</run_address>
         <size>0xcd</size>
         <input_file_ref idref="fl-c6"/>
      </object_component>
      <object_component id="oc-93">
         <name>.debug_info</name>
         <load_address>0x4006</load_address>
         <run_address>0x4006</run_address>
         <size>0x148</size>
         <input_file_ref idref="fl-c7"/>
      </object_component>
      <object_component id="oc-fd">
         <name>.debug_info</name>
         <load_address>0x414e</load_address>
         <run_address>0x414e</run_address>
         <size>0x117</size>
         <input_file_ref idref="fl-c9"/>
      </object_component>
      <object_component id="oc-1b6">
         <name>.debug_info</name>
         <load_address>0x4265</load_address>
         <run_address>0x4265</run_address>
         <size>0x431</size>
         <input_file_ref idref="fl-cc"/>
      </object_component>
      <object_component id="oc-1b3">
         <name>.debug_info</name>
         <load_address>0x4696</load_address>
         <run_address>0x4696</run_address>
         <size>0xd4</size>
         <input_file_ref idref="fl-cc"/>
      </object_component>
      <object_component id="oc-183">
         <name>.debug_info</name>
         <load_address>0x476a</load_address>
         <run_address>0x476a</run_address>
         <size>0x100</size>
         <input_file_ref idref="fl-cc"/>
      </object_component>
      <object_component id="oc-186">
         <name>.debug_info</name>
         <load_address>0x486a</load_address>
         <run_address>0x486a</run_address>
         <size>0xda</size>
         <input_file_ref idref="fl-cc"/>
      </object_component>
      <object_component id="oc-de">
         <name>.debug_info</name>
         <load_address>0x4944</load_address>
         <run_address>0x4944</run_address>
         <size>0x9cb</size>
         <input_file_ref idref="fl-cc"/>
      </object_component>
      <object_component id="oc-25d">
         <name>.debug_info</name>
         <load_address>0x530f</load_address>
         <run_address>0x530f</run_address>
         <size>0x51</size>
         <input_file_ref idref="fl-cc"/>
      </object_component>
      <object_component id="oc-1c4">
         <name>.debug_info</name>
         <load_address>0x5360</load_address>
         <run_address>0x5360</run_address>
         <size>0xd9</size>
         <input_file_ref idref="fl-cd"/>
      </object_component>
      <object_component id="oc-e4">
         <name>.debug_info</name>
         <load_address>0x5439</load_address>
         <run_address>0x5439</run_address>
         <size>0x23a</size>
         <input_file_ref idref="fl-cd"/>
      </object_component>
      <object_component id="oc-1e6">
         <name>.debug_info</name>
         <load_address>0x5673</load_address>
         <run_address>0x5673</run_address>
         <size>0x42f</size>
         <input_file_ref idref="fl-ce"/>
      </object_component>
      <object_component id="oc-eb">
         <name>.debug_info</name>
         <load_address>0x5aa2</load_address>
         <run_address>0x5aa2</run_address>
         <size>0x3d7</size>
         <input_file_ref idref="fl-ce"/>
      </object_component>
      <object_component id="oc-155">
         <name>.debug_info</name>
         <load_address>0x5e79</load_address>
         <run_address>0x5e79</run_address>
         <size>0x240</size>
         <input_file_ref idref="fl-cf"/>
      </object_component>
      <object_component id="oc-236">
         <name>.debug_info</name>
         <load_address>0x60b9</load_address>
         <run_address>0x60b9</run_address>
         <size>0x15b</size>
         <input_file_ref idref="fl-cf"/>
      </object_component>
      <object_component id="oc-d2">
         <name>.debug_info</name>
         <load_address>0x6214</load_address>
         <run_address>0x6214</run_address>
         <size>0x2a3</size>
         <input_file_ref idref="fl-cf"/>
      </object_component>
      <object_component id="oc-14f">
         <name>.debug_info</name>
         <load_address>0x64b7</load_address>
         <run_address>0x64b7</run_address>
         <size>0x2b3</size>
         <input_file_ref idref="fl-cf"/>
      </object_component>
      <object_component id="oc-149">
         <name>.debug_info</name>
         <load_address>0x676a</load_address>
         <run_address>0x676a</run_address>
         <size>0x316</size>
         <input_file_ref idref="fl-cf"/>
      </object_component>
      <object_component id="oc-1c8">
         <name>.debug_info</name>
         <load_address>0x6a80</load_address>
         <run_address>0x6a80</run_address>
         <size>0x27b</size>
         <input_file_ref idref="fl-cf"/>
      </object_component>
      <object_component id="oc-158">
         <name>.debug_info</name>
         <load_address>0x6cfb</load_address>
         <run_address>0x6cfb</run_address>
         <size>0x27d</size>
         <input_file_ref idref="fl-cf"/>
      </object_component>
      <object_component id="oc-cc">
         <name>.debug_info</name>
         <load_address>0x6f78</load_address>
         <run_address>0x6f78</run_address>
         <size>0x2b7</size>
         <input_file_ref idref="fl-cf"/>
      </object_component>
      <object_component id="oc-1b8">
         <name>.debug_info</name>
         <load_address>0x722f</load_address>
         <run_address>0x722f</run_address>
         <size>0x285</size>
         <input_file_ref idref="fl-cf"/>
      </object_component>
      <object_component id="oc-1be">
         <name>.debug_info</name>
         <load_address>0x74b4</load_address>
         <run_address>0x74b4</run_address>
         <size>0x27b</size>
         <input_file_ref idref="fl-cf"/>
      </object_component>
      <object_component id="oc-15e">
         <name>.debug_info</name>
         <load_address>0x772f</load_address>
         <run_address>0x772f</run_address>
         <size>0x280</size>
         <input_file_ref idref="fl-cf"/>
      </object_component>
      <object_component id="oc-142">
         <name>.debug_info</name>
         <load_address>0x79af</load_address>
         <run_address>0x79af</run_address>
         <size>0x18b</size>
         <input_file_ref idref="fl-cf"/>
      </object_component>
      <object_component id="oc-2cd">
         <name>.debug_info</name>
         <load_address>0x7b3a</load_address>
         <run_address>0x7b3a</run_address>
         <size>0x20e</size>
         <input_file_ref idref="fl-d0"/>
      </object_component>
      <object_component id="oc-2ca">
         <name>.debug_info</name>
         <load_address>0x7d48</load_address>
         <run_address>0x7d48</run_address>
         <size>0x157</size>
         <input_file_ref idref="fl-d0"/>
      </object_component>
      <object_component id="oc-252">
         <name>.debug_info</name>
         <load_address>0x7e9f</load_address>
         <run_address>0x7e9f</run_address>
         <size>0x2c1</size>
         <input_file_ref idref="fl-d0"/>
      </object_component>
      <object_component id="oc-147">
         <name>.debug_info</name>
         <load_address>0x8160</load_address>
         <run_address>0x8160</run_address>
         <size>0x298</size>
         <input_file_ref idref="fl-d1"/>
      </object_component>
      <object_component id="oc-24b">
         <name>.debug_info</name>
         <load_address>0x83f8</load_address>
         <run_address>0x83f8</run_address>
         <size>0x14d</size>
         <input_file_ref idref="fl-d1"/>
      </object_component>
      <object_component id="oc-c6">
         <name>.debug_info</name>
         <load_address>0x8545</load_address>
         <run_address>0x8545</run_address>
         <size>0x27d</size>
         <input_file_ref idref="fl-d1"/>
      </object_component>
      <object_component id="oc-18f">
         <name>.debug_info</name>
         <load_address>0x87c2</load_address>
         <run_address>0x87c2</run_address>
         <size>0x2db</size>
         <input_file_ref idref="fl-d1"/>
      </object_component>
      <object_component id="oc-195">
         <name>.debug_info</name>
         <load_address>0x8a9d</load_address>
         <run_address>0x8a9d</run_address>
         <size>0x2b5</size>
         <input_file_ref idref="fl-d1"/>
      </object_component>
      <object_component id="oc-22b">
         <name>.debug_info</name>
         <load_address>0x8d52</load_address>
         <run_address>0x8d52</run_address>
         <size>0x5f</size>
         <input_file_ref idref="fl-d1"/>
      </object_component>
      <object_component id="oc-24f">
         <name>.debug_info</name>
         <load_address>0x8db1</load_address>
         <run_address>0x8db1</run_address>
         <size>0x19d</size>
         <input_file_ref idref="fl-d2"/>
      </object_component>
      <object_component id="oc-19b">
         <name>.debug_info</name>
         <load_address>0x8f4e</load_address>
         <run_address>0x8f4e</run_address>
         <size>0x261</size>
         <input_file_ref idref="fl-d2"/>
      </object_component>
      <object_component id="oc-1a1">
         <name>.debug_info</name>
         <load_address>0x91af</load_address>
         <run_address>0x91af</run_address>
         <size>0x277</size>
         <input_file_ref idref="fl-d2"/>
      </object_component>
      <object_component id="oc-1a7">
         <name>.debug_info</name>
         <load_address>0x9426</load_address>
         <run_address>0x9426</run_address>
         <size>0x227</size>
         <input_file_ref idref="fl-d2"/>
      </object_component>
      <object_component id="oc-1ad">
         <name>.debug_info</name>
         <load_address>0x964d</load_address>
         <run_address>0x964d</run_address>
         <size>0x221</size>
         <input_file_ref idref="fl-d2"/>
      </object_component>
      <object_component id="oc-23a">
         <name>.debug_info</name>
         <load_address>0x986e</load_address>
         <run_address>0x986e</run_address>
         <size>0x223</size>
         <input_file_ref idref="fl-d3"/>
      </object_component>
      <object_component id="oc-200">
         <name>.debug_info</name>
         <load_address>0x9a91</load_address>
         <run_address>0x9a91</run_address>
         <size>0x28a</size>
         <input_file_ref idref="fl-d3"/>
      </object_component>
      <object_component id="oc-17d">
         <name>.debug_info</name>
         <load_address>0x9d1b</load_address>
         <run_address>0x9d1b</run_address>
         <size>0x2bc</size>
         <input_file_ref idref="fl-d3"/>
      </object_component>
      <object_component id="oc-177">
         <name>.debug_info</name>
         <load_address>0x9fd7</load_address>
         <run_address>0x9fd7</run_address>
         <size>0x2ba</size>
         <input_file_ref idref="fl-d3"/>
      </object_component>
      <object_component id="oc-1fb">
         <name>.debug_info</name>
         <load_address>0xa291</load_address>
         <run_address>0xa291</run_address>
         <size>0x284</size>
         <input_file_ref idref="fl-d3"/>
      </object_component>
      <object_component id="oc-1f5">
         <name>.debug_info</name>
         <load_address>0xa515</load_address>
         <run_address>0xa515</run_address>
         <size>0x292</size>
         <input_file_ref idref="fl-d3"/>
      </object_component>
      <object_component id="oc-172">
         <name>.debug_info</name>
         <load_address>0xa7a7</load_address>
         <run_address>0xa7a7</run_address>
         <size>0x27f</size>
         <input_file_ref idref="fl-d3"/>
      </object_component>
      <object_component id="oc-16c">
         <name>.debug_info</name>
         <load_address>0xaa26</load_address>
         <run_address>0xaa26</run_address>
         <size>0x2bc</size>
         <input_file_ref idref="fl-d3"/>
      </object_component>
      <object_component id="oc-1ef">
         <name>.debug_info</name>
         <load_address>0xace2</load_address>
         <run_address>0xace2</run_address>
         <size>0x2c4</size>
         <input_file_ref idref="fl-d3"/>
      </object_component>
      <object_component id="oc-166">
         <name>.debug_info</name>
         <load_address>0xafa6</load_address>
         <run_address>0xafa6</run_address>
         <size>0x28c</size>
         <input_file_ref idref="fl-d3"/>
      </object_component>
      <object_component id="oc-273">
         <name>.debug_info</name>
         <load_address>0xb232</load_address>
         <run_address>0xb232</run_address>
         <size>0x227</size>
         <input_file_ref idref="fl-d4"/>
      </object_component>
      <object_component id="oc-26d">
         <name>.debug_info</name>
         <load_address>0xb459</load_address>
         <run_address>0xb459</run_address>
         <size>0x247</size>
         <input_file_ref idref="fl-d4"/>
      </object_component>
      <object_component id="oc-267">
         <name>.debug_info</name>
         <load_address>0xb6a0</load_address>
         <run_address>0xb6a0</run_address>
         <size>0x249</size>
         <input_file_ref idref="fl-d4"/>
      </object_component>
      <object_component id="oc-1ce">
         <name>.debug_info</name>
         <load_address>0xb8e9</load_address>
         <run_address>0xb8e9</run_address>
         <size>0x326</size>
         <input_file_ref idref="fl-d4"/>
      </object_component>
      <object_component id="oc-1d4">
         <name>.debug_info</name>
         <load_address>0xbc0f</load_address>
         <run_address>0xbc0f</run_address>
         <size>0x273</size>
         <input_file_ref idref="fl-d4"/>
      </object_component>
      <object_component id="oc-1da">
         <name>.debug_info</name>
         <load_address>0xbe82</load_address>
         <run_address>0xbe82</run_address>
         <size>0x24d</size>
         <input_file_ref idref="fl-d4"/>
      </object_component>
      <object_component id="oc-18a">
         <name>.debug_info</name>
         <load_address>0xc0cf</load_address>
         <run_address>0xc0cf</run_address>
         <size>0x12c</size>
         <input_file_ref idref="fl-d6"/>
      </object_component>
      <object_component id="oc-289">
         <name>.debug_info</name>
         <load_address>0xc1fb</load_address>
         <run_address>0xc1fb</run_address>
         <size>0x335</size>
         <input_file_ref idref="fl-d7"/>
      </object_component>
      <object_component id="oc-1e0">
         <name>.debug_info</name>
         <load_address>0xc530</load_address>
         <run_address>0xc530</run_address>
         <size>0x1fd</size>
         <input_file_ref idref="fl-d7"/>
      </object_component>
      <object_component id="oc-27d">
         <name>.debug_info</name>
         <load_address>0xc72d</load_address>
         <run_address>0xc72d</run_address>
         <size>0x1bb</size>
         <input_file_ref idref="fl-d7"/>
      </object_component>
      <object_component id="oc-283">
         <name>.debug_info</name>
         <load_address>0xc8e8</load_address>
         <run_address>0xc8e8</run_address>
         <size>0x16e</size>
         <input_file_ref idref="fl-d7"/>
      </object_component>
      <object_component id="oc-28a">
         <name>.debug_info</name>
         <load_address>0xca56</load_address>
         <run_address>0xca56</run_address>
         <size>0x2c</size>
         <input_file_ref idref="fl-d7"/>
      </object_component>
      <object_component id="oc-28f">
         <name>.debug_info</name>
         <load_address>0xca82</load_address>
         <run_address>0xca82</run_address>
         <size>0x69</size>
         <input_file_ref idref="fl-d7"/>
      </object_component>
      <object_component id="oc-244">
         <name>.debug_info</name>
         <load_address>0xcaeb</load_address>
         <run_address>0xcaeb</run_address>
         <size>0x10d</size>
         <input_file_ref idref="fl-d8"/>
      </object_component>
      <object_component id="oc-314">
         <name>.debug_info</name>
         <load_address>0xcbf8</load_address>
         <run_address>0xcbf8</run_address>
         <size>0x8a6</size>
         <input_file_ref idref="fl-d9"/>
      </object_component>
      <object_component id="oc-2df">
         <name>.debug_info</name>
         <load_address>0xd49e</load_address>
         <run_address>0xd49e</run_address>
         <size>0x213</size>
         <input_file_ref idref="fl-d9"/>
      </object_component>
      <object_component id="oc-364">
         <name>.debug_info</name>
         <load_address>0xd6b1</load_address>
         <run_address>0xd6b1</run_address>
         <size>0x1a8</size>
         <input_file_ref idref="fl-d9"/>
      </object_component>
      <object_component id="oc-36a">
         <name>.debug_info</name>
         <load_address>0xd859</load_address>
         <run_address>0xd859</run_address>
         <size>0x210</size>
         <input_file_ref idref="fl-d9"/>
      </object_component>
      <object_component id="oc-2ea">
         <name>.debug_info</name>
         <load_address>0xda69</load_address>
         <run_address>0xda69</run_address>
         <size>0x3b0</size>
         <input_file_ref idref="fl-d9"/>
      </object_component>
      <object_component id="oc-371">
         <name>.debug_info</name>
         <load_address>0xde19</load_address>
         <run_address>0xde19</run_address>
         <size>0x2fa</size>
         <input_file_ref idref="fl-d9"/>
      </object_component>
      <object_component id="oc-377">
         <name>.debug_info</name>
         <load_address>0xe113</load_address>
         <run_address>0xe113</run_address>
         <size>0x20a</size>
         <input_file_ref idref="fl-d9"/>
      </object_component>
      <object_component id="oc-2f0">
         <name>.debug_info</name>
         <load_address>0xe31d</load_address>
         <run_address>0xe31d</run_address>
         <size>0x20a</size>
         <input_file_ref idref="fl-d9"/>
      </object_component>
      <object_component id="oc-2f6">
         <name>.debug_info</name>
         <load_address>0xe527</load_address>
         <run_address>0xe527</run_address>
         <size>0x2f9</size>
         <input_file_ref idref="fl-d9"/>
      </object_component>
      <object_component id="oc-2fc">
         <name>.debug_info</name>
         <load_address>0xe820</load_address>
         <run_address>0xe820</run_address>
         <size>0x4a5</size>
         <input_file_ref idref="fl-d9"/>
      </object_component>
      <object_component id="oc-277">
         <name>.debug_info</name>
         <load_address>0xecc5</load_address>
         <run_address>0xecc5</run_address>
         <size>0x5cd</size>
         <input_file_ref idref="fl-d9"/>
      </object_component>
      <object_component id="oc-315">
         <name>.debug_info</name>
         <load_address>0xf292</load_address>
         <run_address>0xf292</run_address>
         <size>0x86</size>
         <input_file_ref idref="fl-d9"/>
      </object_component>
      <object_component id="oc-3a1">
         <name>.debug_info</name>
         <load_address>0xf318</load_address>
         <run_address>0xf318</run_address>
         <size>0x39</size>
         <input_file_ref idref="fl-d9"/>
      </object_component>
      <object_component id="oc-3dc">
         <name>.debug_info</name>
         <load_address>0xf351</load_address>
         <run_address>0xf351</run_address>
         <size>0xb6</size>
         <input_file_ref idref="fl-d9"/>
      </object_component>
      <object_component id="oc-3a6">
         <name>.debug_info</name>
         <load_address>0xf407</load_address>
         <run_address>0xf407</run_address>
         <size>0x46</size>
         <input_file_ref idref="fl-d9"/>
      </object_component>
      <object_component id="oc-31a">
         <name>.debug_info</name>
         <load_address>0xf44d</load_address>
         <run_address>0xf44d</run_address>
         <size>0x46</size>
         <input_file_ref idref="fl-d9"/>
      </object_component>
      <object_component id="oc-33c">
         <name>.debug_info</name>
         <load_address>0xf493</load_address>
         <run_address>0xf493</run_address>
         <size>0x2ae</size>
         <input_file_ref idref="fl-da"/>
      </object_component>
      <object_component id="oc-2d9">
         <name>.debug_info</name>
         <load_address>0xf741</load_address>
         <run_address>0xf741</run_address>
         <size>0x171</size>
         <input_file_ref idref="fl-da"/>
      </object_component>
      <object_component id="oc-3af">
         <name>.debug_info</name>
         <load_address>0xf8b2</load_address>
         <run_address>0xf8b2</run_address>
         <size>0xee</size>
         <input_file_ref idref="fl-db"/>
      </object_component>
      <object_component id="oc-339">
         <name>.debug_info</name>
         <load_address>0xf9a0</load_address>
         <run_address>0xf9a0</run_address>
         <size>0xfa</size>
         <input_file_ref idref="fl-db"/>
      </object_component>
      <object_component id="oc-3b7">
         <name>.debug_info</name>
         <load_address>0xfa9a</load_address>
         <run_address>0xfa9a</run_address>
         <size>0x290</size>
         <input_file_ref idref="fl-dc"/>
      </object_component>
      <object_component id="oc-354">
         <name>.debug_info</name>
         <load_address>0xfd2a</load_address>
         <run_address>0xfd2a</run_address>
         <size>0x1c2</size>
         <input_file_ref idref="fl-dc"/>
      </object_component>
      <object_component id="oc-392">
         <name>.debug_info</name>
         <load_address>0xfeec</load_address>
         <run_address>0xfeec</run_address>
         <size>0x28b</size>
         <input_file_ref idref="fl-dd"/>
      </object_component>
      <object_component id="oc-302">
         <name>.debug_info</name>
         <load_address>0x10177</load_address>
         <run_address>0x10177</run_address>
         <size>0x1ab</size>
         <input_file_ref idref="fl-dd"/>
      </object_component>
      <object_component id="oc-3ce">
         <name>.debug_info</name>
         <load_address>0x10322</load_address>
         <run_address>0x10322</run_address>
         <size>0x28f</size>
         <input_file_ref idref="fl-de"/>
      </object_component>
      <object_component id="oc-38b">
         <name>.debug_info</name>
         <load_address>0x105b1</load_address>
         <run_address>0x105b1</run_address>
         <size>0x247</size>
         <input_file_ref idref="fl-de"/>
      </object_component>
      <object_component id="oc-337">
         <name>.debug_info</name>
         <load_address>0x107f8</load_address>
         <run_address>0x107f8</run_address>
         <size>0x284</size>
         <input_file_ref idref="fl-df"/>
      </object_component>
      <object_component id="oc-2d6">
         <name>.debug_info</name>
         <load_address>0x10a7c</load_address>
         <run_address>0x10a7c</run_address>
         <size>0x22a</size>
         <input_file_ref idref="fl-df"/>
      </object_component>
      <object_component id="oc-39e">
         <name>.debug_info</name>
         <load_address>0x10ca6</load_address>
         <run_address>0x10ca6</run_address>
         <size>0x27e</size>
         <input_file_ref idref="fl-e0"/>
      </object_component>
      <object_component id="oc-39b">
         <name>.debug_info</name>
         <load_address>0x10f24</load_address>
         <run_address>0x10f24</run_address>
         <size>0x103</size>
         <input_file_ref idref="fl-e0"/>
      </object_component>
      <object_component id="oc-311">
         <name>.debug_info</name>
         <load_address>0x11027</load_address>
         <run_address>0x11027</run_address>
         <size>0x143</size>
         <input_file_ref idref="fl-e0"/>
      </object_component>
      <object_component id="oc-3bf">
         <name>.debug_info</name>
         <load_address>0x1116a</load_address>
         <run_address>0x1116a</run_address>
         <size>0x28f</size>
         <input_file_ref idref="fl-e1"/>
      </object_component>
      <object_component id="oc-37f">
         <name>.debug_info</name>
         <load_address>0x113f9</load_address>
         <run_address>0x113f9</run_address>
         <size>0x18a</size>
         <input_file_ref idref="fl-e1"/>
      </object_component>
      <object_component id="oc-3e7">
         <name>.debug_info</name>
         <load_address>0x11583</load_address>
         <run_address>0x11583</run_address>
         <size>0x39</size>
         <input_file_ref idref="fl-e1"/>
      </object_component>
      <object_component id="oc-3c0">
         <name>.debug_info</name>
         <load_address>0x115bc</load_address>
         <run_address>0x115bc</run_address>
         <size>0x2c</size>
         <input_file_ref idref="fl-e1"/>
      </object_component>
      <object_component id="oc-3cc">
         <name>.debug_info</name>
         <load_address>0x115e8</load_address>
         <run_address>0x115e8</run_address>
         <size>0x2f2</size>
         <input_file_ref idref="fl-e2"/>
      </object_component>
      <object_component id="oc-388">
         <name>.debug_info</name>
         <load_address>0x118da</load_address>
         <run_address>0x118da</run_address>
         <size>0x21a</size>
         <input_file_ref idref="fl-e2"/>
      </object_component>
      <object_component id="oc-399">
         <name>.debug_info</name>
         <load_address>0x11af4</load_address>
         <run_address>0x11af4</run_address>
         <size>0x284</size>
         <input_file_ref idref="fl-e3"/>
      </object_component>
      <object_component id="oc-308">
         <name>.debug_info</name>
         <load_address>0x11d78</load_address>
         <run_address>0x11d78</run_address>
         <size>0x14f</size>
         <input_file_ref idref="fl-e3"/>
      </object_component>
      <object_component id="oc-3d1">
         <name>.debug_info</name>
         <load_address>0x11ec7</load_address>
         <run_address>0x11ec7</run_address>
         <size>0x46</size>
         <input_file_ref idref="fl-e3"/>
      </object_component>
      <object_component id="oc-394">
         <name>.debug_info</name>
         <load_address>0x11f0d</load_address>
         <run_address>0x11f0d</run_address>
         <size>0x39</size>
         <input_file_ref idref="fl-e3"/>
      </object_component>
      <object_component id="oc-3c9">
         <name>.debug_info</name>
         <load_address>0x11f46</load_address>
         <run_address>0x11f46</run_address>
         <size>0x156</size>
         <input_file_ref idref="fl-e4"/>
      </object_component>
      <object_component id="oc-35f">
         <name>.debug_info</name>
         <load_address>0x1209c</load_address>
         <run_address>0x1209c</run_address>
         <size>0x144</size>
         <input_file_ref idref="fl-e5"/>
      </object_component>
      <object_component id="oc-2e5">
         <name>.debug_info</name>
         <load_address>0x121e0</load_address>
         <run_address>0x121e0</run_address>
         <size>0x120</size>
         <input_file_ref idref="fl-e6"/>
      </object_component>
      <object_component id="oc-34a">
         <name>.debug_info</name>
         <load_address>0x12300</load_address>
         <run_address>0x12300</run_address>
         <size>0x122</size>
         <input_file_ref idref="fl-e6"/>
      </object_component>
      <object_component id="oc-345">
         <name>.debug_info</name>
         <load_address>0x12422</load_address>
         <run_address>0x12422</run_address>
         <size>0x132</size>
         <input_file_ref idref="fl-e7"/>
      </object_component>
      <object_component id="oc-340">
         <name>.debug_info</name>
         <load_address>0x12554</load_address>
         <run_address>0x12554</run_address>
         <size>0x132</size>
         <input_file_ref idref="fl-e8"/>
      </object_component>
      <object_component id="oc-34f">
         <name>.debug_info</name>
         <load_address>0x12686</load_address>
         <run_address>0x12686</run_address>
         <size>0x126</size>
         <input_file_ref idref="fl-e9"/>
      </object_component>
      <object_component id="oc-35a">
         <name>.debug_info</name>
         <load_address>0x127ac</load_address>
         <run_address>0x127ac</run_address>
         <size>0x124</size>
         <input_file_ref idref="fl-ea"/>
      </object_component>
      <object_component id="oc-41e">
         <name>.debug_info</name>
         <load_address>0x128d0</load_address>
         <run_address>0x128d0</run_address>
         <size>0xac</size>
      </object_component>
      <object_component id="oc-13b">
         <name>.debug_line</name>
         <load_address>0x0</load_address>
         <run_address>0x0</run_address>
         <size>0xfe</size>
         <input_file_ref idref="fl-1"/>
      </object_component>
      <object_component id="oc-206">
         <name>.debug_line</name>
         <load_address>0xfe</load_address>
         <run_address>0xfe</run_address>
         <size>0x60</size>
         <input_file_ref idref="fl-1"/>
      </object_component>
      <object_component id="oc-208">
         <name>.debug_line</name>
         <load_address>0x15e</load_address>
         <run_address>0x15e</run_address>
         <size>0x2d</size>
         <input_file_ref idref="fl-1"/>
      </object_component>
      <object_component id="oc-9c">
         <name>.debug_line</name>
         <load_address>0x18b</load_address>
         <run_address>0x18b</run_address>
         <size>0x213</size>
         <input_file_ref idref="fl-1"/>
      </object_component>
      <object_component id="oc-13f">
         <name>.debug_line</name>
         <load_address>0x39e</load_address>
         <run_address>0x39e</run_address>
         <size>0x2d</size>
         <input_file_ref idref="fl-1"/>
      </object_component>
      <object_component id="oc-70">
         <name>.debug_line</name>
         <load_address>0x3cb</load_address>
         <run_address>0x3cb</run_address>
         <size>0x74</size>
         <input_file_ref idref="fl-1"/>
      </object_component>
      <object_component id="oc-b2">
         <name>.debug_line</name>
         <load_address>0x43f</load_address>
         <run_address>0x43f</run_address>
         <size>0x20</size>
         <input_file_ref idref="fl-1"/>
      </object_component>
      <object_component id="oc-ad">
         <name>.debug_line</name>
         <load_address>0x45f</load_address>
         <run_address>0x45f</run_address>
         <size>0x78</size>
         <input_file_ref idref="fl-1"/>
      </object_component>
      <object_component id="oc-75">
         <name>.debug_line</name>
         <load_address>0x4d7</load_address>
         <run_address>0x4d7</run_address>
         <size>0x75</size>
         <input_file_ref idref="fl-1"/>
      </object_component>
      <object_component id="oc-299">
         <name>.debug_line</name>
         <load_address>0x54c</load_address>
         <run_address>0x54c</run_address>
         <size>0x6f</size>
         <input_file_ref idref="fl-1"/>
      </object_component>
      <object_component id="oc-1ea">
         <name>.debug_line</name>
         <load_address>0x5bb</load_address>
         <run_address>0x5bb</run_address>
         <size>0x70</size>
         <input_file_ref idref="fl-1"/>
      </object_component>
      <object_component id="oc-db">
         <name>.debug_line</name>
         <load_address>0x62b</load_address>
         <run_address>0x62b</run_address>
         <size>0x68</size>
         <input_file_ref idref="fl-2"/>
      </object_component>
      <object_component id="oc-f3">
         <name>.debug_line</name>
         <load_address>0x693</load_address>
         <run_address>0x693</run_address>
         <size>0x97</size>
         <input_file_ref idref="fl-3"/>
      </object_component>
      <object_component id="oc-6c">
         <name>.debug_line</name>
         <load_address>0x72a</load_address>
         <run_address>0x72a</run_address>
         <size>0x41</size>
         <input_file_ref idref="fl-4"/>
      </object_component>
      <object_component id="oc-2b">
         <name>.debug_line</name>
         <load_address>0x76b</load_address>
         <run_address>0x76b</run_address>
         <size>0x41</size>
         <input_file_ref idref="fl-4"/>
      </object_component>
      <object_component id="oc-28">
         <name>.debug_line</name>
         <load_address>0x7ac</load_address>
         <run_address>0x7ac</run_address>
         <size>0xa1</size>
         <input_file_ref idref="fl-4"/>
      </object_component>
      <object_component id="oc-36">
[...]
      <symbol id="sm-1">
         <name>__STACK_TOP</name>
         <value>0x20000470</value>
      </symbol>
      <symbol id="sm-2">
         <name>__TI_CINIT_Base</name>
         <value>0x3388</value>
      </symbol>
      <symbol id="sm-3">
         <name>__TI_CINIT_Limit</name>
         <value>0x33a0</value>
      </symbol>
      <symbol id="sm-4">
         <name>__TI_Handler_Table_Base</name>
         <value>0x3368</value>
      </symbol>
      <symbol id="sm-5">
         <name>__TI_Handler_Table_Limit</name>
         <value>0x3374</value>
      </symbol>
      <symbol id="sm-6">
         <name>binit</name>
         <value>0xffffffff</value>
      </symbol>
      <symbol id="sm-7">
         <name>__binit__</name>
         <value>0xffffffff</value>
      </symbol>
      <symbol id="sm-8">
         <name>__STACK_SIZE</name>
         <value>0x200</value>
      </symbol>
      <symbol id="sm-9">
         <name>__STACK_END</name>
         <value>0x20000470</value>
      </symbol>
      <symbol id="sm-a">
         <name>__c_args__</name>
         <value>0xffffffff</value>
      </symbol>
      <symbol id="sm-b">
         <name>__TI_pprof_out_hndl</name>
         <value>0xffffffff</value>
      </symbol>
      <symbol id="sm-c">
         <name>__TI_prof_data_start</name>
         <value>0xffffffff</value>
      </symbol>
      <symbol id="sm-d">
         <name>__TI_prof_data_size</name>
         <value>0xffffffff</value>
      </symbol>
      <symbol id="sm-9b">
         <name>userActivated</name>
         <value>0x20000511</value>
         <object_component_ref idref="oc-f5"/>
      </symbol>
      <symbol id="sm-9c">
         <name>checkPushButton</name>
         <value>0x11e1</value>
         <object_component_ref idref="oc-98"/>
      </symbol>
      <symbol id="sm-9d">
         <name>main</name>
         <value>0x1365</value>
         <object_component_ref idref="oc-98"/>
      </symbol>
      <symbol id="sm-9e">
         <name>buzzerPlay</name>
         <value>0x112b</value>
         <object_component_ref idref="oc-98"/>
      </symbol>
      <symbol id="sm-9f">
         <name>ledInit</name>
         <value>0x10bf</value>
         <object_component_ref idref="oc-98"/>
      </symbol>
      <symbol id="sm-a0">
         <name>checkRange</name>
         <value>0x1245</value>
         <object_component_ref idref="oc-98"/>
      </symbol>
      <symbol id="sm-a1">
         <name>ledInitForced</name>
         <value>0x109d</value>
         <object_component_ref idref="oc-98"/>
      </symbol>
      <symbol id="sm-a2">
         <name>ledTurnOnOff</name>
         <value>0x10d3</value>
         <object_component_ref idref="oc-98"/>
      </symbol>
      <symbol id="sm-b4">
         <name>pwmbuzzerInit</name>
         <value>0x287d</value>
         <object_component_ref idref="oc-d7"/>
      </symbol>
      <symbol id="sm-b5">
         <name>buzzerPwmSet</name>
         <value>0x28c9</value>
         <object_component_ref idref="oc-d7"/>
      </symbol>
      <symbol id="sm-cc">
         <name>rangerDetect</name>
         <value>0x1f7f</value>
         <object_component_ref idref="oc-ef"/>
      </symbol>
      <symbol id="sm-cd">
         <name>rangerInit</name>
         <value>0x1f19</value>
         <object_component_ref idref="oc-ef"/>
      </symbol>
      <symbol id="sm-ce">
         <name>sendStartPulse</name>
         <value>0x1f49</value>
         <object_component_ref idref="oc-ef"/>
      </symbol>
      <symbol id="sm-ef">
         <name>ResetISR</name>
         <value>0x30f9</value>
         <object_component_ref idref="oc-24"/>
      </symbol>
      <symbol id="sm-f0">
         <name>g_pfnVectors</name>
         <value>0x0</value>
         <object_component_ref idref="oc-f"/>
      </symbol>
      <symbol id="sm-109">
         <name>__TI_zero_init_nomemset</name>
         <value>0x30a7</value>
         <object_component_ref idref="oc-44"/>
      </symbol>
      <symbol id="sm-120">
         <name>__TI_decompress_none</name>
         <value>0x30eb</value>
         <object_component_ref idref="oc-18"/>
      </symbol>
      <symbol id="sm-143">
         <name>__TI_decompress_lzss</name>
         <value>0x29e5</value>
         <object_component_ref idref="oc-12"/>
      </symbol>
      <symbol id="sm-156">
         <name>__stack</name>
         <value>0x20000270</value>
         <object_component_ref idref="oc-21"/>
      </symbol>
      <symbol id="sm-157">
         <name>_c_int00_noargs</name>
         <value>0x2df5</value>
         <object_component_ref idref="oc-56"/>
      </symbol>
      <symbol id="sm-166">
         <name>__aeabi_memset</name>
         <value>0x28ff</value>
         <object_component_ref idref="oc-8c"/>
      </symbol>
      <symbol id="sm-167">
         <name>memset</name>
         <value>0x2905</value>
         <object_component_ref idref="oc-8c"/>
      </symbol>
      <symbol id="sm-168">
         <name>__aeabi_memset8</name>
         <value>0x28ff</value>
         <object_component_ref idref="oc-8c"/>
      </symbol>
      <symbol id="sm-169">
         <name>__aeabi_memset4</name>
         <value>0x28ff</value>
         <object_component_ref idref="oc-8c"/>
      </symbol>
      <symbol id="sm-16a">
         <name>__aeabi_memclr8</name>
         <value>0x28fd</value>
         <object_component_ref idref="oc-8c"/>
      </symbol>
      <symbol id="sm-16b">
         <name>__aeabi_memclr4</name>
         <value>0x28fd</value>
         <object_component_ref idref="oc-8c"/>
      </symbol>
      <symbol id="sm-16c">
         <name>__aeabi_memclr</name>
         <value>0x28fd</value>
         <object_component_ref idref="oc-8c"/>
      </symbol>
      <symbol id="sm-187">
         <name>memcpy</name>
         <value>0x25b3</value>
         <object_component_ref idref="oc-38"/>
      </symbol>
      <symbol id="sm-188">
         <name>__aeabi_memcpy</name>
         <value>0x25b3</value>
         <object_component_ref idref="oc-38"/>
      </symbol>
      <symbol id="sm-189">
         <name>__aeabi_memcpy8</name>
         <value>0x25b3</value>
         <object_component_ref idref="oc-38"/>
      </symbol>
      <symbol id="sm-18a">
         <name>__aeabi_memcpy4</name>
         <value>0x25b3</value>
         <object_component_ref idref="oc-38"/>
      </symbol>
      <symbol id="sm-1b2">
         <name>__TI_auto_init_nobinit_nopinit</name>
         <value>0x2d31</value>
         <object_component_ref idref="oc-108"/>
      </symbol>
      <symbol id="sm-1bc">
         <name>_system_pre_init</name>
         <value>0x314b</value>
         <object_component_ref idref="oc-92"/>
      </symbol>
      <symbol id="sm-1c8">
         <name>C$$EXIT</name>
         <value>0x314f</value>
         <object_component_ref idref="oc-fc"/>
      </symbol>
      <symbol id="sm-1c9">
         <name>abort</name>
         <value>0x314f</value>
         <object_component_ref idref="oc-fc"/>
      </symbol>
      <symbol id="sm-228">
         <name>schdExecute</name>
         <value>0xe75</value>
         <object_component_ref idref="oc-dd"/>
      </symbol>
      <symbol id="sm-229">
         <name>sysTimeWaitAbsolute</name>
         <value>0xdaf</value>
         <object_component_ref idref="oc-dd"/>
      </symbol>
      <symbol id="sm-22a">
         <name>lpInit</name>
         <value>0xfd7</value>
         <object_component_ref idref="oc-dd"/>
      </symbol>
      <symbol id="sm-22b">
         <name>sysTimeGet</name>
         <value>0xd5f</value>
         <object_component_ref idref="oc-dd"/>
      </symbol>
      <symbol id="sm-22c">
         <name>sysTimeReached</name>
         <value>0xd65</value>
         <object_component_ref idref="oc-dd"/>
      </symbol>
      <symbol id="sm-22d">
         <name>waitUs</name>
         <value>0xfa9</value>
         <object_component_ref idref="oc-dd"/>
      </symbol>
      <symbol id="sm-22e">
         <name>sysTimeWait</name>
         <value>0xd8b</value>
         <object_component_ref idref="oc-dd"/>
      </symbol>
      <symbol id="sm-22f">
         <name>schdCallback</name>
         <value>0xdfb</value>
         <object_component_ref idref="oc-dd"/>
      </symbol>
      <symbol id="sm-230">
         <name>waitMs</name>
         <value>0xf79</value>
         <object_component_ref idref="oc-dd"/>
      </symbol>
      <symbol id="sm-24e">
         <name>pbInitForced</name>
         <value>0x26e5</value>
         <object_component_ref idref="oc-e3"/>
      </symbol>
      <symbol id="sm-24f">
         <name>pbInit</name>
         <value>0x2719</value>
         <object_component_ref idref="oc-e3"/>
      </symbol>
      <symbol id="sm-250">
         <name>pbRead</name>
         <value>0x272d</value>
         <object_component_ref idref="oc-e3"/>
      </symbol>
      <symbol id="sm-267">
         <name>uartPutString</name>
         <value>0x249b</value>
         <object_component_ref idref="oc-e9"/>
      </symbol>
      <symbol id="sm-268">
         <name>uprintf</name>
         <value>0x24c7</value>
         <object_component_ref idref="oc-e9"/>
      </symbol>
      <symbol id="sm-269">
         <name>uartInit</name>
         <value>0x243d</value>
         <object_component_ref idref="oc-e9"/>
      </symbol>
      <symbol id="sm-26a">
         <name>uartPutChar</name>
         <value>0x2477</value>
         <object_component_ref idref="oc-e9"/>
      </symbol>
      <symbol id="sm-26b">
         <name>uartGetChar</name>
         <value>0x2489</value>
         <object_component_ref idref="oc-e9"/>
      </symbol>
      <symbol id="sm-2ca">
         <name>GPIOPinConfigure</name>
         <value>0x2c59</value>
         <object_component_ref idref="oc-15d"/>
      </symbol>
      <symbol id="sm-2cb">
         <name>GPIOPinTypeGPIOInput</name>
         <value>0x304d</value>
         <object_component_ref idref="oc-1b7"/>
      </symbol>
      <symbol id="sm-2cc">
         <name>GPIOPinTypeUART</name>
         <value>0x3071</value>
         <object_component_ref idref="oc-1c7"/>
      </symbol>
      <symbol id="sm-2cd">
         <name>GPIOPinTypeGPIOOutput</name>
         <value>0x2f75</value>
         <object_component_ref idref="oc-cb"/>
      </symbol>
      <symbol id="sm-2ce">
         <name>GPIOPinRead</name>
         <value>0x3135</value>
         <object_component_ref idref="oc-1bd"/>
      </symbol>
      <symbol id="sm-2cf">
         <name>GPIODirModeSet</name>
         <value>0x2ef3</value>
         <object_component_ref idref="oc-14e"/>
      </symbol>
      <symbol id="sm-2d0">
         <name>GPIOPinWrite</name>
         <value>0x313b</value>
         <object_component_ref idref="oc-d1"/>
      </symbol>
      <symbol id="sm-2d1">
         <name>GPIOPadConfigSet</name>
         <value>0x1cc7</value>
         <object_component_ref idref="oc-148"/>
      </symbol>
      <symbol id="sm-2d2">
         <name>GPIOPinTypeTimer</name>
         <value>0x305f</value>
         <object_component_ref idref="oc-157"/>
      </symbol>
      <symbol id="sm-2e9">
         <name>IntRegister</name>
         <value>0x2e2d</value>
         <object_component_ref idref="oc-250"/>
      </symbol>
      <symbol id="sm-2ea">
         <name>g_pfnRAMVectors</name>
         <value>0x20000000</value>
         <object_component_ref idref="oc-2c9"/>
      </symbol>
      <symbol id="sm-33c">
         <name>SysCtlClockSet</name>
         <value>0x2349</value>
         <object_component_ref idref="oc-18e"/>
      </symbol>
      <symbol id="sm-33d">
         <name>SysCtlDelay</name>
         <value>0x3141</value>
         <object_component_ref idref="oc-18d"/>
      </symbol>
      <symbol id="sm-33e">
         <name>SysCtlPeripheralEnable</name>
         <value>0x2e61</value>
         <object_component_ref idref="oc-c5"/>
      </symbol>
      <symbol id="sm-33f">
         <name>SysCtlClockGet</name>
         <value>0x202d</value>
         <object_component_ref idref="oc-194"/>
      </symbol>
      <symbol id="sm-36c">
         <name>SysTickEnable</name>
         <value>0x2fe9</value>
         <object_component_ref idref="oc-1ac"/>
      </symbol>
      <symbol id="sm-36d">
         <name>SysTickIntRegister</name>
         <value>0x2f3d</value>
         <object_component_ref idref="oc-1a0"/>
      </symbol>
      <symbol id="sm-36e">
         <name>SysTickIntEnable</name>
         <value>0x2ffd</value>
         <object_component_ref idref="oc-1a6"/>
      </symbol>
      <symbol id="sm-36f">
         <name>SysTickPeriodSet</name>
         <value>0x30cd</value>
         <object_component_ref idref="oc-19a"/>
      </symbol>
      <symbol id="sm-3c3">
         <name>TimerMatchSet</name>
         <value>0x3095</value>
         <object_component_ref idref="oc-17b"/>
      </symbol>
      <symbol id="sm-3c4">
         <name>TimerLoadSet</name>
         <value>0x3083</value>
         <object_component_ref idref="oc-175"/>
      </symbol>
      <symbol id="sm-3c5">
         <name>TimerControlLevel</name>
         <value>0x2f8d</value>
         <object_component_ref idref="oc-169"/>
      </symbol>
      <symbol id="sm-3c6">
         <name>TimerEnable</name>
         <value>0x30dd</value>
         <object_component_ref idref="oc-16f"/>
      </symbol>
      <symbol id="sm-3c7">
         <name>TimerIntStatus</name>
         <value>0x3105</value>
         <object_component_ref idref="oc-1f8"/>
      </symbol>
      <symbol id="sm-3c8">
         <name>TimerValueGet</name>
         <value>0x310f</value>
         <object_component_ref idref="oc-1fe"/>
      </symbol>
      <symbol id="sm-3c9">
         <name>TimerConfigure</name>
         <value>0x2ab1</value>
         <object_component_ref idref="oc-163"/>
      </symbol>
      <symbol id="sm-3ca">
         <name>TimerControlEvent</name>
         <value>0x2fbd</value>
         <object_component_ref idref="oc-1ec"/>
      </symbol>
      <symbol id="sm-3cb">
         <name>TimerIntClear</name>
         <value>0x3147</value>
         <object_component_ref idref="oc-1f2"/>
      </symbol>
      <symbol id="sm-3fe">
         <name>UARTConfigSetExpClk</name>
         <value>0x2ce9</value>
         <object_component_ref idref="oc-1cd"/>
      </symbol>
      <symbol id="sm-3ff">
         <name>UARTDisable</name>
         <value>0x2f1d</value>
         <object_component_ref idref="oc-266"/>
      </symbol>
      <symbol id="sm-400">
         <name>UARTCharPut</name>
         <value>0x3123</value>
         <object_component_ref idref="oc-1d3"/>
      </symbol>
      <symbol id="sm-401">
         <name>UARTEnable</name>
         <value>0x3011</value>
         <object_component_ref idref="oc-26c"/>
      </symbol>
      <symbol id="sm-402">
         <name>UARTCharGet</name>
         <value>0x3119</value>
         <object_component_ref idref="oc-1d9"/>
      </symbol>
      <symbol id="sm-410">
         <name>__aeabi_uldivmod</name>
         <value>0x264f</value>
         <object_component_ref idref="oc-188"/>
      </symbol>
      <symbol id="sm-43f">
         <name>vsnprintf</name>
         <value>0x2d75</value>
         <object_component_ref idref="oc-1df"/>
      </symbol>
      <symbol id="sm-449">
         <name>__aeabi_idiv0</name>
         <value>0xccb</value>
         <object_component_ref idref="oc-243"/>
      </symbol>
      <symbol id="sm-44a">
         <name>__aeabi_ldiv0</name>
         <value>0xccb</value>
         <object_component_ref idref="oc-243"/>
      </symbol>
      <symbol id="sm-5af">
         <name>__TI_printfi</name>
         <value>0x26d</value>
         <object_component_ref idref="oc-276"/>
      </symbol>
      <symbol id="sm-5c5">
         <name>atoi</name>
         <value>0x2c0d</value>
         <object_component_ref idref="oc-2d8"/>
      </symbol>
      <symbol id="sm-5d0">
         <name>_ctypes_</name>
         <value>0x3154</value>
         <object_component_ref idref="oc-338"/>
      </symbol>
      <symbol id="sm-5df">
         <name>ltoa</name>
         <value>0x2b67</value>
         <object_component_ref idref="oc-353"/>
      </symbol>
      <symbol id="sm-5ef">
         <name>memccpy</name>
         <value>0x2f59</value>
         <object_component_ref idref="oc-301"/>
      </symbol>
      <symbol id="sm-5ff">
         <name>strchr</name>
         <value>0x2fd3</value>
         <object_component_ref idref="oc-38a"/>
      </symbol>
      <symbol id="sm-60d">
         <name>strlen</name>
         <value>0x3039</value>
         <object_component_ref idref="oc-2d2"/>
      </symbol>
      <symbol id="sm-623">
         <name>__aeabi_errno_addr</name>
         <value>0x312d</value>
         <object_component_ref idref="oc-30d"/>
      </symbol>
      <symbol id="sm-624">
         <name>errno</name>
         <value>0x2000050c</value>
         <object_component_ref idref="oc-39a"/>
      </symbol>
      <symbol id="sm-644">
         <name>frexpl</name>
         <value>0x2a4d</value>
         <object_component_ref idref="oc-37e"/>
      </symbol>
      <symbol id="sm-645">
         <name>frexp</name>
         <value>0x2a4d</value>
         <object_component_ref idref="oc-37e"/>
      </symbol>
      <symbol id="sm-662">
         <name>scalbn</name>
         <value>0x213d</value>
         <object_component_ref idref="oc-384"/>
      </symbol>
      <symbol id="sm-663">
         <name>scalbnl</name>
         <value>0x213d</value>
         <object_component_ref idref="oc-384"/>
      </symbol>
      <symbol id="sm-664">
         <name>ldexpl</name>
         <value>0x213d</value>
         <object_component_ref idref="oc-384"/>
      </symbol>
      <symbol id="sm-665">
         <name>ldexp</name>
         <value>0x213d</value>
         <object_component_ref idref="oc-384"/>
      </symbol>
      <symbol id="sm-67e">
         <name>wcslen</name>
         <value>0x30b9</value>
         <object_component_ref idref="oc-307"/>
      </symbol>
      <symbol id="sm-688">
         <name>copysign</name>
         <value>0x3025</value>
         <object_component_ref idref="oc-3c5"/>
      </symbol>
      <symbol id="sm-689">
         <name>copysignl</name>
         <value>0x3025</value>
         <object_component_ref idref="oc-3c5"/>
      </symbol>
      <symbol id="sm-6a0">
         <name>__aeabi_dsub</name>
         <value>0x189d</value>
         <object_component_ref idref="oc-35e"/>
      </symbol>
      <symbol id="sm-6a1">
         <name>__aeabi_dadd</name>
         <value>0x18a7</value>
         <object_component_ref idref="oc-35e"/>
      </symbol>
      <symbol id="sm-6c3">
         <name>__aeabi_cdcmpeq</name>
         <value>0x2771</value>
         <object_component_ref idref="oc-2e4"/>
      </symbol>
      <symbol id="sm-6c4">
         <name>__aeabi_cdcmple</name>
         <value>0x2771</value>
         <object_component_ref idref="oc-2e4"/>
      </symbol>
      <symbol id="sm-6c5">
         <name>__aeabi_cdrcmple</name>
         <value>0x27f7</value>
         <object_component_ref idref="oc-349"/>
      </symbol>
      <symbol id="sm-6d9">
         <name>__aeabi_ddiv</name>
         <value>0x1b91</value>
         <object_component_ref idref="oc-344"/>
      </symbol>
      <symbol id="sm-6e4">
         <name>__aeabi_dmul</name>
         <value>0x224d</value>
         <object_component_ref idref="oc-33f"/>
      </symbol>
      <symbol id="sm-6ee">
         <name>__aeabi_d2iz</name>
         <value>0x2ca1</value>
         <object_component_ref idref="oc-34e"/>
      </symbol>
      <symbol id="sm-6f8">
         <name>__aeabi_i2d</name>
         <value>0x2ec5</value>
         <object_component_ref idref="oc-359"/>
      </symbol>
      <symbol id="sm-6f9">
         <name>__TI_static_base__</name>
         <value>0x0</value>
      </symbol>
      <symbol id="sm-6fc">
         <name>__mpu_init</name>
         <value>0x0</value>
      </symbol>
      <symbol id="sm-6fd">
         <name>_system_post_cinit</name>
         <value>0x0</value>
      </symbol>
   </symbol_table>
   <title>Link successful</title>
</link_info>
