******************************************************************************
                  TI ARM Linker Unix v18.1.3                   
******************************************************************************
>> Linked Tue Nov 13 08:36:10 2018

OUTPUT FILE NAME:   <Lab7.out>
ENTRY POINT SYMBOL: "_c_int00_noargs"  address: 00003f89


MEMORY CONFIGURATION

         name            origin    length      used     unused   attr    fill
----------------------  --------  ---------  --------  --------  ----  --------
  FLASH                 00000000   00020000  00004702  0001b8fe  R  X
  SRAM                  20000000   00008000  0000051a  00007ae6  RW X


SEGMENT ALLOCATION MAP

run origin  load origin   length   init length attrs members
----------  ----------- ---------- ----------- ----- -------
00000000    00000000    00004708   00004708    r-x
  00000000    00000000    0000026c   0000026c    r-- .intvecs
  0000026c    0000026c    000040ee   000040ee    r-x .text
  00004360    00004360    00000358   00000358    r-- .const
  000046b8    000046b8    00000050   00000050    r-- .cinit
20000000    20000000    0000051e   00000000    rw-
  20000000    20000000    0000026c   00000000    rw- .vtable
  20000270    20000270    00000200   00000000    rw- .stack
  20000470    20000470    00000084   00000000    rw- .bss
  200004f4    200004f4    0000002a   00000000    rw- .data


SECTION ALLOCATION MAP

 output                                  attributes/
section   page    origin      length       input sections
--------  ----  ----------  ----------   ----------------
.intvecs   0    00000000    0000026c     
                  00000000    0000026c     tm4c123ge6pm_startup_ccs.obj (.intvecs)

.text      0    0000026c    000040ee     
                  0000026c    00000a5e     rtsv7M4_T_le_v4SPD16_eabi.lib : _printfi.c.obj (.text:__TI_printfi)
                  00000cca    00000002                                   : div0.asm.obj (.text)
                  00000ccc    00000738                                   : k_rem_pio2.c.obj (.text:__kernel_rem_pio2)
                  00001404    000005c4                                   : s_sin.c.obj (.text:sin)
                  000019c8    000003d0     Util.lib : launchpad.obj (.text)
                  00001d98    00000290     main.obj (.text)
                  00002028    00000270     rtsv7M4_T_le_v4SPD16_eabi.lib : _printfi.c.obj (.text:_pconv_a)
                  00002298    000001d0                                   : _printfi.c.obj (.text:_pconv_g)
                  00002468    000001b6                                   : fd_add_t2.asm.obj (.text)
                  0000261e    00000002     --HOLE-- [fill = 0]
                  00002620    00000174                                   : k_sin.c.obj (.text:__kernel_sin)
                  00002794    0000016c                                   : k_cos.c.obj (.text:__kernel_cos)
                  00002900    0000013c                                   : _printfi.c.obj (.text:_pconv_e)
                  00002a3c    00000136                                   : fd_div_t2.asm.obj (.text)
                  00002b72    00000132     driverlib.lib : gpio.obj (.text:GPIOPadConfigSet)
                  00002ca4    0000012c     pwmled.obj (.text)
                  00002dd0    00000120     rtsv7M4_T_le_v4SPD16_eabi.lib : _printfi.c.obj (.text:fcvt)
                  00002ef0    00000110     driverlib.lib : sysctl.obj (.text:SysCtlClockGet)
                  00003000    00000110     rtsv7M4_T_le_v4SPD16_eabi.lib : s_scalbn.c.obj (.text:scalbn)
                  00003110    000000fc                                   : fd_mul_t2.asm.obj (.text)
                  0000320c    000000f8                                   : s_floor.c.obj (.text:floor)
                  00003304    000000f4     driverlib.lib : sysctl.obj (.text:SysCtlClockSet)
                  000033f8    000000c4     Util.lib : uart.obj (.text)
                  000034bc    000000b1     rtsv7M4_T_le_v4SPD16_eabi.lib : _printfi.c.obj (.text:_ltostr)
                  0000356d    00000003     --HOLE-- [fill = 0]
                  00003570    0000009c     Util.lib : led.obj (.text)
                  0000360c    0000009c     rtsv7M4_T_le_v4SPD16_eabi.lib : memcpy_t2.asm.obj (.text)
                  000036a8    00000096                                   : ull_div_t2.asm.obj (.text)
                  0000373e    00000002     --HOLE-- [fill = 0]
                  00003740    0000008c     Util.lib : pushbutton.obj (.text)
                  000037cc    00000086     rtsv7M4_T_le_v4SPD16_eabi.lib : fd_cmp_t2.asm.obj (.text:__aeabi_cdcmple)
                  00003852    00000086                                   : fd_cmp_t2.asm.obj (.text:__aeabi_cdrcmple)
                  000038d8    00000080     pwmbuzzer.obj (.text)
                  00003958    0000007a     driverlib.lib : adc.obj (.text:ADCSequenceStepConfigure)
                  000039d2    0000007a     rtsv7M4_T_le_v4SPD16_eabi.lib : memset_t2.asm.obj (.text)
                  00003a4c    0000006e                                   : _printfi.c.obj (.text:_mcpy)
                  00003aba    00000002     --HOLE-- [fill = 0]
                  00003abc    0000006c     rotary.obj (.text)
                  00003b28    00000068     rtsv7M4_T_le_v4SPD16_eabi.lib : copy_decompress_lzss.c.obj (.text:decompress:lzss:__TI_decompress_lzss)
                  00003b90    00000064                                   : s_frexp.c.obj (.text:frexp)
                  00003bf4    00000060     driverlib.lib : timer.obj (.text:TimerConfigure)
                  00003c54    00000056     rtsv7M4_T_le_v4SPD16_eabi.lib : _printfi.c.obj (.text:_pconv_f)
                  00003caa    00000054                                   : ltoa.c.obj (.text:ltoa)
                  00003cfe    00000052                                   : _printfi.c.obj (.text:_ecpy)
                  00003d50    00000050     driverlib.lib : adc.obj (.text:ADCSequenceConfigure)
                  00003da0    0000004c     rtsv7M4_T_le_v4SPD16_eabi.lib : atoi.c.obj (.text:atoi)
                  00003dec    00000048     driverlib.lib : gpio.obj (.text:GPIOPinConfigure)
                  00003e34    00000048     rtsv7M4_T_le_v4SPD16_eabi.lib : fd_toi_t2.asm.obj (.text)
                  00003e7c    00000046     driverlib.lib : uart.obj (.text:UARTConfigSetExpClk)
                  00003ec2    00000002     --HOLE-- [fill = 0]
                  00003ec4    00000044     rtsv7M4_T_le_v4SPD16_eabi.lib : autoinit.c.obj (.text:__TI_auto_init_nobinit_nopinit:__TI_auto_init_nobinit_nopinit)
                  00003f08    00000040                                   : vsnprintf.c.obj (.text:vsnprintf)
                  00003f48    0000003e                                   : _printfi.c.obj (.text:_fcpy)
                  00003f86    00000002     --HOLE-- [fill = 0]
                  00003f88    00000038                                   : boot_cortex_m.c.obj (.text:_c_int00_noargs:_c_int00_noargs)
                  00003fc0    00000034     driverlib.lib : interrupt.obj (.text:IntRegister)
                  00003ff4    00000034                   : sysctl.obj (.text:SysCtlPeripheralEnable)
                  00004028    00000030     rtsv7M4_T_le_v4SPD16_eabi.lib : vsnprintf.c.obj (.text:_outs)
                  00004058    0000002e     driverlib.lib : adc.obj (.text:ADCIntStatus)
                  00004086    0000002e     rtsv7M4_T_le_v4SPD16_eabi.lib : i_tofd_t2.asm.obj (.text)
                  000040b4    0000002a     driverlib.lib : gpio.obj (.text:GPIODirModeSet)
                  000040de    00000002     --HOLE-- [fill = 0]
                  000040e0    00000020                   : uart.obj (.text:UARTDisable)
                  00004100    00000020     rtsv7M4_T_le_v4SPD16_eabi.lib : u_tofd_t2.asm.obj (.text)
                  00004120    0000001e     driverlib.lib : adc.obj (.text:ADCSequenceDataGet)
                  0000413e    00000002     --HOLE-- [fill = 0]
                  00004140    0000001c                   : systick.obj (.text:SysTickIntRegister)
                  0000415c    0000001c     rtsv7M4_T_le_v4SPD16_eabi.lib : memccpy.c.obj (.text:memccpy)
                  00004178    00000018     driverlib.lib : adc.obj (.text:ADCProcessorTrigger)
                  00004190    00000018                   : gpio.obj (.text:GPIOPinTypeGPIOOutput)
                  000041a8    00000018                   : timer.obj (.text:TimerControlLevel)
                  000041c0    00000018     rtsv7M4_T_le_v4SPD16_eabi.lib : vsnprintf.c.obj (.text:_outc)
                  000041d8    00000016                                   : strchr.c.obj (.text:strchr)
                  000041ee    00000002     --HOLE-- [fill = 0]
                  000041f0    00000014     driverlib.lib : systick.obj (.text:SysTickEnable)
                  00004204    00000014                   : systick.obj (.text:SysTickIntEnable)
                  00004218    00000014                   : uart.obj (.text:UARTEnable)
                  0000422c    00000014     rtsv7M4_T_le_v4SPD16_eabi.lib : s_copysign.c.obj (.text:copysign)
                  00004240    00000014                                   : strlen.c.obj (.text:strlen)
                  00004254    00000012     driverlib.lib : gpio.obj (.text:GPIOPinTypeGPIOInput)
                  00004266    00000012                   : gpio.obj (.text:GPIOPinTypeTimer)
                  00004278    00000012                   : gpio.obj (.text:GPIOPinTypeUART)
                  0000428a    00000012                   : timer.obj (.text:TimerLoadSet)
                  0000429c    00000012                   : timer.obj (.text:TimerMatchSet)
                  000042ae    00000012     rtsv7M4_T_le_v4SPD16_eabi.lib : copy_zero_init.c.obj (.text:decompress:ZI:__TI_zero_init_nomemset:__TI_zero_init_nomemset)
                  000042c0    00000012                                   : wcslen.c.obj (.text:wcslen)
                  000042d2    00000002     --HOLE-- [fill = 0]
                  000042d4    00000010     driverlib.lib : systick.obj (.text:SysTickPeriodSet)
                  000042e4    0000000e                   : adc.obj (.text:ADCSequenceEnable)
                  000042f2    0000000e                   : timer.obj (.text:TimerEnable)
                  00004300    0000000e     rtsv7M4_T_le_v4SPD16_eabi.lib : copy_decompress_none.c.obj (.text:decompress:none:__TI_decompress_none)
                  0000430e    0000000c     tm4c123ge6pm_startup_ccs.obj (.text)
                  0000431a    0000000a     driverlib.lib : adc.obj (.text:ADCIntClear)
                  00004324    0000000a                   : uart.obj (.text:UARTCharGet)
                  0000432e    0000000a                   : uart.obj (.text:UARTCharPut)
                  00004338    00000008     rtsv7M4_T_le_v4SPD16_eabi.lib : errno.c.obj (.text:__aeabi_errno_addr)
                  00004340    00000006     driverlib.lib : gpio.obj (.text:GPIOPinRead)
                  00004346    00000006                   : gpio.obj (.text:GPIOPinWrite)
                  0000434c    00000006                   : sysctl.obj (.text:SysCtlDelay)
                  00004352    00000004     rtsv7M4_T_le_v4SPD16_eabi.lib : pre_init.c.obj (.text:_system_pre_init)
                  00004356    00000004                                   : exit.c.obj (.text:abort:abort)

.const     0    00004360    00000358     
                  00004360    00000158     rtsv7M4_T_le_v4SPD16_eabi.lib : k_rem_pio2.c.obj (.const:$O1$$)
                  000044b8    00000101                                   : ctype.c.obj (.const:.string:_ctypes_)
                  000045b9    00000003     --HOLE-- [fill = 0]
                  000045bc    00000090     driverlib.lib : gpio.obj (.const:g_pui32GPIOBaseAddrs)
                  0000464c    0000006c                   : sysctl.obj (.const:g_pui32Xtals)

.cinit     0    000046b8    00000050     
                  000046b8    00000017     (.cinit..data.load) [load image, compression = lzss]
                  000046cf    00000001     --HOLE-- [fill = 0]
                  000046d0    0000000c     (__TI_handler_table)
                  000046dc    00000004     --HOLE-- [fill = 0]
                  000046e0    00000008     (.cinit..bss.load) [load image, compression = zero_init]
                  000046e8    00000008     (.cinit..vtable.load) [load image, compression = zero_init]
                  000046f0    00000018     (__TI_cinit_table)

.init_array 
*          0    00000000    00000000     UNINITIALIZED

.vtable    0    20000000    0000026c     UNINITIALIZED
                  20000000    0000026c     driverlib.lib : interrupt.obj (.vtable)

.bss       0    20000470    00000084     UNINITIALIZED
                  20000470    00000080     Util.lib : launchpad.obj (.bss:callbackHeap)
                  200004f0    00000004              : launchpad.obj (.bss)

.data      0    200004f4    0000002a     UNINITIALIZED
                  200004f4    00000010     main.obj (.data:buzzer)
                  20000504    00000008     Util.lib : launchpad.obj (.data)
                  2000050c    00000008     main.obj (.data:led)
                  20000514    00000004     main.obj (.data)
                  20000518    00000004     rtsv7M4_T_le_v4SPD16_eabi.lib : errno.c.obj (.data)
                  2000051c    00000001     Util.lib : led.obj (.data)
                  2000051d    00000001              : pushbutton.obj (.data)

.stack     0    20000270    00000200     UNINITIALIZED
                  20000270    00000004     rtsv7M4_T_le_v4SPD16_eabi.lib : boot_cortex_m.c.obj (.stack)
                  20000274    000001fc     --HOLE--

MODULE SUMMARY

       Module                         code    ro data   rw data
       ------                         ----    -------   -------
    ./
       main.obj                       656     0         28     
       tm4c123ge6pm_startup_ccs.obj   12      620       0      
       pwmled.obj                     300     0         0      
       pwmbuzzer.obj                  128     0         0      
       rotary.obj                     108     0         0      
    +--+------------------------------+-------+---------+---------+
       Total:                         1204    620       28     
                                                               
    /Applications/ti/TivaWare_C_Series-2.1.4.178/driverlib/ccs/Debug/driverlib.lib
       sysctl.obj                     574     108       0      
       interrupt.obj                  52      0         620    
       gpio.obj                       510     144       0      
       adc.obj                        326     0         0      
       timer.obj                      170     0         0      
       uart.obj                       142     0         0      
       systick.obj                    84      0         0      
    +--+------------------------------+-------+---------+---------+
       Total:                         1858    252       620    
                                                               
    /Applications/ti/ccsv8/tools/compiler/ti-cgt-arm_18.1.3.LTS/lib/rtsv7M4_T_le_v4SPD16_eabi.lib
       _printfi.c.obj                 4863    0         0      
       k_rem_pio2.c.obj               1848    344       0      
       s_sin.c.obj                    1476    0         0      
       fd_add_t2.asm.obj              438     0         0      
       k_sin.c.obj                    372     0         0      
       k_cos.c.obj                    364     0         0      
       fd_div_t2.asm.obj              310     0         0      
       s_scalbn.c.obj                 272     0         0      
       fd_cmp_t2.asm.obj              268     0         0      
       ctype.c.obj                    0       257       0      
       fd_mul_t2.asm.obj              252     0         0      
       s_floor.c.obj                  248     0         0      
       memcpy_t2.asm.obj              156     0         0      
       ull_div_t2.asm.obj             150     0         0      
       vsnprintf.c.obj                136     0         0      
       memset_t2.asm.obj              122     0         0      
       copy_decompress_lzss.c.obj     104     0         0      
       s_frexp.c.obj                  100     0         0      
       ltoa.c.obj                     84      0         0      
       atoi.c.obj                     76      0         0      
       fd_toi_t2.asm.obj              72      0         0      
       autoinit.c.obj                 68      0         0      
       boot_cortex_m.c.obj            56      0         0      
       i_tofd_t2.asm.obj              46      0         0      
       u_tofd_t2.asm.obj              32      0         0      
       memccpy.c.obj                  28      0         0      
       strchr.c.obj                   22      0         0      
       s_copysign.c.obj               20      0         0      
       strlen.c.obj                   20      0         0      
       copy_zero_init.c.obj           18      0         0      
       wcslen.c.obj                   18      0         0      
       copy_decompress_none.c.obj     14      0         0      
       errno.c.obj                    8       0         4      
       exit.c.obj                     4       0         0      
       pre_init.c.obj                 4       0         0      
       div0.asm.obj                   2       0         0      
    +--+------------------------------+-------+---------+---------+
       Total:                         12071   601       4      
                                                               
    /Users/chuangyizhang/Desktop/ECE 266/Util/Debug/Util.lib
       launchpad.obj                  976     0         140    
       uart.obj                       196     0         0      
       led.obj                        156     0         1      
       pushbutton.obj                 140     0         1      
    +--+------------------------------+-------+---------+---------+
       Total:                         1468    0         142    
                                                               
       Stack:                         0       0         512    
       Linker Generated:              0       75        0      
    +--+------------------------------+-------+---------+---------+
       Grand Total:                   16601   1548      1306   


LINKER GENERATED COPY TABLES

__TI_cinit_table @ 000046f0 records: 3, size/record: 8, table size: 24
	.data: load addr=000046b8, load size=00000017 bytes, run addr=200004f4, run size=0000002a bytes, compression=lzss
	.bss: load addr=000046e0, load size=00000008 bytes, run addr=20000470, run size=00000084 bytes, compression=zero_init
	.vtable: load addr=000046e8, load size=00000008 bytes, run addr=20000000, run size=0000026c bytes, compression=zero_init


LINKER GENERATED HANDLER TABLE

__TI_handler_table @ 000046d0 records: 3, size/record: 4, table size: 12
	index: 0, handler: __TI_zero_init
	index: 1, handler: __TI_decompress_lzss
	index: 2, handler: __TI_decompress_none


GLOBAL SYMBOLS: SORTED ALPHABETICALLY BY Name 

address   name                          
-------   ----                          
00003abd  ADCInit                       
0000431b  ADCIntClear                   
00004059  ADCIntStatus                  
00004179  ADCProcessorTrigger           
00003d51  ADCSequenceConfigure          
00004121  ADCSequenceDataGet            
000042e5  ADCSequenceEnable             
00003959  ADCSequenceStepConfigure      
00003af3  ADCsampling                   
00004357  C$$EXIT                       
000040b5  GPIODirModeSet                
00002b73  GPIOPadConfigSet              
00003ded  GPIOPinConfigure              
00004341  GPIOPinRead                   
00004255  GPIOPinTypeGPIOInput          
00004191  GPIOPinTypeGPIOOutput         
00004267  GPIOPinTypeTimer              
00004279  GPIOPinTypeUART               
00004347  GPIOPinWrite                  
00003fc1  IntRegister                   
0000430f  ResetISR                      
00002ef1  SysCtlClockGet                
00003305  SysCtlClockSet                
0000434d  SysCtlDelay                   
00003ff5  SysCtlPeripheralEnable        
000041f1  SysTickEnable                 
00004205  SysTickIntEnable              
00004141  SysTickIntRegister            
000042d5  SysTickPeriodSet              
00003bf5  TimerConfigure                
000041a9  TimerControlLevel             
000042f3  TimerEnable                   
0000428b  TimerLoadSet                  
0000429d  TimerMatchSet                 
00004325  UARTCharGet                   
0000432f  UARTCharPut                   
00003e7d  UARTConfigSetExpClk           
000040e1  UARTDisable                   
00004219  UARTEnable                    
20000470  __STACK_END                   
00000200  __STACK_SIZE                  
20000470  __STACK_TOP                   
000046f0  __TI_CINIT_Base               
00004708  __TI_CINIT_Limit              
000046d0  __TI_Handler_Table_Base       
000046dc  __TI_Handler_Table_Limit      
00003ec5  __TI_auto_init_nobinit_nopinit
00003b29  __TI_decompress_lzss          
00004301  __TI_decompress_none          
ffffffff  __TI_pprof_out_hndl           
0000026d  __TI_printfi                  
ffffffff  __TI_prof_data_size           
ffffffff  __TI_prof_data_start          
00000000  __TI_static_base__            
000042af  __TI_zero_init_nomemset       
000037cd  __aeabi_cdcmpeq               
000037cd  __aeabi_cdcmple               
00003853  __aeabi_cdrcmple              
00003e35  __aeabi_d2iz                  
00002473  __aeabi_dadd                  
00002a3d  __aeabi_ddiv                  
00003111  __aeabi_dmul                  
00002469  __aeabi_dsub                  
00004339  __aeabi_errno_addr            
00004087  __aeabi_i2d                   
00000ccb  __aeabi_idiv0                 
00000ccb  __aeabi_ldiv0                 
000039d3  __aeabi_memclr                
000039d3  __aeabi_memclr4               
000039d3  __aeabi_memclr8               
0000360d  __aeabi_memcpy                
0000360d  __aeabi_memcpy4               
0000360d  __aeabi_memcpy8               
000039d5  __aeabi_memset                
000039d5  __aeabi_memset4               
000039d5  __aeabi_memset8               
00004101  __aeabi_ui2d                  
000036a9  __aeabi_uldivmod              
ffffffff  __binit__                     
ffffffff  __c_args__                    
00002795  __kernel_cos                  
00000ccd  __kernel_rem_pio2             
00002621  __kernel_sin                  
UNDEFED   __mpu_init                    
20000270  __stack                       
00003f89  _c_int00_noargs               
000044b8  _ctypes_                      
UNDEFED   _system_post_cinit            
00004353  _system_pre_init              
00004357  abort                         
00003da1  atoi                          
ffffffff  binit                         
00001de3  buzzerPlay                    
00003925  buzzerPwmSet                  
0000422d  copysign                      
0000422d  copysignl                     
20000518  errno                         
0000320d  floor                         
0000320d  floorl                        
00003b91  frexp                         
00003b91  frexpl                        
20000000  g_pfnRAMVectors               
00000000  g_pfnVectors                  
00003001  ldexp                         
00003001  ldexpl                        
00003593  ledInit                       
00003571  ledInitForced                 
00001edb  ledPlay                       
00002ca5  ledPwmInit                    
00002d4f  ledPwmSet                     
000035a7  ledTurnOnOff                  
00001cd3  lpInit                        
00003cab  ltoa                          
00001fa1  main                          
0000415d  memccpy                       
0000360d  memcpy                        
000039db  memset                        
00003775  pbInit                        
00003741  pbInitForced                  
00003789  pbRead                        
000038d9  pwmbuzzerInit                 
00003001  scalbn                        
00003001  scalbnl                       
00001af7  schdCallback                  
00001b71  schdExecute                   
00001405  sin                           
00001405  sinl                          
000041d9  strchr                        
00004241  strlen                        
00001a5b  sysTimeGet                    
00001a61  sysTimeReached                
00001a87  sysTimeWait                   
00001aab  sysTimeWaitAbsolute           
00003445  uartGetChar                   
000033f9  uartInit                      
00003433  uartPutChar                   
00003457  uartPutString                 
00003483  uprintf                       
00003f09  vsnprintf                     
00001c75  waitMs                        
00001ca5  waitUs                        
000042c1  wcslen                        


GLOBAL SYMBOLS: SORTED BY Symbol Address 

address   name                          
-------   ----                          
00000000  __TI_static_base__            
00000000  g_pfnVectors                  
00000200  __STACK_SIZE                  
0000026d  __TI_printfi                  
00000ccb  __aeabi_idiv0                 
00000ccb  __aeabi_ldiv0                 
00000ccd  __kernel_rem_pio2             
00001405  sin                           
00001405  sinl                          
00001a5b  sysTimeGet                    
00001a61  sysTimeReached                
00001a87  sysTimeWait                   
00001aab  sysTimeWaitAbsolute           
00001af7  schdCallback                  
00001b71  schdExecute                   
00001c75  waitMs                        
00001ca5  waitUs                        
00001cd3  lpInit                        
00001de3  buzzerPlay                    
00001edb  ledPlay                       
00001fa1  main                          
00002469  __aeabi_dsub                  
00002473  __aeabi_dadd                  
00002621  __kernel_sin                  
00002795  __kernel_cos                  
00002a3d  __aeabi_ddiv                  
00002b73  GPIOPadConfigSet              
00002ca5  ledPwmInit                    
00002d4f  ledPwmSet                     
00002ef1  SysCtlClockGet                
00003001  ldexp                         
00003001  ldexpl                        
00003001  scalbn                        
00003001  scalbnl                       
00003111  __aeabi_dmul                  
0000320d  floor                         
0000320d  floorl                        
00003305  SysCtlClockSet                
000033f9  uartInit                      
00003433  uartPutChar                   
00003445  uartGetChar                   
00003457  uartPutString                 
00003483  uprintf                       
00003571  ledInitForced                 
00003593  ledInit                       
000035a7  ledTurnOnOff                  
0000360d  __aeabi_memcpy                
0000360d  __aeabi_memcpy4               
0000360d  __aeabi_memcpy8               
0000360d  memcpy                        
000036a9  __aeabi_uldivmod              
00003741  pbInitForced                  
00003775  pbInit                        
00003789  pbRead                        
000037cd  __aeabi_cdcmpeq               
000037cd  __aeabi_cdcmple               
00003853  __aeabi_cdrcmple              
000038d9  pwmbuzzerInit                 
00003925  buzzerPwmSet                  
00003959  ADCSequenceStepConfigure      
000039d3  __aeabi_memclr                
000039d3  __aeabi_memclr4               
000039d3  __aeabi_memclr8               
000039d5  __aeabi_memset                
000039d5  __aeabi_memset4               
000039d5  __aeabi_memset8               
000039db  memset                        
00003abd  ADCInit                       
00003af3  ADCsampling                   
00003b29  __TI_decompress_lzss          
00003b91  frexp                         
00003b91  frexpl                        
00003bf5  TimerConfigure                
00003cab  ltoa                          
00003d51  ADCSequenceConfigure          
00003da1  atoi                          
00003ded  GPIOPinConfigure              
00003e35  __aeabi_d2iz                  
00003e7d  UARTConfigSetExpClk           
00003ec5  __TI_auto_init_nobinit_nopinit
00003f09  vsnprintf                     
00003f89  _c_int00_noargs               
00003fc1  IntRegister                   
00003ff5  SysCtlPeripheralEnable        
00004059  ADCIntStatus                  
00004087  __aeabi_i2d                   
000040b5  GPIODirModeSet                
000040e1  UARTDisable                   
00004101  __aeabi_ui2d                  
00004121  ADCSequenceDataGet            
00004141  SysTickIntRegister            
0000415d  memccpy                       
00004179  ADCProcessorTrigger           
00004191  GPIOPinTypeGPIOOutput         
000041a9  TimerControlLevel             
000041d9  strchr                        
000041f1  SysTickEnable                 
00004205  SysTickIntEnable              
00004219  UARTEnable                    
0000422d  copysign                      
0000422d  copysignl                     
00004241  strlen                        
00004255  GPIOPinTypeGPIOInput          
00004267  GPIOPinTypeTimer              
00004279  GPIOPinTypeUART               
0000428b  TimerLoadSet                  
0000429d  TimerMatchSet                 
000042af  __TI_zero_init_nomemset       
000042c1  wcslen                        
000042d5  SysTickPeriodSet              
000042e5  ADCSequenceEnable             
000042f3  TimerEnable                   
00004301  __TI_decompress_none          
0000430f  ResetISR                      
0000431b  ADCIntClear                   
00004325  UARTCharGet                   
0000432f  UARTCharPut                   
00004339  __aeabi_errno_addr            
00004341  GPIOPinRead                   
00004347  GPIOPinWrite                  
0000434d  SysCtlDelay                   
00004353  _system_pre_init              
00004357  C$$EXIT                       
00004357  abort                         
000044b8  _ctypes_                      
000046d0  __TI_Handler_Table_Base       
000046dc  __TI_Handler_Table_Limit      
000046f0  __TI_CINIT_Base               
00004708  __TI_CINIT_Limit              
20000000  g_pfnRAMVectors               
20000270  __stack                       
20000470  __STACK_END                   
20000470  __STACK_TOP                   
20000518  errno                         
ffffffff  __TI_pprof_out_hndl           
ffffffff  __TI_prof_data_size           
ffffffff  __TI_prof_data_start          
ffffffff  __binit__                     
ffffffff  __c_args__                    
ffffffff  binit                         
UNDEFED   __mpu_init                    
UNDEFED   _system_post_cinit            

[142 symbols]
