******************************************************************************
                  TI ARM Linker Unix v18.1.3                   
******************************************************************************
>> Linked Mon Nov  5 21:53:58 2018

OUTPUT FILE NAME:   <Lab6.out>
ENTRY POINT SYMBOL: "_c_int00_noargs"  address: 00002da1


MEMORY CONFIGURATION

         name            origin    length      used     unused   attr    fill
----------------------  --------  ---------  --------  --------  ----  --------
  FLASH                 00000000   00020000  00003346  0001ccba  R  X
  SRAM                  20000000   00008000  00000714  000078ec  RW X


SEGMENT ALLOCATION MAP

run origin  load origin   length   init length attrs members
----------  ----------- ---------- ----------- ----- -------
00000000    00000000    00003348   00003348    r-x
  00000000    00000000    0000026c   0000026c    r-- .intvecs
  0000026c    0000026c    00002e8a   00002e8a    r-x .text
  000030f8    000030f8    00000200   00000200    r-- .const
  000032f8    000032f8    00000050   00000050    r-- .cinit
20000000    20000000    00000718   00000000    rw-
  20000000    20000000    0000026c   00000000    rw- .vtable
  20000270    20000270    00000400   00000000    rw- .stack
  20000670    20000670    00000088   00000000    rw- .bss
  200006f8    200006f8    00000020   00000000    rw- .data


SECTION ALLOCATION MAP

 output                                  attributes/
section   page    origin      length       input sections
--------  ----  ----------  ----------   ----------------
.intvecs   0    00000000    0000026c     
                  00000000    0000026c     tm4c123ge6pm_startup_ccs.obj (.intvecs)

.text      0    0000026c    00002e8a     
                  0000026c    00000a5e     rtsv7M4_T_le_v4SPD16_eabi.lib : _printfi.c.obj (.text:__TI_printfi)
                  00000cca    00000002                                   : div0.asm.obj (.text)
                  00000ccc    000003d0     Util.lib : launchpad.obj (.text)
                  0000109c    00000270     rtsv7M4_T_le_v4SPD16_eabi.lib : _printfi.c.obj (.text:_pconv_a)
                  0000130c    000001fc     seg7.obj (.text)
                  00001508    000001d0     rtsv7M4_T_le_v4SPD16_eabi.lib : _printfi.c.obj (.text:_pconv_g)
                  000016d8    000001b6                                   : fd_add_t2.asm.obj (.text)
                  0000188e    00000002     --HOLE-- [fill = 0]
                  00001890    0000013c                                   : _printfi.c.obj (.text:_pconv_e)
                  000019cc    00000136                                   : fd_div_t2.asm.obj (.text)
                  00001b02    00000132     driverlib.lib : gpio.obj (.text:GPIOPadConfigSet)
                  00001c34    00000120     rtsv7M4_T_le_v4SPD16_eabi.lib : _printfi.c.obj (.text:fcvt)
                  00001d54    00000110     driverlib.lib : sysctl.obj (.text:SysCtlClockGet)
                  00001e64    00000110     rtsv7M4_T_le_v4SPD16_eabi.lib : s_scalbn.c.obj (.text:scalbn)
                  00001f74    00000100     main.obj (.text)
                  00002074    000000fc     rtsv7M4_T_le_v4SPD16_eabi.lib : fd_mul_t2.asm.obj (.text)
                  00002170    000000f4     driverlib.lib : sysctl.obj (.text:SysCtlClockSet)
                  00002264    000000c4     Util.lib : uart.obj (.text)
                  00002328    000000b1     rtsv7M4_T_le_v4SPD16_eabi.lib : _printfi.c.obj (.text:_ltostr)
                  000023d9    00000003     --HOLE-- [fill = 0]
                  000023dc    0000009e     rotarya.obj (.text)
                  0000247a    00000002     --HOLE-- [fill = 0]
                  0000247c    0000009c     Util.lib : led.obj (.text)
                  00002518    0000009c     rtsv7M4_T_le_v4SPD16_eabi.lib : memcpy_t2.asm.obj (.text)
                  000025b4    00000096                                   : ull_div_t2.asm.obj (.text)
                  0000264a    00000002     --HOLE-- [fill = 0]
                  0000264c    0000008c     Util.lib : pushbutton.obj (.text)
                  000026d8    00000086     rtsv7M4_T_le_v4SPD16_eabi.lib : fd_cmp_t2.asm.obj (.text:__aeabi_cdcmple)
                  0000275e    00000086                                   : fd_cmp_t2.asm.obj (.text:__aeabi_cdrcmple)
                  000027e4    0000007a     driverlib.lib : adc.obj (.text:ADCSequenceStepConfigure)
                  0000285e    0000007a     rtsv7M4_T_le_v4SPD16_eabi.lib : memset_t2.asm.obj (.text)
                  000028d8    0000006e                                   : _printfi.c.obj (.text:_mcpy)
                  00002946    00000068                                   : copy_decompress_lzss.c.obj (.text:decompress:lzss:__TI_decompress_lzss)
                  000029ae    00000002     --HOLE-- [fill = 0]
                  000029b0    00000064                                   : s_frexp.c.obj (.text:frexp)
                  00002a14    00000056                                   : _printfi.c.obj (.text:_pconv_f)
                  00002a6a    00000054                                   : ltoa.c.obj (.text:ltoa)
                  00002abe    00000002     --HOLE-- [fill = 0]
                  00002ac0    00000054     sig7digit.obj (.text)
                  00002b14    00000052     rtsv7M4_T_le_v4SPD16_eabi.lib : _printfi.c.obj (.text:_ecpy)
                  00002b66    00000050     driverlib.lib : adc.obj (.text:ADCSequenceConfigure)
                  00002bb6    00000002     --HOLE-- [fill = 0]
                  00002bb8    0000004c     rtsv7M4_T_le_v4SPD16_eabi.lib : atoi.c.obj (.text:atoi)
                  00002c04    00000048     driverlib.lib : gpio.obj (.text:GPIOPinConfigure)
                  00002c4c    00000048     rtsv7M4_T_le_v4SPD16_eabi.lib : fd_toi_t2.asm.obj (.text)
                  00002c94    00000046     driverlib.lib : uart.obj (.text:UARTConfigSetExpClk)
                  00002cda    00000002     --HOLE-- [fill = 0]
                  00002cdc    00000044     rtsv7M4_T_le_v4SPD16_eabi.lib : autoinit.c.obj (.text:__TI_auto_init_nobinit_nopinit:__TI_auto_init_nobinit_nopinit)
                  00002d20    00000040                                   : vsnprintf.c.obj (.text:vsnprintf)
                  00002d60    0000003e                                   : _printfi.c.obj (.text:_fcpy)
                  00002d9e    00000002     --HOLE-- [fill = 0]
                  00002da0    00000038                                   : boot_cortex_m.c.obj (.text:_c_int00_noargs:_c_int00_noargs)
                  00002dd8    00000034     driverlib.lib : interrupt.obj (.text:IntRegister)
                  00002e0c    00000034                   : sysctl.obj (.text:SysCtlPeripheralEnable)
                  00002e40    00000030     rtsv7M4_T_le_v4SPD16_eabi.lib : vsnprintf.c.obj (.text:_outs)
                  00002e70    0000002e     driverlib.lib : adc.obj (.text:ADCIntStatus)
                  00002e9e    0000002e     rtsv7M4_T_le_v4SPD16_eabi.lib : i_tofd_t2.asm.obj (.text)
                  00002ecc    0000002a     driverlib.lib : gpio.obj (.text:GPIODirModeSet)
                  00002ef6    00000002     --HOLE-- [fill = 0]
                  00002ef8    00000020                   : uart.obj (.text:UARTDisable)
                  00002f18    0000001e                   : adc.obj (.text:ADCSequenceDataGet)
                  00002f36    00000002     --HOLE-- [fill = 0]
                  00002f38    0000001c                   : systick.obj (.text:SysTickIntRegister)
                  00002f54    0000001c     rtsv7M4_T_le_v4SPD16_eabi.lib : memccpy.c.obj (.text:memccpy)
                  00002f70    00000018     driverlib.lib : adc.obj (.text:ADCProcessorTrigger)
                  00002f88    00000018                   : gpio.obj (.text:GPIOPinTypeGPIOOutput)
                  00002fa0    00000018     rtsv7M4_T_le_v4SPD16_eabi.lib : vsnprintf.c.obj (.text:_outc)
                  00002fb8    00000016                                   : strchr.c.obj (.text:strchr)
                  00002fce    00000002     --HOLE-- [fill = 0]
                  00002fd0    00000014     driverlib.lib : systick.obj (.text:SysTickEnable)
                  00002fe4    00000014                   : systick.obj (.text:SysTickIntEnable)
                  00002ff8    00000014                   : uart.obj (.text:UARTEnable)
                  0000300c    00000014     rtsv7M4_T_le_v4SPD16_eabi.lib : s_copysign.c.obj (.text:copysign)
                  00003020    00000014                                   : strlen.c.obj (.text:strlen)
                  00003034    00000012     driverlib.lib : gpio.obj (.text:GPIOPinTypeGPIOInput)
                  00003046    00000012                   : gpio.obj (.text:GPIOPinTypeUART)
                  00003058    00000012     rtsv7M4_T_le_v4SPD16_eabi.lib : copy_zero_init.c.obj (.text:decompress:ZI:__TI_zero_init_nomemset:__TI_zero_init_nomemset)
                  0000306a    00000012                                   : wcslen.c.obj (.text:wcslen)
                  0000307c    00000010     driverlib.lib : systick.obj (.text:SysTickPeriodSet)
                  0000308c    0000000e                   : adc.obj (.text:ADCSequenceEnable)
                  0000309a    0000000e     rtsv7M4_T_le_v4SPD16_eabi.lib : copy_decompress_none.c.obj (.text:decompress:none:__TI_decompress_none)
                  000030a8    0000000c     tm4c123ge6pm_startup_ccs.obj (.text)
                  000030b4    0000000a     driverlib.lib : adc.obj (.text:ADCIntClear)
                  000030be    0000000a                   : uart.obj (.text:UARTCharGet)
                  000030c8    0000000a                   : uart.obj (.text:UARTCharPut)
                  000030d2    00000002     --HOLE-- [fill = 0]
                  000030d4    00000008     rtsv7M4_T_le_v4SPD16_eabi.lib : errno.c.obj (.text:__aeabi_errno_addr)
                  000030dc    00000006     driverlib.lib : gpio.obj (.text:GPIOPinRead)
                  000030e2    00000006                   : gpio.obj (.text:GPIOPinWrite)
                  000030e8    00000006                   : sysctl.obj (.text:SysCtlDelay)
                  000030ee    00000004     rtsv7M4_T_le_v4SPD16_eabi.lib : pre_init.c.obj (.text:_system_pre_init)
                  000030f2    00000004                                   : exit.c.obj (.text:abort:abort)

.const     0    000030f8    00000200     
                  000030f8    00000101     rtsv7M4_T_le_v4SPD16_eabi.lib : ctype.c.obj (.const:.string:_ctypes_)
                  000031f9    00000003     --HOLE-- [fill = 0]
                  000031fc    00000090     driverlib.lib : gpio.obj (.const:g_pui32GPIOBaseAddrs)
                  0000328c    0000006c                   : sysctl.obj (.const:g_pui32Xtals)

.cinit     0    000032f8    00000050     
                  000032f8    00000015     (.cinit..data.load) [load image, compression = lzss]
                  0000330d    00000003     --HOLE-- [fill = 0]
                  00003310    0000000c     (__TI_handler_table)
                  0000331c    00000004     --HOLE-- [fill = 0]
                  00003320    00000008     (.cinit..bss.load) [load image, compression = zero_init]
                  00003328    00000008     (.cinit..vtable.load) [load image, compression = zero_init]
                  00003330    00000018     (__TI_cinit_table)

.init_array 
*          0    00000000    00000000     UNINITIALIZED

.vtable    0    20000000    0000026c     UNINITIALIZED
                  20000000    0000026c     driverlib.lib : interrupt.obj (.vtable)

.bss       0    20000670    00000088     UNINITIALIZED
                  20000670    00000080     Util.lib : launchpad.obj (.bss:callbackHeap)
                  200006f0    00000004              : launchpad.obj (.bss)
                  200006f4    00000004     sig7digit.obj (.bss)

.data      0    200006f8    00000020     UNINITIALIZED
                  200006f8    0000000a     sig7digit.obj (.data)
                  20000702    00000001     Util.lib : led.obj (.data)
                  20000703    00000001              : pushbutton.obj (.data)
                  20000704    00000008              : launchpad.obj (.data)
                  2000070c    00000005     main.obj (.data:seg7Display)
                  20000711    00000003     --HOLE--
                  20000714    00000004     rtsv7M4_T_le_v4SPD16_eabi.lib : errno.c.obj (.data)

.stack     0    20000270    00000400     UNINITIALIZED
                  20000270    00000004     rtsv7M4_T_le_v4SPD16_eabi.lib : boot_cortex_m.c.obj (.stack)
                  20000274    000003fc     --HOLE--

MODULE SUMMARY

       Module                         code    ro data   rw data
       ------                         ----    -------   -------
    ./
       tm4c123ge6pm_startup_ccs.obj   12      620       0      
       seg7.obj                       508     0         0      
       main.obj                       256     0         5      
       rotarya.obj                    158     0         0      
       sig7digit.obj                  84      0         14     
    +--+------------------------------+-------+---------+---------+
       Total:                         1018    620       19     
                                                               
    /Applications/ti/TivaWare_C_Series-2.1.4.178/driverlib/ccs/Debug/driverlib.lib
       sysctl.obj                     574     108       0      
       interrupt.obj                  52      0         620    
       gpio.obj                       492     144       0      
       adc.obj                        326     0         0      
       uart.obj                       142     0         0      
       systick.obj                    84      0         0      
    +--+------------------------------+-------+---------+---------+
       Total:                         1670    252       620    
                                                               
    /Applications/ti/ccsv8/tools/compiler/ti-cgt-arm_18.1.3.LTS/lib/rtsv7M4_T_le_v4SPD16_eabi.lib
       _printfi.c.obj                 4863    0         0      
       fd_add_t2.asm.obj              438     0         0      
       fd_div_t2.asm.obj              310     0         0      
       s_scalbn.c.obj                 272     0         0      
       fd_cmp_t2.asm.obj              268     0         0      
       ctype.c.obj                    0       257       0      
       fd_mul_t2.asm.obj              252     0         0      
       memcpy_t2.asm.obj              156     0         0      
       ull_div_t2.asm.obj             150     0         0      
       vsnprintf.c.obj                136     0         0      
       memset_t2.asm.obj              122     0         0      
       copy_decompress_lzss.c.obj     104     0         0      
       s_frexp.c.obj                  100     0         0      
       ltoa.c.obj                     84      0         0      
       atoi.c.obj                     76      0         0      
       fd_toi_t2.asm.obj              72      0         0      
       autoinit.c.obj                 68      0         0      
       boot_cortex_m.c.obj            56      0         0      
       i_tofd_t2.asm.obj              46      0         0      
       memccpy.c.obj                  28      0         0      
       strchr.c.obj                   22      0         0      
       s_copysign.c.obj               20      0         0      
       strlen.c.obj                   20      0         0      
       copy_zero_init.c.obj           18      0         0      
       wcslen.c.obj                   18      0         0      
       copy_decompress_none.c.obj     14      0         0      
       errno.c.obj                    8       0         4      
       exit.c.obj                     4       0         0      
       pre_init.c.obj                 4       0         0      
       div0.asm.obj                   2       0         0      
    +--+------------------------------+-------+---------+---------+
       Total:                         7731    257       4      
                                                               
    /Users/chuangyizhang/Desktop/ECE 266/Util/Debug/Util.lib
       launchpad.obj                  976     0         140    
       uart.obj                       196     0         0      
       led.obj                        156     0         1      
       pushbutton.obj                 140     0         1      
    +--+------------------------------+-------+---------+---------+
       Total:                         1468    0         142    
                                                               
       Stack:                         0       0         1024   
       Linker Generated:              0       73        0      
    +--+------------------------------+-------+---------+---------+
       Grand Total:                   11887   1202      1809   


LINKER GENERATED COPY TABLES

__TI_cinit_table @ 00003330 records: 3, size/record: 8, table size: 24
	.data: load addr=000032f8, load size=00000015 bytes, run addr=200006f8, run size=00000020 bytes, compression=lzss
	.bss: load addr=00003320, load size=00000008 bytes, run addr=20000670, run size=00000088 bytes, compression=zero_init
	.vtable: load addr=00003328, load size=00000008 bytes, run addr=20000000, run size=0000026c bytes, compression=zero_init


LINKER GENERATED HANDLER TABLE

__TI_handler_table @ 00003310 records: 3, size/record: 4, table size: 12
	index: 0, handler: __TI_zero_init
	index: 1, handler: __TI_decompress_lzss
	index: 2, handler: __TI_decompress_none


GLOBAL SYMBOLS: SORTED ALPHABETICALLY BY Name 

address   name                          
-------   ----                          
000023e9  ADCInit                       
000030b5  ADCIntClear                   
00002e71  ADCIntStatus                  
00002f71  ADCProcessorTrigger           
00002b67  ADCSequenceConfigure          
00002f19  ADCSequenceDataGet            
0000308d  ADCSequenceEnable             
000027e5  ADCSequenceStepConfigure      
0000243d  ADCsampling                   
000030f3  C$$EXIT                       
00002ecd  GPIODirModeSet                
00001b03  GPIOPadConfigSet              
00002c05  GPIOPinConfigure              
000030dd  GPIOPinRead                   
00003035  GPIOPinTypeGPIOInput          
00002f89  GPIOPinTypeGPIOOutput         
00003047  GPIOPinTypeUART               
000030e3  GPIOPinWrite                  
00002dd9  IntRegister                   
000030a9  ResetISR                      
00001d55  SysCtlClockGet                
00002171  SysCtlClockSet                
000030e9  SysCtlDelay                   
00002e0d  SysCtlPeripheralEnable        
00002fd1  SysTickEnable                 
00002fe5  SysTickIntEnable              
00002f39  SysTickIntRegister            
0000307d  SysTickPeriodSet              
000030bf  UARTCharGet                   
000030c9  UARTCharPut                   
00002c95  UARTConfigSetExpClk           
00002ef9  UARTDisable                   
00002ff9  UARTEnable                    
20000670  __STACK_END                   
00000400  __STACK_SIZE                  
20000470  __STACK_TOP                   
00003330  __TI_CINIT_Base               
00003348  __TI_CINIT_Limit              
00003310  __TI_Handler_Table_Base       
0000331c  __TI_Handler_Table_Limit      
00002cdd  __TI_auto_init_nobinit_nopinit
00002947  __TI_decompress_lzss          
0000309b  __TI_decompress_none          
ffffffff  __TI_pprof_out_hndl           
0000026d  __TI_printfi                  
ffffffff  __TI_prof_data_size           
ffffffff  __TI_prof_data_start          
00000000  __TI_static_base__            
00003059  __TI_zero_init_nomemset       
000026d9  __aeabi_cdcmpeq               
000026d9  __aeabi_cdcmple               
0000275f  __aeabi_cdrcmple              
00002c4d  __aeabi_d2iz                  
000016e3  __aeabi_dadd                  
000019cd  __aeabi_ddiv                  
00002075  __aeabi_dmul                  
000016d9  __aeabi_dsub                  
000030d5  __aeabi_errno_addr            
00002e9f  __aeabi_i2d                   
00000ccb  __aeabi_idiv0                 
00000ccb  __aeabi_ldiv0                 
0000285f  __aeabi_memclr                
0000285f  __aeabi_memclr4               
0000285f  __aeabi_memclr8               
00002519  __aeabi_memcpy                
00002519  __aeabi_memcpy4               
00002519  __aeabi_memcpy8               
00002861  __aeabi_memset                
00002861  __aeabi_memset4               
00002861  __aeabi_memset8               
000025b5  __aeabi_uldivmod              
ffffffff  __binit__                     
ffffffff  __c_args__                    
UNDEFED   __mpu_init                    
20000270  __stack                       
00002da1  _c_int00_noargs               
000030f8  _ctypes_                      
UNDEFED   _system_post_cinit            
000030ef  _system_pre_init              
000030f3  abort                         
00002bb9  atoi                          
ffffffff  binit                         
0000300d  copysign                      
0000300d  copysignl                     
20000714  errno                         
000029b1  frexp                         
000029b1  frexpl                        
20000000  g_pfnRAMVectors               
00000000  g_pfnVectors                  
00001e65  ldexp                         
00001e65  ldexpl                        
0000249f  ledInit                       
0000247d  ledInitForced                 
000024b3  ledTurnOnOff                  
00000fd7  lpInit                        
00002a6b  ltoa                          
00002011  main                          
00002f55  memccpy                       
00002519  memcpy                        
00002867  memset                        
00002681  pbInit                        
0000264d  pbInitForced                  
00002695  pbRead                        
00001e65  scalbn                        
00001e65  scalbnl                       
00000dfb  schdCallback                  
00000e75  schdExecute                   
00002ac9  seg7DigitUpdate               
2000070c  seg7Display                   
0000130d  seg7Init                      
00001499  seg7Update                    
00002fb9  strchr                        
00003021  strlen                        
00000d5f  sysTimeGet                    
00000d65  sysTimeReached                
00000d8b  sysTimeWait                   
00000daf  sysTimeWaitAbsolute           
000022b1  uartGetChar                   
00002265  uartInit                      
0000229f  uartPutChar                   
000022c3  uartPutString                 
00001f75  update                        
000022ef  uprintf                       
00002d21  vsnprintf                     
00000f79  waitMs                        
00000fa9  waitUs                        
0000306b  wcslen                        


GLOBAL SYMBOLS: SORTED BY Symbol Address 

address   name                          
-------   ----                          
00000000  __TI_static_base__            
00000000  g_pfnVectors                  
0000026d  __TI_printfi                  
00000400  __STACK_SIZE                  
00000ccb  __aeabi_idiv0                 
00000ccb  __aeabi_ldiv0                 
00000d5f  sysTimeGet                    
00000d65  sysTimeReached                
00000d8b  sysTimeWait                   
00000daf  sysTimeWaitAbsolute           
00000dfb  schdCallback                  
00000e75  schdExecute                   
00000f79  waitMs                        
00000fa9  waitUs                        
00000fd7  lpInit                        
0000130d  seg7Init                      
00001499  seg7Update                    
000016d9  __aeabi_dsub                  
000016e3  __aeabi_dadd                  
000019cd  __aeabi_ddiv                  
00001b03  GPIOPadConfigSet              
00001d55  SysCtlClockGet                
00001e65  ldexp                         
00001e65  ldexpl                        
00001e65  scalbn                        
00001e65  scalbnl                       
00001f75  update                        
00002011  main                          
00002075  __aeabi_dmul                  
00002171  SysCtlClockSet                
00002265  uartInit                      
0000229f  uartPutChar                   
000022b1  uartGetChar                   
000022c3  uartPutString                 
000022ef  uprintf                       
000023e9  ADCInit                       
0000243d  ADCsampling                   
0000247d  ledInitForced                 
0000249f  ledInit                       
000024b3  ledTurnOnOff                  
00002519  __aeabi_memcpy                
00002519  __aeabi_memcpy4               
00002519  __aeabi_memcpy8               
00002519  memcpy                        
000025b5  __aeabi_uldivmod              
0000264d  pbInitForced                  
00002681  pbInit                        
00002695  pbRead                        
000026d9  __aeabi_cdcmpeq               
000026d9  __aeabi_cdcmple               
0000275f  __aeabi_cdrcmple              
000027e5  ADCSequenceStepConfigure      
0000285f  __aeabi_memclr                
0000285f  __aeabi_memclr4               
0000285f  __aeabi_memclr8               
00002861  __aeabi_memset                
00002861  __aeabi_memset4               
00002861  __aeabi_memset8               
00002867  memset                        
00002947  __TI_decompress_lzss          
000029b1  frexp                         
000029b1  frexpl                        
00002a6b  ltoa                          
00002ac9  seg7DigitUpdate               
00002b67  ADCSequenceConfigure          
00002bb9  atoi                          
00002c05  GPIOPinConfigure              
00002c4d  __aeabi_d2iz                  
00002c95  UARTConfigSetExpClk           
00002cdd  __TI_auto_init_nobinit_nopinit
00002d21  vsnprintf                     
00002da1  _c_int00_noargs               
00002dd9  IntRegister                   
00002e0d  SysCtlPeripheralEnable        
00002e71  ADCIntStatus                  
00002e9f  __aeabi_i2d                   
00002ecd  GPIODirModeSet                
00002ef9  UARTDisable                   
00002f19  ADCSequenceDataGet            
00002f39  SysTickIntRegister            
00002f55  memccpy                       
00002f71  ADCProcessorTrigger           
00002f89  GPIOPinTypeGPIOOutput         
00002fb9  strchr                        
00002fd1  SysTickEnable                 
00002fe5  SysTickIntEnable              
00002ff9  UARTEnable                    
0000300d  copysign                      
0000300d  copysignl                     
00003021  strlen                        
00003035  GPIOPinTypeGPIOInput          
00003047  GPIOPinTypeUART               
00003059  __TI_zero_init_nomemset       
0000306b  wcslen                        
0000307d  SysTickPeriodSet              
0000308d  ADCSequenceEnable             
0000309b  __TI_decompress_none          
000030a9  ResetISR                      
000030b5  ADCIntClear                   
000030bf  UARTCharGet                   
000030c9  UARTCharPut                   
000030d5  __aeabi_errno_addr            
000030dd  GPIOPinRead                   
000030e3  GPIOPinWrite                  
000030e9  SysCtlDelay                   
000030ef  _system_pre_init              
000030f3  C$$EXIT                       
000030f3  abort                         
000030f8  _ctypes_                      
00003310  __TI_Handler_Table_Base       
0000331c  __TI_Handler_Table_Limit      
00003330  __TI_CINIT_Base               
00003348  __TI_CINIT_Limit              
20000000  g_pfnRAMVectors               
20000270  __stack                       
20000470  __STACK_TOP                   
20000670  __STACK_END                   
2000070c  seg7Display                   
20000714  errno                         
ffffffff  __TI_pprof_out_hndl           
ffffffff  __TI_prof_data_size           
ffffffff  __TI_prof_data_start          
ffffffff  __binit__                     
ffffffff  __c_args__                    
ffffffff  binit                         
UNDEFED   __mpu_init                    
UNDEFED   _system_post_cinit            

[127 symbols]
